<html>
<body>
<pre>
<h1>µVision Build Log</h1>
<h2>Tool Versions:</h2>
IDE-Version: ¦ÌVision V5.25.3.0
Copyright (C) 2018 ARM Ltd and ARM Germany GmbH. All rights reserved.
License Information: zhou jian, huazhong, LIC=NQQMA-13SSZ-8TU3P-M9GHA-TQ56W-SQ02N
 
Tool Versions:
Toolchain:       MDK-ARM Plus  Version: 5.36.0.0
Toolchain Path:  D:\Keil5\ARM\ARMCC\Bin
C Compiler:      Armcc.exe V5.06 update 7 (build 960)
Assembler:       Armasm.exe V5.06 update 7 (build 960)
Linker/Locator:  ArmLink.exe V5.06 update 7 (build 960)
Library Manager: ArmAr.exe V5.06 update 7 (build 960)
Hex Converter:   FromElf.exe V5.06 update 7 (build 960)
CPU DLL:         SARMCM3.DLL V5.36.0.0
Dialog DLL:      DARMCM1.DLL V1.19.4.0
Target DLL:      Segger\JL2CM3.dll V2.99.29.0
Dialog DLL:      TARMCM1.DLL V1.14.4.0
 
<h2>Project:</h2>
C:\Users\jian123\Desktop\wheel-leg-20230522\Gimbal_IMU_temp\MDK-ARM\IMU_2022.uvprojx
Project File Date:  05/09/2023

<h2>Output:</h2>
*** Using Compiler 'V5.06 update 7 (build 960)', folder: 'D:\Keil5\ARM\ARMCC\Bin'
Build target 'IMU_2022'
compiling icm.c...
..\MDK-ARM\icm.h(150): warning:  #1-D: last line of file ends without a newline
  #endif
..\MDK-ARM\TempControl.h(37): warning:  #1295-D: Deprecated declaration Temp_init - give arg types
  void Temp_init();
..\MDK-ARM\TempControl.h(38): warning:  #1295-D: Deprecated declaration TempControl - give arg types
  void TempControl();
..\MDK-ARM\TempControl.h(39): warning:  #1-D: last line of file ends without a newline
  #endif
..\MDK-ARM\Kalman_Filter.h(11): warning:  #1-D: last line of file ends without a newline
  #endif
icm.c(314): warning:  #177-D: variable "i"  was declared but never referenced
  	int i;
icm.c(315): warning:  #177-D: variable "gyro"  was declared but never referenced
  	int16_t gyro[3] = {0, 0, 0}, acc[3] = {0, 0, 0};
icm.c(315): warning:  #177-D: variable "acc"  was declared but never referenced
  	int16_t gyro[3] = {0, 0, 0}, acc[3] = {0, 0, 0};
icm.c(316): warning:  #177-D: variable "gyro_sum"  was declared but never referenced
  	int16_t gyro_sum[3] = {0, 0, 0}, acc_sum[3] = {0, 0, 0};
icm.c(316): warning:  #177-D: variable "acc_sum"  was declared but never referenced
  	int16_t gyro_sum[3] = {0, 0, 0}, acc_sum[3] = {0, 0, 0};
icm.c: 10 warnings, 0 errors
linking...
Program Size: Code=17664 RO-data=1052 RW-data=348 ZI-data=1740  
FromELF: creating hex file...
"IMU_2022\IMU_2022.axf" - 0 Error(s), 10 Warning(s).

<h2>Software Packages used:</h2>

Package Vendor: ARM
                http://www.keil.com/pack/ARM.CMSIS.5.8.0.pack
                ARM.CMSIS.5.8.0
                CMSIS (Common Microcontroller Software Interface Standard)
   * Component: CORE Version: 5.5.0

Package Vendor: Keil
                http://www.keil.com/pack/Keil.STM32F0xx_DFP.2.1.0.pack
                Keil.STM32F0xx_DFP.2.1.0
                STMicroelectronics STM32F0 Series Device Support, Drivers and Examples

<h2>Collection of Component include folders:</h2>
  .\RTE\_IMU_2022
  D:\Keil5\ARM\PACK\ARM\CMSIS\5.8.0\CMSIS\Core\Include
  D:\Keil5\ARM\PACK\Keil\STM32F0xx_DFP\2.1.0\Drivers\CMSIS\Device\ST\STM32F0xx\Include

<h2>Collection of Component Files used:</h2>

   * Component: ARM::CMSIS:CORE:5.5.0
Build Time Elapsed:  00:00:01
</pre>
</body>
</html>
