Component: ARM Compiler 5.06 update 7 (build 960) Tool: armlink [4d3601]

==============================================================================

Section Cross References

    startup_stm32f042x6.o(RESET) refers to startup_stm32f042x6.o(STACK) for __initial_sp
    startup_stm32f042x6.o(RESET) refers to startup_stm32f042x6.o(.text) for Reset_Handler
    startup_stm32f042x6.o(RESET) refers to stm32f0xx_it.o(i.NMI_Handler) for NMI_Handler
    startup_stm32f042x6.o(RESET) refers to stm32f0xx_it.o(i.HardFault_Handler) for HardFault_Handler
    startup_stm32f042x6.o(RESET) refers to stm32f0xx_it.o(i.SVC_Handler) for SVC_Handler
    startup_stm32f042x6.o(RESET) refers to stm32f0xx_it.o(i.PendSV_Handler) for PendSV_Handler
    startup_stm32f042x6.o(RESET) refers to stm32f0xx_it.o(i.SysTick_Handler) for SysTick_Handler
    startup_stm32f042x6.o(RESET) refers to stm32f0xx_it.o(i.DMA1_Channel2_3_IRQHandler) for DMA1_Channel2_3_IRQHandler
    startup_stm32f042x6.o(RESET) refers to stm32f0xx_it.o(i.DMA1_Channel4_5_IRQHandler) for DMA1_Channel4_5_IRQHandler
    startup_stm32f042x6.o(RESET) refers to stm32f0xx_it.o(i.USART1_IRQHandler) for USART1_IRQHandler
    startup_stm32f042x6.o(.text) refers to startup_stm32f042x6.o(STACK) for __initial_sp
    startup_stm32f042x6.o(.text) refers to system_stm32f0xx.o(i.SystemInit) for SystemInit
    startup_stm32f042x6.o(.text) refers to entry.o(.ARM.Collect$$$$00000000) for __main
    icm.o(i.icm20602_get_accel) refers to icm.o(i.icm20602_get_accel_adc) for icm20602_get_accel_adc
    icm.o(i.icm20602_get_accel) refers to fflti.o(.text) for __aeabi_i2f
    icm.o(i.icm20602_get_accel) refers to fmul.o(.text) for __aeabi_fmul
    icm.o(i.icm20602_get_accel) refers to main.o(.data) for acc_bias
    icm.o(i.icm20602_get_accel) refers to icm.o(.data) for _accel_scale
    icm.o(i.icm20602_get_accel_adc) refers to icm.o(i.icm20602_read_buffer) for icm20602_read_buffer
    icm.o(i.icm20602_get_gyro) refers to icm.o(i.icm20602_get_gyro_adc) for icm20602_get_gyro_adc
    icm.o(i.icm20602_get_gyro) refers to idiv.o(.text) for __aeabi_idivmod
    icm.o(i.icm20602_get_gyro) refers to fflti.o(.text) for __aeabi_i2f
    icm.o(i.icm20602_get_gyro) refers to fmul.o(.text) for __aeabi_fmul
    icm.o(i.icm20602_get_gyro) refers to main.o(.data) for gyro_bias
    icm.o(i.icm20602_get_gyro) refers to icm.o(.data) for DeadZone
    icm.o(i.icm20602_get_gyro_LP) refers to icm.o(i.icm20602_get_gyro_adc) for icm20602_get_gyro_adc
    icm.o(i.icm20602_get_gyro_LP) refers to fflti.o(.text) for __aeabi_i2f
    icm.o(i.icm20602_get_gyro_LP) refers to fmul.o(.text) for __aeabi_fmul
    icm.o(i.icm20602_get_gyro_LP) refers to fadd.o(.text) for __aeabi_fadd
    icm.o(i.icm20602_get_gyro_LP) refers to icm.o(.data) for _gyro_scale
    icm.o(i.icm20602_get_gyro_adc) refers to icm.o(i.icm20602_read_buffer) for icm20602_read_buffer
    icm.o(i.icm20602_get_gyro_adc) refers to icm.o(.data) for test_gyro
    icm.o(i.icm20602_get_temp) refers to icm.o(i.icm20602_read_buffer) for icm20602_read_buffer
    icm.o(i.icm20602_get_temp) refers to fflti.o(.text) for __aeabi_i2f
    icm.o(i.icm20602_get_temp) refers to fdiv.o(.text) for __aeabi_fdiv
    icm.o(i.icm20602_get_temp) refers to fadd.o(.text) for __aeabi_fadd
    icm.o(i.icm20602_init) refers to icm.o(i.icm20602_write_reg) for icm20602_write_reg
    icm.o(i.icm20602_init) refers to stm32f0xx_hal.o(i.HAL_Delay) for HAL_Delay
    icm.o(i.icm20602_init) refers to icm.o(i.icm20602_read_reg) for icm20602_read_reg
    icm.o(i.icm20602_init) refers to icm.o(i.icm20602_set_accel_fullscale) for icm20602_set_accel_fullscale
    icm.o(i.icm20602_init) refers to icm.o(i.icm20602_set_gyro_fullscale) for icm20602_set_gyro_fullscale
    icm.o(i.icm20602_init) refers to icm.o(.data) for id
    icm.o(i.icm20602_read_buffer) refers to stm32f0xx_hal_gpio.o(i.HAL_GPIO_WritePin) for HAL_GPIO_WritePin
    icm.o(i.icm20602_read_buffer) refers to stm32f0xx_hal_spi.o(i.HAL_SPI_Transmit) for HAL_SPI_Transmit
    icm.o(i.icm20602_read_buffer) refers to stm32f0xx_hal_spi.o(i.HAL_SPI_Receive) for HAL_SPI_Receive
    icm.o(i.icm20602_read_buffer) refers to spi.o(.bss) for hspi1
    icm.o(i.icm20602_read_reg) refers to stm32f0xx_hal_gpio.o(i.HAL_GPIO_WritePin) for HAL_GPIO_WritePin
    icm.o(i.icm20602_read_reg) refers to stm32f0xx_hal_spi.o(i.HAL_SPI_Transmit) for HAL_SPI_Transmit
    icm.o(i.icm20602_read_reg) refers to stm32f0xx_hal_spi.o(i.HAL_SPI_Receive) for HAL_SPI_Receive
    icm.o(i.icm20602_read_reg) refers to spi.o(.bss) for hspi1
    icm.o(i.icm20602_set_accel_fullscale) refers to fmul.o(.text) for __aeabi_fmul
    icm.o(i.icm20602_set_accel_fullscale) refers to icm.o(i.icm20602_write_reg) for icm20602_write_reg
    icm.o(i.icm20602_set_accel_fullscale) refers to icm.o(.data) for _accel_scale
    icm.o(i.icm20602_set_gyro_fullscale) refers to fmul.o(.text) for __aeabi_fmul
    icm.o(i.icm20602_set_gyro_fullscale) refers to icm.o(i.icm20602_write_reg) for icm20602_write_reg
[...]
    Removing stm32f0xx_hal_uart.o(i.HAL_UART_EnableReceiverTimeout), (68 bytes).
    Removing stm32f0xx_hal_uart.o(i.HAL_UART_GetError), (8 bytes).
    Removing stm32f0xx_hal_uart.o(i.HAL_UART_GetState), (14 bytes).
    Removing stm32f0xx_hal_uart.o(i.HAL_UART_MspDeInit), (2 bytes).
    Removing stm32f0xx_hal_uart.o(i.HAL_UART_MspInit), (2 bytes).
    Removing stm32f0xx_hal_uart.o(i.HAL_UART_Receive), (336 bytes).
    Removing stm32f0xx_hal_uart.o(i.HAL_UART_Receive_DMA), (126 bytes).
    Removing stm32f0xx_hal_uart.o(i.HAL_UART_Receive_IT), (126 bytes).
    Removing stm32f0xx_hal_uart.o(i.HAL_UART_ReceiverTimeout_Config), (16 bytes).
    Removing stm32f0xx_hal_uart.o(i.HAL_UART_RxCpltCallback), (2 bytes).
    Removing stm32f0xx_hal_uart.o(i.HAL_UART_RxHalfCpltCallback), (2 bytes).
    Removing stm32f0xx_hal_uart.o(i.HAL_UART_Transmit), (232 bytes).
    Removing stm32f0xx_hal_uart.o(i.HAL_UART_Transmit_IT), (156 bytes).
    Removing stm32f0xx_hal_uart.o(i.UART_DMAReceiveCplt), (198 bytes).
    Removing stm32f0xx_hal_uart.o(i.UART_DMARxAbortCallback), (84 bytes).
    Removing stm32f0xx_hal_uart.o(i.UART_DMARxHalfCplt), (38 bytes).
    Removing stm32f0xx_hal_uart.o(i.UART_DMARxOnlyAbortCallback), (48 bytes).
    Removing stm32f0xx_hal_uart.o(i.UART_DMATxAbortCallback), (72 bytes).
    Removing stm32f0xx_hal_uart.o(i.UART_DMATxOnlyAbortCallback), (24 bytes).
    Removing stm32f0xx_hal_uart.o(i.UART_RxISR_16BIT), (282 bytes).
    Removing stm32f0xx_hal_uart.o(i.UART_RxISR_8BIT), (282 bytes).
    Removing stm32f0xx_hal_uart.o(i.UART_Start_Receive_DMA), (220 bytes).
    Removing stm32f0xx_hal_uart.o(i.UART_Start_Receive_IT), (288 bytes).
    Removing stm32f0xx_hal_uart.o(i.UART_TxISR_16BIT), (118 bytes).
    Removing stm32f0xx_hal_uart.o(i.UART_TxISR_8BIT), (114 bytes).
    Removing stm32f0xx_hal_uart_ex.o(.rev16_text), (4 bytes).
    Removing stm32f0xx_hal_uart_ex.o(.revsh_text), (4 bytes).
    Removing stm32f0xx_hal_uart_ex.o(i.HAL_MultiProcessorEx_AddressLength_Set), (64 bytes).
    Removing stm32f0xx_hal_uart_ex.o(i.HAL_RS485Ex_Init), (156 bytes).
    Removing stm32f0xx_hal_uart_ex.o(i.HAL_UARTEx_DisableStopMode), (74 bytes).
    Removing stm32f0xx_hal_uart_ex.o(i.HAL_UARTEx_EnableStopMode), (74 bytes).
    Removing stm32f0xx_hal_uart_ex.o(i.HAL_UARTEx_GetRxEventType), (6 bytes).
    Removing stm32f0xx_hal_uart_ex.o(i.HAL_UARTEx_ReceiveToIdle), (424 bytes).
    Removing stm32f0xx_hal_uart_ex.o(i.HAL_UARTEx_ReceiveToIdle_DMA), (136 bytes).
    Removing stm32f0xx_hal_uart_ex.o(i.HAL_UARTEx_ReceiveToIdle_IT), (136 bytes).
    Removing stm32f0xx_hal_uart_ex.o(i.HAL_UARTEx_StopModeWakeUpSourceConfig), (148 bytes).
    Removing stm32f0xx_hal_uart_ex.o(i.UARTEx_Wakeup_AddressConfig), (42 bytes).
    Removing stm32f0xx_hal_uart_ex.o(i.__get_PRIMASK), (6 bytes).
    Removing stm32f0xx_hal_uart_ex.o(i.__set_PRIMASK), (6 bytes).
    Removing system_stm32f0xx.o(.rev16_text), (4 bytes).
    Removing system_stm32f0xx.o(.revsh_text), (4 bytes).
    Removing system_stm32f0xx.o(i.SystemCoreClockUpdate), (208 bytes).
    Removing fusionahrs.o(i.FusionAhrsGetEarthAcceleration), (390 bytes).
    Removing fusionahrs.o(i.FusionAhrsGetLinearAcceleration), (14 bytes).
    Removing fusionahrs.o(i.FusionAhrsGetQuaternion), (72 bytes).
    Removing fusionahrs.o(i.FusionAhrsInitialise), (80 bytes).
    Removing fusionahrs.o(i.FusionAhrsIsInitialising), (22 bytes).
    Removing fusionahrs.o(i.FusionAhrsReinitialise), (68 bytes).
    Removing fusionahrs.o(i.FusionAhrsSetGain), (4 bytes).
    Removing fusionahrs.o(i.FusionAhrsSetMagneticField), (30 bytes).
    Removing fusionahrs.o(i.FusionAhrsSetYaw), (788 bytes).
    Removing fusionahrs.o(i.FusionAhrsUpdate), (2900 bytes).
    Removing fusionahrs.o(i.FusionAhrsUpdateWithoutMagnetometer), (92 bytes).
    Removing fusionahrs.o(.constdata), (32 bytes).
    Removing fusionbias.o(i.FusionBiasInitialise), (76 bytes).
    Removing fusionbias.o(i.FusionBiasIsActive), (28 bytes).
    Removing fusionbias.o(i.FusionBiasUpdate), (368 bytes).
    Removing fusioncompass.o(i.FusionCompassCalculateHeading), (788 bytes).
    Removing dmul.o(.text), (208 bytes).
    Removing ffltui.o(.text), (14 bytes).
    Removing fsqrt.o(.text), (88 bytes).
    Removing frnd.o(.text), (62 bytes).
    Removing fscalb.o(.text), (24 bytes).
    Removing stm32f0xx_hal_dma.o(i.__ARM_common_switch8), (28 bytes).

566 unused section(s) (total 66168 bytes) removed from the image.

==============================================================================

Image Symbol Table

    Local Symbols

    Symbol Name                              Value     Ov Type        Size  Object(Section)

    ../Core/Src/dma.c                        0x00000000   Number         0  dma.o ABSOLUTE
    ../Core/Src/gpio.c                       0x00000000   Number         0  gpio.o ABSOLUTE
    ../Core/Src/main.c                       0x00000000   Number         0  main.o ABSOLUTE
    ../Core/Src/spi.c                        0x00000000   Number         0  spi.o ABSOLUTE
    ../Core/Src/stm32f0xx_hal_msp.c          0x00000000   Number         0  stm32f0xx_hal_msp.o ABSOLUTE
    ../Core/Src/stm32f0xx_it.c               0x00000000   Number         0  stm32f0xx_it.o ABSOLUTE
    ../Core/Src/system_stm32f0xx.c           0x00000000   Number         0  system_stm32f0xx.o ABSOLUTE
    ../Core/Src/tim.c                        0x00000000   Number         0  tim.o ABSOLUTE
    ../Core/Src/usart.c                      0x00000000   Number         0  usart.o ABSOLUTE
    ../Drivers/STM32F0xx_HAL_Driver/Src/stm32f0xx_hal.c 0x00000000   Number         0  stm32f0xx_hal.o ABSOLUTE
    ../Drivers/STM32F0xx_HAL_Driver/Src/stm32f0xx_hal_cortex.c 0x00000000   Number         0  stm32f0xx_hal_cortex.o ABSOLUTE
    ../Drivers/STM32F0xx_HAL_Driver/Src/stm32f0xx_hal_dma.c 0x00000000   Number         0  stm32f0xx_hal_dma.o ABSOLUTE
    ../Drivers/STM32F0xx_HAL_Driver/Src/stm32f0xx_hal_exti.c 0x00000000   Number         0  stm32f0xx_hal_exti.o ABSOLUTE
    ../Drivers/STM32F0xx_HAL_Driver/Src/stm32f0xx_hal_flash.c 0x00000000   Number         0  stm32f0xx_hal_flash.o ABSOLUTE
    ../Drivers/STM32F0xx_HAL_Driver/Src/stm32f0xx_hal_flash_ex.c 0x00000000   Number         0  stm32f0xx_hal_flash_ex.o ABSOLUTE
    ../Drivers/STM32F0xx_HAL_Driver/Src/stm32f0xx_hal_gpio.c 0x00000000   Number         0  stm32f0xx_hal_gpio.o ABSOLUTE
    ../Drivers/STM32F0xx_HAL_Driver/Src/stm32f0xx_hal_i2c.c 0x00000000   Number         0  stm32f0xx_hal_i2c.o ABSOLUTE
    ../Drivers/STM32F0xx_HAL_Driver/Src/stm32f0xx_hal_i2c_ex.c 0x00000000   Number         0  stm32f0xx_hal_i2c_ex.o ABSOLUTE
    ../Drivers/STM32F0xx_HAL_Driver/Src/stm32f0xx_hal_pwr.c 0x00000000   Number         0  stm32f0xx_hal_pwr.o ABSOLUTE
    ../Drivers/STM32F0xx_HAL_Driver/Src/stm32f0xx_hal_pwr_ex.c 0x00000000   Number         0  stm32f0xx_hal_pwr_ex.o ABSOLUTE
    ../Drivers/STM32F0xx_HAL_Driver/Src/stm32f0xx_hal_rcc.c 0x00000000   Number         0  stm32f0xx_hal_rcc.o ABSOLUTE
    ../Drivers/STM32F0xx_HAL_Driver/Src/stm32f0xx_hal_rcc_ex.c 0x00000000   Number         0  stm32f0xx_hal_rcc_ex.o ABSOLUTE
    ../Drivers/STM32F0xx_HAL_Driver/Src/stm32f0xx_hal_spi.c 0x00000000   Number         0  stm32f0xx_hal_spi.o ABSOLUTE
    ../Drivers/STM32F0xx_HAL_Driver/Src/stm32f0xx_hal_spi_ex.c 0x00000000   Number         0  stm32f0xx_hal_spi_ex.o ABSOLUTE
    ../Drivers/STM32F0xx_HAL_Driver/Src/stm32f0xx_hal_tim.c 0x00000000   Number         0  stm32f0xx_hal_tim.o ABSOLUTE
    ../Drivers/STM32F0xx_HAL_Driver/Src/stm32f0xx_hal_tim_ex.c 0x00000000   Number         0  stm32f0xx_hal_tim_ex.o ABSOLUTE
    ../Drivers/STM32F0xx_HAL_Driver/Src/stm32f0xx_hal_uart.c 0x00000000   Number         0  stm32f0xx_hal_uart.o ABSOLUTE
    ../Drivers/STM32F0xx_HAL_Driver/Src/stm32f0xx_hal_uart_ex.c 0x00000000   Number         0  stm32f0xx_hal_uart_ex.o ABSOLUTE
    ../clib/../cmprslib/zerorunl.c           0x00000000   Number         0  __dczerorl.o ABSOLUTE
    ../clib/microlib/division.c              0x00000000   Number         0  uidiv.o ABSOLUTE
    ../clib/microlib/division.c              0x00000000   Number         0  idiv.o ABSOLUTE
    ../clib/microlib/division.c              0x00000000   Number         0  uldiv.o ABSOLUTE
    ../clib/microlib/errno.c                 0x00000000   Number         0  errno.o ABSOLUTE
    ../clib/microlib/init/entry.s            0x00000000   Number         0  entry12a.o ABSOLUTE
    ../clib/microlib/init/entry.s            0x00000000   Number         0  entry11b.o ABSOLUTE
    ../clib/microlib/init/entry.s            0x00000000   Number         0  entry11a.o ABSOLUTE
    ../clib/microlib/init/entry.s            0x00000000   Number         0  entry10b.o ABSOLUTE
    ../clib/microlib/init/entry.s            0x00000000   Number         0  entry10a.o ABSOLUTE
    ../clib/microlib/init/entry.s            0x00000000   Number         0  entry9b.o ABSOLUTE
    ../clib/microlib/init/entry.s            0x00000000   Number         0  entry8b.o ABSOLUTE
    ../clib/microlib/init/entry.s            0x00000000   Number         0  entry8a.o ABSOLUTE
    ../clib/microlib/init/entry.s            0x00000000   Number         0  entry7a.o ABSOLUTE
    ../clib/microlib/init/entry.s            0x00000000   Number         0  entry7b.o ABSOLUTE
    ../clib/microlib/init/entry.s            0x00000000   Number         0  entry5.o ABSOLUTE
    ../clib/microlib/init/entry.s            0x00000000   Number         0  entry2.o ABSOLUTE
    ../clib/microlib/init/entry.s            0x00000000   Number         0  entry.o ABSOLUTE
    ../clib/microlib/init/entry.s            0x00000000   Number         0  entry9a.o ABSOLUTE
    ../clib/microlib/init/entry.s            0x00000000   Number         0  entry12b.o ABSOLUTE
    ../clib/microlib/longlong.c              0x00000000   Number         0  llshl.o ABSOLUTE
    ../clib/microlib/longlong.c              0x00000000   Number         0  llushr.o ABSOLUTE
    ../clib/microlib/string/memcpy.c         0x00000000   Number         0  memcpya.o ABSOLUTE
    ../clib/microlib/string/memcpy.c         0x00000000   Number         0  memcpyb.o ABSOLUTE
    ../clib/microlib/string/memset.c         0x00000000   Number         0  memseta.o ABSOLUTE
    ../clib/microlib/stubs.s                 0x00000000   Number         0  iusefp.o ABSOLUTE
    ../fplib/microlib/d2f.c                  0x00000000   Number         0  d2f.o ABSOLUTE
    ../fplib/microlib/f2d.c                  0x00000000   Number         0  f2d.o ABSOLUTE
    ../fplib/microlib/fpadd.c                0x00000000   Number         0  fadd.o ABSOLUTE
    ../fplib/microlib/fpdiv.c                0x00000000   Number         0  fdiv.o ABSOLUTE
    ../fplib/microlib/fpepilogue.c           0x00000000   Number         0  depilogue.o ABSOLUTE
    ../fplib/microlib/fpepilogue.c           0x00000000   Number         0  fepilogue.o ABSOLUTE
    ../fplib/microlib/fpfix.c                0x00000000   Number         0  ffixi.o ABSOLUTE
    ../fplib/microlib/fpflt.c                0x00000000   Number         0  fflti.o ABSOLUTE
    ../fplib/microlib/fpflt.c                0x00000000   Number         0  ffltui.o ABSOLUTE
    ../fplib/microlib/fpmul.c                0x00000000   Number         0  dmul.o ABSOLUTE
    ../fplib/microlib/fpmul.c                0x00000000   Number         0  fmul.o ABSOLUTE
    ../fplib/microlib/fprnd.c                0x00000000   Number         0  frnd.o ABSOLUTE
    ../fplib/microlib/fpscalb.c              0x00000000   Number         0  fscalb.o ABSOLUTE
    ../fplib/microlib/fpsqrt.c               0x00000000   Number         0  fsqrt.o ABSOLUTE
    ../fplib/microlib/fpsqrt.c               0x00000000   Number         0  dsqrt.o ABSOLUTE
    ../mathlib/atan2f.c                      0x00000000   Number         0  atan2f.o ABSOLUTE
    ../mathlib/atan2f.c                      0x00000000   Number         0  atan2f_x.o ABSOLUTE
    ../mathlib/cosf.c                        0x00000000   Number         0  cosf.o ABSOLUTE
    ../mathlib/cosf.c                        0x00000000   Number         0  cosf_x.o ABSOLUTE
    ../mathlib/fpclassifyf.c                 0x00000000   Number         0  fpclassifyf.o ABSOLUTE
    ../mathlib/funder.c                      0x00000000   Number         0  funder.o ABSOLUTE
    ../mathlib/rredf.c                       0x00000000   Number         0  rredf.o ABSOLUTE
    ../mathlib/sinf.c                        0x00000000   Number         0  sinf_x.o ABSOLUTE
    ../mathlib/sinf.c                        0x00000000   Number         0  sinf.o ABSOLUTE
    ../mathlib/sqrt.c                        0x00000000   Number         0  sqrt.o ABSOLUTE
    ../mathlib/sqrt.c                        0x00000000   Number         0  sqrt_x.o ABSOLUTE
    ../mathlib/sqrtf.c                       0x00000000   Number         0  sqrtf.o ABSOLUTE
    ../mathlib/sqrtf.c                       0x00000000   Number         0  sqrtf_x.o ABSOLUTE
    ..\Core\Src\algorithmOfCRC.c             0x00000000   Number         0  algorithmofcrc.o ABSOLUTE
    ..\Core\Src\dma.c                        0x00000000   Number         0  dma.o ABSOLUTE
    ..\Core\Src\gpio.c                       0x00000000   Number         0  gpio.o ABSOLUTE
    ..\Core\Src\main.c                       0x00000000   Number         0  main.o ABSOLUTE
    ..\Core\Src\spi.c                        0x00000000   Number         0  spi.o ABSOLUTE
    ..\Core\Src\stm32f0xx_hal_msp.c          0x00000000   Number         0  stm32f0xx_hal_msp.o ABSOLUTE
    ..\Core\Src\stm32f0xx_it.c               0x00000000   Number         0  stm32f0xx_it.o ABSOLUTE
    ..\Core\Src\system_stm32f0xx.c           0x00000000   Number         0  system_stm32f0xx.o ABSOLUTE
    ..\Core\Src\tim.c                        0x00000000   Number         0  tim.o ABSOLUTE
    ..\Core\Src\usart.c                      0x00000000   Number         0  usart.o ABSOLUTE
    ..\Drivers\STM32F0xx_HAL_Driver\Src\stm32f0xx_hal.c 0x00000000   Number         0  stm32f0xx_hal.o ABSOLUTE
    ..\Drivers\STM32F0xx_HAL_Driver\Src\stm32f0xx_hal_cortex.c 0x00000000   Number         0  stm32f0xx_hal_cortex.o ABSOLUTE
    ..\Drivers\STM32F0xx_HAL_Driver\Src\stm32f0xx_hal_dma.c 0x00000000   Number         0  stm32f0xx_hal_dma.o ABSOLUTE
    ..\Drivers\STM32F0xx_HAL_Driver\Src\stm32f0xx_hal_exti.c 0x00000000   Number         0  stm32f0xx_hal_exti.o ABSOLUTE
    ..\Drivers\STM32F0xx_HAL_Driver\Src\stm32f0xx_hal_flash.c 0x00000000   Number         0  stm32f0xx_hal_flash.o ABSOLUTE
    ..\Drivers\STM32F0xx_HAL_Driver\Src\stm32f0xx_hal_flash_ex.c 0x00000000   Number         0  stm32f0xx_hal_flash_ex.o ABSOLUTE
    ..\Drivers\STM32F0xx_HAL_Driver\Src\stm32f0xx_hal_gpio.c 0x00000000   Number         0  stm32f0xx_hal_gpio.o ABSOLUTE
    ..\Drivers\STM32F0xx_HAL_Driver\Src\stm32f0xx_hal_i2c.c 0x00000000   Number         0  stm32f0xx_hal_i2c.o ABSOLUTE
    ..\Drivers\STM32F0xx_HAL_Driver\Src\stm32f0xx_hal_i2c_ex.c 0x00000000   Number         0  stm32f0xx_hal_i2c_ex.o ABSOLUTE
    ..\Drivers\STM32F0xx_HAL_Driver\Src\stm32f0xx_hal_pwr.c 0x00000000   Number         0  stm32f0xx_hal_pwr.o ABSOLUTE
    ..\Drivers\STM32F0xx_HAL_Driver\Src\stm32f0xx_hal_pwr_ex.c 0x00000000   Number         0  stm32f0xx_hal_pwr_ex.o ABSOLUTE
    ..\Drivers\STM32F0xx_HAL_Driver\Src\stm32f0xx_hal_rcc.c 0x00000000   Number         0  stm32f0xx_hal_rcc.o ABSOLUTE
    ..\Drivers\STM32F0xx_HAL_Driver\Src\stm32f0xx_hal_rcc_ex.c 0x00000000   Number         0  stm32f0xx_hal_rcc_ex.o ABSOLUTE
    ..\Drivers\STM32F0xx_HAL_Driver\Src\stm32f0xx_hal_spi.c 0x00000000   Number         0  stm32f0xx_hal_spi.o ABSOLUTE
    ..\Drivers\STM32F0xx_HAL_Driver\Src\stm32f0xx_hal_spi_ex.c 0x00000000   Number         0  stm32f0xx_hal_spi_ex.o ABSOLUTE
    ..\Drivers\STM32F0xx_HAL_Driver\Src\stm32f0xx_hal_tim.c 0x00000000   Number         0  stm32f0xx_hal_tim.o ABSOLUTE
    ..\Drivers\STM32F0xx_HAL_Driver\Src\stm32f0xx_hal_tim_ex.c 0x00000000   Number         0  stm32f0xx_hal_tim_ex.o ABSOLUTE
    ..\Drivers\STM32F0xx_HAL_Driver\Src\stm32f0xx_hal_uart.c 0x00000000   Number         0  stm32f0xx_hal_uart.o ABSOLUTE
    ..\Drivers\STM32F0xx_HAL_Driver\Src\stm32f0xx_hal_uart_ex.c 0x00000000   Number         0  stm32f0xx_hal_uart_ex.o ABSOLUTE
    ..\Fusion\FusionAhrs.c                   0x00000000   Number         0  fusionahrs.o ABSOLUTE
    ..\Fusion\FusionBias.c                   0x00000000   Number         0  fusionbias.o ABSOLUTE
    ..\Fusion\FusionCompass.c                0x00000000   Number         0  fusioncompass.o ABSOLUTE
    Kalman_Filter.c                          0x00000000   Number         0  kalman_filter.o ABSOLUTE
    Kalman_Filter.c                          0x00000000   Number         0  kalman_filter.o ABSOLUTE
    TempControl.c                            0x00000000   Number         0  tempcontrol.o ABSOLUTE
    TempControl.c                            0x00000000   Number         0  tempcontrol.o ABSOLUTE
    cdcmple.s                                0x00000000   Number         0  cdcmple.o ABSOLUTE
    cdrcmple.s                               0x00000000   Number         0  cdrcmple.o ABSOLUTE
    cfcmple.s                                0x00000000   Number         0  cfcmple.o ABSOLUTE
    cfrcmple.s                               0x00000000   Number         0  cfrcmple.o ABSOLUTE
    dc.s                                     0x00000000   Number         0  dc.o ABSOLUTE
    handlers.s                               0x00000000   Number         0  handlers.o ABSOLUTE
    icm.c                                    0x00000000   Number         0  icm.o ABSOLUTE
    icm.c                                    0x00000000   Number         0  icm.o ABSOLUTE
    init.s                                   0x00000000   Number         0  init.o ABSOLUTE
    startup_stm32f042x6.s                    0x00000000   Number         0  startup_stm32f042x6.o ABSOLUTE
    RESET                                    0x08000000   Section      192  startup_stm32f042x6.o(RESET)
    .ARM.Collect$$$$00000000                 0x080000c0   Section        0  entry.o(.ARM.Collect$$$$00000000)
    .ARM.Collect$$$$00000001                 0x080000c0   Section        4  entry2.o(.ARM.Collect$$$$00000001)
    .ARM.Collect$$$$00000004                 0x080000c4   Section        4  entry5.o(.ARM.Collect$$$$00000004)
    .ARM.Collect$$$$00000008                 0x080000c8   Section        0  entry7b.o(.ARM.Collect$$$$00000008)
    .ARM.Collect$$$$0000000A                 0x080000c8   Section        0  entry8b.o(.ARM.Collect$$$$0000000A)
    .ARM.Collect$$$$0000000B                 0x080000c8   Section        8  entry9a.o(.ARM.Collect$$$$0000000B)
    .ARM.Collect$$$$0000000E                 0x080000d0   Section        4  entry12b.o(.ARM.Collect$$$$0000000E)
    .ARM.Collect$$$$0000000F                 0x080000d4   Section        0  entry10a.o(.ARM.Collect$$$$0000000F)
    .ARM.Collect$$$$00000011                 0x080000d4   Section        0  entry11a.o(.ARM.Collect$$$$00000011)
    .ARM.Collect$$$$00002712                 0x080000d4   Section        4  entry2.o(.ARM.Collect$$$$00002712)
    __lit__00000000                          0x080000d4   Data           4  entry2.o(.ARM.Collect$$$$00002712)
    .text                                    0x080000d8   Section       88  startup_stm32f042x6.o(.text)
    .text                                    0x08000130   Section        0  uidiv.o(.text)
    .text                                    0x0800015c   Section        0  uldiv.o(.text)
    .text                                    0x080001bc   Section        0  llushr.o(.text)
    .text                                    0x080001de   Section        0  memcpya.o(.text)
    .text                                    0x08000202   Section        0  memseta.o(.text)
    .text                                    0x08000226   Section        0  fadd.o(.text)
    .text                                    0x080002d8   Section        0  fmul.o(.text)
    .text                                    0x08000352   Section        0  fdiv.o(.text)
    .text                                    0x080003ce   Section        0  fflti.o(.text)
    .text                                    0x080003e4   Section        0  ffixi.o(.text)
    .text                                    0x08000416   Section        0  f2d.o(.text)
    .text                                    0x08000440   Section       40  cdcmple.o(.text)
    .text                                    0x08000468   Section       40  cdrcmple.o(.text)
    .text                                    0x08000490   Section        0  d2f.o(.text)
    .text                                    0x080004c8   Section       20  cfcmple.o(.text)
    .text                                    0x080004dc   Section       20  cfrcmple.o(.text)
    .text                                    0x080004f0   Section        0  llshl.o(.text)
    .text                                    0x08000510   Section        0  fepilogue.o(.text)
    .text                                    0x08000510   Section        0  iusefp.o(.text)
    .text                                    0x08000592   Section        0  depilogue.o(.text)
    .text                                    0x08000650   Section        0  dsqrt.o(.text)
    .text                                    0x080006f4   Section       36  init.o(.text)
    .text                                    0x08000718   Section        0  __dczerorl.o(.text)
    i.Append_CRC16_Check_Sum                 0x08000754   Section        0  algorithmofcrc.o(i.Append_CRC16_Check_Sum)
    i.DMA1_Channel2_3_IRQHandler             0x08000788   Section        0  stm32f0xx_it.o(i.DMA1_Channel2_3_IRQHandler)
    i.DMA1_Channel4_5_IRQHandler             0x080007a0   Section        0  stm32f0xx_it.o(i.DMA1_Channel4_5_IRQHandler)
    i.DMA_CalcBaseAndBitshift                0x080007b0   Section        0  stm32f0xx_hal_dma.o(i.DMA_CalcBaseAndBitshift)
    DMA_CalcBaseAndBitshift                  0x080007b1   Thumb Code    28  stm32f0xx_hal_dma.o(i.DMA_CalcBaseAndBitshift)
    i.DMA_SetConfig                          0x080007d0   Section        0  stm32f0xx_hal_dma.o(i.DMA_SetConfig)
    DMA_SetConfig                            0x080007d1   Thumb Code    42  stm32f0xx_hal_dma.o(i.DMA_SetConfig)
    i.Error_Handler                          0x080007fa   Section        0  main.o(i.Error_Handler)
    i.Get_CRC16_Check_Sum                    0x080007fc   Section        0  algorithmofcrc.o(i.Get_CRC16_Check_Sum)
    i.HAL_DMA_Abort                          0x08000834   Section        0  stm32f0xx_hal_dma.o(i.HAL_DMA_Abort)
    i.HAL_DMA_Abort_IT                       0x08000886   Section        0  stm32f0xx_hal_dma.o(i.HAL_DMA_Abort_IT)
    i.HAL_DMA_IRQHandler                     0x080008de   Section        0  stm32f0xx_hal_dma.o(i.HAL_DMA_IRQHandler)
    i.HAL_DMA_Init                           0x080009d0   Section        0  stm32f0xx_hal_dma.o(i.HAL_DMA_Init)
    i.HAL_DMA_Start_IT                       0x08000a2c   Section        0  stm32f0xx_hal_dma.o(i.HAL_DMA_Start_IT)
    i.HAL_Delay                              0x08000ac8   Section        0  stm32f0xx_hal.o(i.HAL_Delay)
    i.HAL_GPIO_Init                          0x08000af4   Section        0  stm32f0xx_hal_gpio.o(i.HAL_GPIO_Init)
    i.HAL_GPIO_WritePin                      0x08000cd4   Section        0  stm32f0xx_hal_gpio.o(i.HAL_GPIO_WritePin)
    i.HAL_GetTick                            0x08000ce0   Section        0  stm32f0xx_hal.o(i.HAL_GetTick)
    i.HAL_IncTick                            0x08000cec   Section        0  stm32f0xx_hal.o(i.HAL_IncTick)
    i.HAL_Init                               0x08000d04   Section        0  stm32f0xx_hal.o(i.HAL_Init)
    i.HAL_InitTick                           0x08000d24   Section        0  stm32f0xx_hal.o(i.HAL_InitTick)
    i.HAL_MspInit                            0x08000d78   Section        0  stm32f0xx_hal_msp.o(i.HAL_MspInit)
    i.HAL_NVIC_EnableIRQ                     0x08000db8   Section        0  stm32f0xx_hal_cortex.o(i.HAL_NVIC_EnableIRQ)
    i.HAL_NVIC_SetPriority                   0x08000dd4   Section        0  stm32f0xx_hal_cortex.o(i.HAL_NVIC_SetPriority)
    i.HAL_RCCEx_PeriphCLKConfig              0x08000de8   Section        0  stm32f0xx_hal_rcc_ex.o(i.HAL_RCCEx_PeriphCLKConfig)
    i.HAL_RCC_ClockConfig                    0x08000f70   Section        0  stm32f0xx_hal_rcc.o(i.HAL_RCC_ClockConfig)
    i.HAL_RCC_GetHCLKFreq                    0x080010f4   Section        0  stm32f0xx_hal_rcc.o(i.HAL_RCC_GetHCLKFreq)
    i.HAL_RCC_GetPCLK1Freq                   0x08001100   Section        0  stm32f0xx_hal_rcc.o(i.HAL_RCC_GetPCLK1Freq)
    i.HAL_RCC_GetSysClockFreq                0x08001124   Section        0  stm32f0xx_hal_rcc.o(i.HAL_RCC_GetSysClockFreq)
    i.HAL_RCC_OscConfig                      0x080011f4   Section        0  stm32f0xx_hal_rcc.o(i.HAL_RCC_OscConfig)
    i.HAL_SPI_Init                           0x08001830   Section        0  stm32f0xx_hal_spi.o(i.HAL_SPI_Init)
    i.HAL_SPI_MspInit                        0x0800193c   Section        0  spi.o(i.HAL_SPI_MspInit)
    i.HAL_SPI_Receive                        0x08001a30   Section        0  stm32f0xx_hal_spi.o(i.HAL_SPI_Receive)
    i.HAL_SPI_Transmit                       0x08001c08   Section        0  stm32f0xx_hal_spi.o(i.HAL_SPI_Transmit)
    i.HAL_SPI_TransmitReceive                0x08001de2   Section        0  stm32f0xx_hal_spi.o(i.HAL_SPI_TransmitReceive)
    i.HAL_SYSTICK_Callback                   0x08002064   Section        0  tim.o(i.HAL_SYSTICK_Callback)
    i.HAL_SYSTICK_Config                     0x08002190   Section        0  stm32f0xx_hal_cortex.o(i.HAL_SYSTICK_Config)
    i.HAL_TIMEx_MasterConfigSynchronization  0x080021c8   Section        0  stm32f0xx_hal_tim_ex.o(i.HAL_TIMEx_MasterConfigSynchronization)
    i.HAL_TIM_Base_Init                      0x08002248   Section        0  stm32f0xx_hal_tim.o(i.HAL_TIM_Base_Init)
    i.HAL_TIM_Base_MspInit                   0x080022ac   Section        0  tim.o(i.HAL_TIM_Base_MspInit)
    i.HAL_TIM_Base_Start                     0x08002304   Section        0  stm32f0xx_hal_tim.o(i.HAL_TIM_Base_Start)
    i.HAL_TIM_ConfigClockSource              0x08002364   Section        0  stm32f0xx_hal_tim.o(i.HAL_TIM_ConfigClockSource)
    i.HAL_TIM_MspPostInit                    0x0800247c   Section        0  tim.o(i.HAL_TIM_MspPostInit)
    i.HAL_TIM_PWM_ConfigChannel              0x080024d8   Section        0  stm32f0xx_hal_tim.o(i.HAL_TIM_PWM_ConfigChannel)
    i.HAL_TIM_PWM_Init                       0x080025e2   Section        0  stm32f0xx_hal_tim.o(i.HAL_TIM_PWM_Init)
    i.HAL_TIM_PWM_MspInit                    0x08002646   Section        0  stm32f0xx_hal_tim.o(i.HAL_TIM_PWM_MspInit)
    i.HAL_TIM_PWM_Start                      0x08002648   Section        0  stm32f0xx_hal_tim.o(i.HAL_TIM_PWM_Start)
    i.HAL_UARTEx_RxEventCallback             0x08002730   Section        0  stm32f0xx_hal_uart.o(i.HAL_UARTEx_RxEventCallback)
    i.HAL_UARTEx_WakeupCallback              0x08002732   Section        0  stm32f0xx_hal_uart_ex.o(i.HAL_UARTEx_WakeupCallback)
    i.HAL_UART_ErrorCallback                 0x08002734   Section        0  stm32f0xx_hal_uart.o(i.HAL_UART_ErrorCallback)
    i.HAL_UART_IRQHandler                    0x08002738   Section        0  stm32f0xx_hal_uart.o(i.HAL_UART_IRQHandler)
    i.HAL_UART_Init                          0x08002b08   Section        0  stm32f0xx_hal_uart.o(i.HAL_UART_Init)
    i.HAL_UART_MspInit                       0x08002b88   Section        0  usart.o(i.HAL_UART_MspInit)
    i.HAL_UART_Transmit_DMA                  0x08002c6c   Section        0  stm32f0xx_hal_uart.o(i.HAL_UART_Transmit_DMA)
    i.HAL_UART_TxCpltCallback                0x08002d34   Section        0  stm32f0xx_hal_uart.o(i.HAL_UART_TxCpltCallback)
    i.HAL_UART_TxHalfCpltCallback            0x08002d36   Section        0  stm32f0xx_hal_uart.o(i.HAL_UART_TxHalfCpltCallback)
    i.HardFault_Handler                      0x08002d38   Section        0  stm32f0xx_it.o(i.HardFault_Handler)
    i.MX_DMA_Init                            0x08002d3c   Section        0  dma.o(i.MX_DMA_Init)
    i.MX_GPIO_Init                           0x08002d80   Section        0  gpio.o(i.MX_GPIO_Init)
    i.MX_SPI1_Init                           0x08002e54   Section        0  spi.o(i.MX_SPI1_Init)
    i.MX_TIM2_Init                           0x08002ea8   Section        0  tim.o(i.MX_TIM2_Init)
    i.MX_TIM3_Init                           0x08002f54   Section        0  tim.o(i.MX_TIM3_Init)
    i.MX_USART1_UART_Init                    0x08002fc8   Section        0  usart.o(i.MX_USART1_UART_Init)
    i.NMI_Handler                            0x0800300c   Section        0  stm32f0xx_it.o(i.NMI_Handler)
    i.PID_Calc                               0x0800300e   Section        0  tempcontrol.o(i.PID_Calc)
    i.PendSV_Handler                         0x080031f8   Section        0  stm32f0xx_it.o(i.PendSV_Handler)
    i.SPI_EndRxTransaction                   0x080031fa   Section        0  stm32f0xx_hal_spi.o(i.SPI_EndRxTransaction)
    SPI_EndRxTransaction                     0x080031fb   Thumb Code   142  stm32f0xx_hal_spi.o(i.SPI_EndRxTransaction)
    i.SPI_EndRxTxTransaction                 0x08003288   Section        0  stm32f0xx_hal_spi.o(i.SPI_EndRxTxTransaction)
    SPI_EndRxTxTransaction                   0x08003289   Thumb Code   106  stm32f0xx_hal_spi.o(i.SPI_EndRxTxTransaction)
    i.SPI_WaitFifoStateUntilTimeout          0x080032f4   Section        0  stm32f0xx_hal_spi.o(i.SPI_WaitFifoStateUntilTimeout)
    SPI_WaitFifoStateUntilTimeout            0x080032f5   Thumb Code   246  stm32f0xx_hal_spi.o(i.SPI_WaitFifoStateUntilTimeout)
    i.SPI_WaitFlagStateUntilTimeout          0x080033f0   Section        0  stm32f0xx_hal_spi.o(i.SPI_WaitFlagStateUntilTimeout)
    SPI_WaitFlagStateUntilTimeout            0x080033f1   Thumb Code   214  stm32f0xx_hal_spi.o(i.SPI_WaitFlagStateUntilTimeout)
    i.SVC_Handler                            0x080034cc   Section        0  stm32f0xx_it.o(i.SVC_Handler)
    i.SysTick_Handler                        0x080034ce   Section        0  stm32f0xx_it.o(i.SysTick_Handler)
    i.SystemClock_Config                     0x080034da   Section        0  main.o(i.SystemClock_Config)
    i.SystemInit                             0x0800354a   Section        0  system_stm32f0xx.o(i.SystemInit)
    i.TIM_Base_SetConfig                     0x0800354c   Section        0  stm32f0xx_hal_tim.o(i.TIM_Base_SetConfig)
    i.TIM_CCxChannelCmd                      0x080035ec   Section        0  stm32f0xx_hal_tim.o(i.TIM_CCxChannelCmd)
    i.TIM_ETR_SetConfig                      0x0800360e   Section        0  stm32f0xx_hal_tim.o(i.TIM_ETR_SetConfig)
    i.TIM_ITRx_SetConfig                     0x0800362a   Section        0  stm32f0xx_hal_tim.o(i.TIM_ITRx_SetConfig)
    TIM_ITRx_SetConfig                       0x0800362b   Thumb Code    24  stm32f0xx_hal_tim.o(i.TIM_ITRx_SetConfig)
    i.TIM_OC1_SetConfig                      0x08003644   Section        0  stm32f0xx_hal_tim.o(i.TIM_OC1_SetConfig)
    TIM_OC1_SetConfig                        0x08003645   Thumb Code   144  stm32f0xx_hal_tim.o(i.TIM_OC1_SetConfig)
    i.TIM_OC2_SetConfig                      0x080036e0   Section        0  stm32f0xx_hal_tim.o(i.TIM_OC2_SetConfig)
    i.TIM_OC3_SetConfig                      0x08003790   Section        0  stm32f0xx_hal_tim.o(i.TIM_OC3_SetConfig)
    TIM_OC3_SetConfig                        0x08003791   Thumb Code   158  stm32f0xx_hal_tim.o(i.TIM_OC3_SetConfig)
    i.TIM_OC4_SetConfig                      0x0800383c   Section        0  stm32f0xx_hal_tim.o(i.TIM_OC4_SetConfig)
    TIM_OC4_SetConfig                        0x0800383d   Thumb Code   106  stm32f0xx_hal_tim.o(i.TIM_OC4_SetConfig)
    i.TIM_TI1_ConfigInputStage               0x080038b4   Section        0  stm32f0xx_hal_tim.o(i.TIM_TI1_ConfigInputStage)
    TIM_TI1_ConfigInputStage                 0x080038b5   Thumb Code    50  stm32f0xx_hal_tim.o(i.TIM_TI1_ConfigInputStage)
    i.TIM_TI2_ConfigInputStage               0x080038e6   Section        0  stm32f0xx_hal_tim.o(i.TIM_TI2_ConfigInputStage)
    TIM_TI2_ConfigInputStage                 0x080038e7   Thumb Code    50  stm32f0xx_hal_tim.o(i.TIM_TI2_ConfigInputStage)
    i.TempControl                            0x08003918   Section        0  tempcontrol.o(i.TempControl)
    i.Temp_init                              0x08003960   Section        0  tempcontrol.o(i.Temp_init)
    i.UART_AdvFeatureConfig                  0x080039c4   Section        0  stm32f0xx_hal_uart.o(i.UART_AdvFeatureConfig)
    i.UART_CheckIdleState                    0x08003ab4   Section        0  stm32f0xx_hal_uart.o(i.UART_CheckIdleState)
    i.UART_DMAAbortOnError                   0x08003bb4   Section        0  stm32f0xx_hal_uart.o(i.UART_DMAAbortOnError)
    UART_DMAAbortOnError                     0x08003bb5   Thumb Code    24  stm32f0xx_hal_uart.o(i.UART_DMAAbortOnError)
    i.UART_DMAError                          0x08003bcc   Section        0  stm32f0xx_hal_uart.o(i.UART_DMAError)
    UART_DMAError                            0x08003bcd   Thumb Code    88  stm32f0xx_hal_uart.o(i.UART_DMAError)
    i.UART_DMATransmitCplt                   0x08003c24   Section        0  stm32f0xx_hal_uart.o(i.UART_DMATransmitCplt)
    UART_DMATransmitCplt                     0x08003c25   Thumb Code    94  stm32f0xx_hal_uart.o(i.UART_DMATransmitCplt)
    i.UART_DMATxHalfCplt                     0x08003c82   Section        0  stm32f0xx_hal_uart.o(i.UART_DMATxHalfCplt)
    UART_DMATxHalfCplt                       0x08003c83   Thumb Code    14  stm32f0xx_hal_uart.o(i.UART_DMATxHalfCplt)
    i.UART_EndRxTransfer                     0x08003c90   Section        0  stm32f0xx_hal_uart.o(i.UART_EndRxTransfer)
    UART_EndRxTransfer                       0x08003c91   Thumb Code   128  stm32f0xx_hal_uart.o(i.UART_EndRxTransfer)
    i.UART_EndTransmit_IT                    0x08003d10   Section        0  stm32f0xx_hal_uart.o(i.UART_EndTransmit_IT)
    UART_EndTransmit_IT                      0x08003d11   Thumb Code    54  stm32f0xx_hal_uart.o(i.UART_EndTransmit_IT)
    i.UART_EndTxTransfer                     0x08003d46   Section        0  stm32f0xx_hal_uart.o(i.UART_EndTxTransfer)
    UART_EndTxTransfer                       0x08003d47   Thumb Code    44  stm32f0xx_hal_uart.o(i.UART_EndTxTransfer)
    i.UART_SetConfig                         0x08003d74   Section        0  stm32f0xx_hal_uart.o(i.UART_SetConfig)
    i.UART_WaitOnFlagUntilTimeout            0x08003f14   Section        0  stm32f0xx_hal_uart.o(i.UART_WaitOnFlagUntilTimeout)
    i.USART1_IRQHandler                      0x08003fc0   Section        0  stm32f0xx_it.o(i.USART1_IRQHandler)
    i.__ARM_clz                              0x08003fd0   Section        0  depilogue.o(i.__ARM_clz)
    i.__ARM_common_ll_muluu                  0x08003ffe   Section        0  stm32f0xx_hal_rcc.o(i.__ARM_common_ll_muluu)
    i.__NVIC_SetPriority                     0x08004030   Section        0  stm32f0xx_hal_cortex.o(i.__NVIC_SetPriority)
    __NVIC_SetPriority                       0x08004031   Thumb Code   110  stm32f0xx_hal_cortex.o(i.__NVIC_SetPriority)
    i.__get_PRIMASK                          0x080040a8   Section        0  stm32f0xx_hal_uart.o(i.__get_PRIMASK)
    __get_PRIMASK                            0x080040a9   Thumb Code     6  stm32f0xx_hal_uart.o(i.__get_PRIMASK)
    i.__scatterload_copy                     0x080040ae   Section       14  handlers.o(i.__scatterload_copy)
    i.__scatterload_null                     0x080040bc   Section        2  handlers.o(i.__scatterload_null)
    i.__scatterload_zeroinit                 0x080040be   Section       14  handlers.o(i.__scatterload_zeroinit)
    i.__set_PRIMASK                          0x080040cc   Section        0  stm32f0xx_hal_uart.o(i.__set_PRIMASK)
    __set_PRIMASK                            0x080040cd   Thumb Code     6  stm32f0xx_hal_uart.o(i.__set_PRIMASK)
    i.__set_errno                            0x080040d4   Section        0  errno.o(i.__set_errno)
    i.icm20602_get_accel_adc                 0x080040e0   Section        0  icm.o(i.icm20602_get_accel_adc)
    i.icm20602_get_gyro_adc                  0x0800412c   Section        0  icm.o(i.icm20602_get_gyro_adc)
    i.icm20602_get_temp                      0x08004188   Section        0  icm.o(i.icm20602_get_temp)
    i.icm20602_init                          0x080041cc   Section        0  icm.o(i.icm20602_init)
    i.icm20602_read_buffer                   0x08004284   Section        0  icm.o(i.icm20602_read_buffer)
    icm20602_read_buffer                     0x08004285   Thumb Code    66  icm.o(i.icm20602_read_buffer)
    i.icm20602_read_reg                      0x080042cc   Section        0  icm.o(i.icm20602_read_reg)
    icm20602_read_reg                        0x080042cd   Thumb Code    80  icm.o(i.icm20602_read_reg)
    i.icm20602_set_accel_fullscale           0x08004320   Section        0  icm.o(i.icm20602_set_accel_fullscale)
    i.icm20602_set_gyro_fullscale            0x08004390   Section        0  icm.o(i.icm20602_set_gyro_fullscale)
    i.icm20602_write_reg                     0x08004404   Section        0  icm.o(i.icm20602_write_reg)
    icm20602_write_reg                       0x08004405   Thumb Code    60  icm.o(i.icm20602_write_reg)
    i.icm_offset_call                        0x08004444   Section        0  icm.o(i.icm_offset_call)
    i.main                                   0x08004494   Section        0  main.o(i.main)
    i.sqrt                                   0x08004528   Section        0  sqrt.o(i.sqrt)
    i.usart_transmit_imu_data                0x08004570   Section        0  tim.o(i.usart_transmit_imu_data)
    .constdata                               0x080045c0   Section      769  algorithmofcrc.o(.constdata)
    .constdata                               0x080048c1   Section       32  stm32f0xx_hal_rcc.o(.constdata)
    aPLLMULFactorTable                       0x080048c1   Data          16  stm32f0xx_hal_rcc.o(.constdata)
    aPredivFactorTable                       0x080048d1   Data          16  stm32f0xx_hal_rcc.o(.constdata)
    .constdata                               0x080048e1   Section       24  system_stm32f0xx.o(.constdata)
    .data                                    0x20000000   Section       28  icm.o(.data)
    _accel_scale                             0x20000000   Data           4  icm.o(.data)
    _gyro_scale                              0x20000004   Data           4  icm.o(.data)
    gyro_last                                0x20000018   Data           4  icm.o(.data)
    .data                                    0x2000001c   Section       10  tempcontrol.o(.data)
    _accel_scale                             0x2000001c   Data           4  tempcontrol.o(.data)
    _gyro_scale                              0x20000020   Data           4  tempcontrol.o(.data)
    .data                                    0x20000026   Section        4  algorithmofcrc.o(.data)
    .data                                    0x2000002c   Section       32  main.o(.data)
    _accel_scale                             0x2000002c   Data           4  main.o(.data)
    _gyro_scale                              0x20000030   Data           4  main.o(.data)
    .data                                    0x20000050   Section      248  tim.o(.data)
    _accel_scale                             0x20000050   Data           4  tim.o(.data)
    _gyro_scale                              0x20000054   Data           4  tim.o(.data)
    blink                                    0x20000144   Data           4  tim.o(.data)
    .data                                    0x20000148   Section        9  stm32f0xx_hal.o(.data)
    .data                                    0x20000154   Section        4  system_stm32f0xx.o(.data)
    .data                                    0x20000158   Section        4  errno.o(.data)
    _errno                                   0x20000158   Data           4  errno.o(.data)
    .bss                                     0x2000015c   Section       80  tempcontrol.o(.bss)
    .bss                                     0x200001ac   Section      236  spi.o(.bss)
    .bss                                     0x20000298   Section      195  tim.o(.bss)
    .bss                                     0x2000035c   Section      204  usart.o(.bss)
    STACK                                    0x20000428   Section     1024  startup_stm32f042x6.o(STACK)

    Global Symbols

    Symbol Name                              Value     Ov Type        Size  Object(Section)

    BuildAttributes$$THM_ISAv3M$S$PE$A:L22$X:L11$S22$IEEE1$IW$USESV6$~STKCKD$USESV7$~SHL$OTIME$ROPI$IEEEX$EBA8$MICROLIB$REQ8$PRES8$EABIv2 0x00000000   Number         0  anon$$obj.o ABSOLUTE
    __ARM_use_no_argv                        0x00000000   Number         0  main.o ABSOLUTE
    __arm_fini_                               - Undefined Weak Reference
    __cpp_initialize__aeabi_                  - Undefined Weak Reference
    __cxa_finalize                            - Undefined Weak Reference
    _clock_init                               - Undefined Weak Reference
    _microlib_exit                            - Undefined Weak Reference
    __Vectors_Size                           0x000000c0   Number         0  startup_stm32f042x6.o ABSOLUTE
    __Vectors                                0x08000000   Data           4  startup_stm32f042x6.o(RESET)
    __Vectors_End                            0x080000c0   Data           0  startup_stm32f042x6.o(RESET)
    __main                                   0x080000c1   Thumb Code     0  entry.o(.ARM.Collect$$$$00000000)
    _main_stk                                0x080000c1   Thumb Code     0  entry2.o(.ARM.Collect$$$$00000001)
    _main_scatterload                        0x080000c5   Thumb Code     0  entry5.o(.ARM.Collect$$$$00000004)
    __main_after_scatterload                 0x080000c9   Thumb Code     0  entry5.o(.ARM.Collect$$$$00000004)
    _main_clock                              0x080000c9   Thumb Code     0  entry7b.o(.ARM.Collect$$$$00000008)
    _main_cpp_init                           0x080000c9   Thumb Code     0  entry8b.o(.ARM.Collect$$$$0000000A)
    _main_init                               0x080000c9   Thumb Code     0  entry9a.o(.ARM.Collect$$$$0000000B)
    __rt_lib_shutdown_fini                   0x080000d1   Thumb Code     0  entry12b.o(.ARM.Collect$$$$0000000E)
    __rt_final_cpp                           0x080000d5   Thumb Code     0  entry10a.o(.ARM.Collect$$$$0000000F)
    __rt_final_exit                          0x080000d5   Thumb Code     0  entry11a.o(.ARM.Collect$$$$00000011)
    Reset_Handler                            0x080000d9   Thumb Code    38  startup_stm32f042x6.o(.text)
    ADC1_IRQHandler                          0x08000109   Thumb Code     0  startup_stm32f042x6.o(.text)
    CEC_CAN_IRQHandler                       0x08000109   Thumb Code     0  startup_stm32f042x6.o(.text)
    DMA1_Channel1_IRQHandler                 0x08000109   Thumb Code     0  startup_stm32f042x6.o(.text)
    EXTI0_1_IRQHandler                       0x08000109   Thumb Code     0  startup_stm32f042x6.o(.text)
    EXTI2_3_IRQHandler                       0x08000109   Thumb Code     0  startup_stm32f042x6.o(.text)
    EXTI4_15_IRQHandler                      0x08000109   Thumb Code     0  startup_stm32f042x6.o(.text)
    FLASH_IRQHandler                         0x08000109   Thumb Code     0  startup_stm32f042x6.o(.text)
    I2C1_IRQHandler                          0x08000109   Thumb Code     0  startup_stm32f042x6.o(.text)
    PVD_VDDIO2_IRQHandler                    0x08000109   Thumb Code     0  startup_stm32f042x6.o(.text)
    RCC_CRS_IRQHandler                       0x08000109   Thumb Code     0  startup_stm32f042x6.o(.text)
    RTC_IRQHandler                           0x08000109   Thumb Code     0  startup_stm32f042x6.o(.text)
    SPI1_IRQHandler                          0x08000109   Thumb Code     0  startup_stm32f042x6.o(.text)
    SPI2_IRQHandler                          0x08000109   Thumb Code     0  startup_stm32f042x6.o(.text)
    TIM14_IRQHandler                         0x08000109   Thumb Code     0  startup_stm32f042x6.o(.text)
    TIM16_IRQHandler                         0x08000109   Thumb Code     0  startup_stm32f042x6.o(.text)
    TIM17_IRQHandler                         0x08000109   Thumb Code     0  startup_stm32f042x6.o(.text)
    TIM1_BRK_UP_TRG_COM_IRQHandler           0x08000109   Thumb Code     0  startup_stm32f042x6.o(.text)
    TIM1_CC_IRQHandler                       0x08000109   Thumb Code     0  startup_stm32f042x6.o(.text)
    TIM2_IRQHandler                          0x08000109   Thumb Code     0  startup_stm32f042x6.o(.text)
    TIM3_IRQHandler                          0x08000109   Thumb Code     0  startup_stm32f042x6.o(.text)
    TSC_IRQHandler                           0x08000109   Thumb Code     0  startup_stm32f042x6.o(.text)
    USART2_IRQHandler                        0x08000109   Thumb Code     0  startup_stm32f042x6.o(.text)
    USB_IRQHandler                           0x08000109   Thumb Code     0  startup_stm32f042x6.o(.text)
    WWDG_IRQHandler                          0x08000109   Thumb Code     0  startup_stm32f042x6.o(.text)
    __aeabi_uidiv                            0x08000131   Thumb Code     0  uidiv.o(.text)
    __aeabi_uidivmod                         0x08000131   Thumb Code    44  uidiv.o(.text)
    __aeabi_uldivmod                         0x0800015d   Thumb Code    96  uldiv.o(.text)
    __aeabi_llsr                             0x080001bd   Thumb Code    34  llushr.o(.text)
    _ll_ushift_r                             0x080001bd   Thumb Code     0  llushr.o(.text)
    __aeabi_memcpy                           0x080001df   Thumb Code    36  memcpya.o(.text)
    __aeabi_memcpy4                          0x080001df   Thumb Code     0  memcpya.o(.text)
    __aeabi_memcpy8                          0x080001df   Thumb Code     0  memcpya.o(.text)
    __aeabi_memset                           0x08000203   Thumb Code    14  memseta.o(.text)
    __aeabi_memset4                          0x08000203   Thumb Code     0  memseta.o(.text)
    __aeabi_memset8                          0x08000203   Thumb Code     0  memseta.o(.text)
    __aeabi_memclr                           0x08000211   Thumb Code     4  memseta.o(.text)
    __aeabi_memclr4                          0x08000211   Thumb Code     0  memseta.o(.text)
    __aeabi_memclr8                          0x08000211   Thumb Code     0  memseta.o(.text)
    _memset$wrapper                          0x08000215   Thumb Code    18  memseta.o(.text)
    __aeabi_fadd                             0x08000227   Thumb Code   162  fadd.o(.text)
    __aeabi_fsub                             0x080002c9   Thumb Code     8  fadd.o(.text)
    __aeabi_frsub                            0x080002d1   Thumb Code     8  fadd.o(.text)
    __aeabi_fmul                             0x080002d9   Thumb Code   122  fmul.o(.text)
    __aeabi_fdiv                             0x08000353   Thumb Code   124  fdiv.o(.text)
    __aeabi_i2f                              0x080003cf   Thumb Code    22  fflti.o(.text)
    __aeabi_f2iz                             0x080003e5   Thumb Code    50  ffixi.o(.text)
    __aeabi_f2d                              0x08000417   Thumb Code    40  f2d.o(.text)
    __aeabi_cdcmpeq                          0x08000441   Thumb Code     0  cdcmple.o(.text)
    __aeabi_cdcmple                          0x08000441   Thumb Code    38  cdcmple.o(.text)
    __aeabi_cdrcmple                         0x08000469   Thumb Code    38  cdrcmple.o(.text)
    __aeabi_d2f                              0x08000491   Thumb Code    56  d2f.o(.text)
    __aeabi_cfcmpeq                          0x080004c9   Thumb Code     0  cfcmple.o(.text)
    __aeabi_cfcmple                          0x080004c9   Thumb Code    20  cfcmple.o(.text)
    __aeabi_cfrcmple                         0x080004dd   Thumb Code    20  cfrcmple.o(.text)
    __aeabi_llsl                             0x080004f1   Thumb Code    32  llshl.o(.text)
    _ll_shift_l                              0x080004f1   Thumb Code     0  llshl.o(.text)
    __I$use$fp                               0x08000511   Thumb Code     0  iusefp.o(.text)
    _float_round                             0x08000511   Thumb Code    16  fepilogue.o(.text)
    _float_epilogue                          0x08000521   Thumb Code   114  fepilogue.o(.text)
    _double_round                            0x08000593   Thumb Code    26  depilogue.o(.text)
    _double_epilogue                         0x080005ad   Thumb Code   164  depilogue.o(.text)
    _dsqrt                                   0x08000651   Thumb Code   162  dsqrt.o(.text)
    __scatterload                            0x080006f5   Thumb Code    28  init.o(.text)
    __scatterload_rt2                        0x080006f5   Thumb Code     0  init.o(.text)
    __decompress                             0x08000719   Thumb Code     0  __dczerorl.o(.text)
    __decompress0                            0x08000719   Thumb Code    58  __dczerorl.o(.text)
    Append_CRC16_Check_Sum                   0x08000755   Thumb Code    46  algorithmofcrc.o(i.Append_CRC16_Check_Sum)
    DMA1_Channel2_3_IRQHandler               0x08000789   Thumb Code    16  stm32f0xx_it.o(i.DMA1_Channel2_3_IRQHandler)
    DMA1_Channel4_5_IRQHandler               0x080007a1   Thumb Code    10  stm32f0xx_it.o(i.DMA1_Channel4_5_IRQHandler)
    Error_Handler                            0x080007fb   Thumb Code     2  main.o(i.Error_Handler)
    Get_CRC16_Check_Sum                      0x080007fd   Thumb Code    48  algorithmofcrc.o(i.Get_CRC16_Check_Sum)
    HAL_DMA_Abort                            0x08000835   Thumb Code    82  stm32f0xx_hal_dma.o(i.HAL_DMA_Abort)
    HAL_DMA_Abort_IT                         0x08000887   Thumb Code    88  stm32f0xx_hal_dma.o(i.HAL_DMA_Abort_IT)
    HAL_DMA_IRQHandler                       0x080008df   Thumb Code   240  stm32f0xx_hal_dma.o(i.HAL_DMA_IRQHandler)
    HAL_DMA_Init                             0x080009d1   Thumb Code    86  stm32f0xx_hal_dma.o(i.HAL_DMA_Init)
    HAL_DMA_Start_IT                         0x08000a2d   Thumb Code   154  stm32f0xx_hal_dma.o(i.HAL_DMA_Start_IT)
    HAL_Delay                                0x08000ac9   Thumb Code    38  stm32f0xx_hal.o(i.HAL_Delay)
    HAL_GPIO_Init                            0x08000af5   Thumb Code   460  stm32f0xx_hal_gpio.o(i.HAL_GPIO_Init)
    HAL_GPIO_WritePin                        0x08000cd5   Thumb Code    12  stm32f0xx_hal_gpio.o(i.HAL_GPIO_WritePin)
    HAL_GetTick                              0x08000ce1   Thumb Code     6  stm32f0xx_hal.o(i.HAL_GetTick)
    HAL_IncTick                              0x08000ced   Thumb Code    16  stm32f0xx_hal.o(i.HAL_IncTick)
    HAL_Init                                 0x08000d05   Thumb Code    28  stm32f0xx_hal.o(i.HAL_Init)
    HAL_InitTick                             0x08000d25   Thumb Code    70  stm32f0xx_hal.o(i.HAL_InitTick)
    HAL_MspInit                              0x08000d79   Thumb Code    60  stm32f0xx_hal_msp.o(i.HAL_MspInit)
    HAL_NVIC_EnableIRQ                       0x08000db9   Thumb Code    22  stm32f0xx_hal_cortex.o(i.HAL_NVIC_EnableIRQ)
    HAL_NVIC_SetPriority                     0x08000dd5   Thumb Code    18  stm32f0xx_hal_cortex.o(i.HAL_NVIC_SetPriority)
    HAL_RCCEx_PeriphCLKConfig                0x08000de9   Thumb Code   378  stm32f0xx_hal_rcc_ex.o(i.HAL_RCCEx_PeriphCLKConfig)
    HAL_RCC_ClockConfig                      0x08000f71   Thumb Code   366  stm32f0xx_hal_rcc.o(i.HAL_RCC_ClockConfig)
    HAL_RCC_GetHCLKFreq                      0x080010f5   Thumb Code     6  stm32f0xx_hal_rcc.o(i.HAL_RCC_GetHCLKFreq)
    HAL_RCC_GetPCLK1Freq                     0x08001101   Thumb Code    26  stm32f0xx_hal_rcc.o(i.HAL_RCC_GetPCLK1Freq)
    HAL_RCC_GetSysClockFreq                  0x08001125   Thumb Code   186  stm32f0xx_hal_rcc.o(i.HAL_RCC_GetSysClockFreq)
    HAL_RCC_OscConfig                        0x080011f5   Thumb Code  1592  stm32f0xx_hal_rcc.o(i.HAL_RCC_OscConfig)
    HAL_SPI_Init                             0x08001831   Thumb Code   268  stm32f0xx_hal_spi.o(i.HAL_SPI_Init)
    HAL_SPI_MspInit                          0x0800193d   Thumb Code   224  spi.o(i.HAL_SPI_MspInit)
    HAL_SPI_Receive                          0x08001a31   Thumb Code   472  stm32f0xx_hal_spi.o(i.HAL_SPI_Receive)
    HAL_SPI_Transmit                         0x08001c09   Thumb Code   474  stm32f0xx_hal_spi.o(i.HAL_SPI_Transmit)
    HAL_SPI_TransmitReceive                  0x08001de3   Thumb Code   642  stm32f0xx_hal_spi.o(i.HAL_SPI_TransmitReceive)
    HAL_SYSTICK_Callback                     0x08002065   Thumb Code   254  tim.o(i.HAL_SYSTICK_Callback)
    HAL_SYSTICK_Config                       0x08002191   Thumb Code    46  stm32f0xx_hal_cortex.o(i.HAL_SYSTICK_Config)
    HAL_TIMEx_MasterConfigSynchronization    0x080021c9   Thumb Code   120  stm32f0xx_hal_tim_ex.o(i.HAL_TIMEx_MasterConfigSynchronization)
    HAL_TIM_Base_Init                        0x08002249   Thumb Code   100  stm32f0xx_hal_tim.o(i.HAL_TIM_Base_Init)
    HAL_TIM_Base_MspInit                     0x080022ad   Thumb Code    78  tim.o(i.HAL_TIM_Base_MspInit)
    HAL_TIM_Base_Start                       0x08002305   Thumb Code    88  stm32f0xx_hal_tim.o(i.HAL_TIM_Base_Start)
    HAL_TIM_ConfigClockSource                0x08002365   Thumb Code   280  stm32f0xx_hal_tim.o(i.HAL_TIM_ConfigClockSource)
    HAL_TIM_MspPostInit                      0x0800247d   Thumb Code    86  tim.o(i.HAL_TIM_MspPostInit)
    HAL_TIM_PWM_ConfigChannel                0x080024d9   Thumb Code   266  stm32f0xx_hal_tim.o(i.HAL_TIM_PWM_ConfigChannel)
    HAL_TIM_PWM_Init                         0x080025e3   Thumb Code   100  stm32f0xx_hal_tim.o(i.HAL_TIM_PWM_Init)
    HAL_TIM_PWM_MspInit                      0x08002647   Thumb Code     2  stm32f0xx_hal_tim.o(i.HAL_TIM_PWM_MspInit)
    HAL_TIM_PWM_Start                        0x08002649   Thumb Code   216  stm32f0xx_hal_tim.o(i.HAL_TIM_PWM_Start)
    HAL_UARTEx_RxEventCallback               0x08002731   Thumb Code     2  stm32f0xx_hal_uart.o(i.HAL_UARTEx_RxEventCallback)
    HAL_UARTEx_WakeupCallback                0x08002733   Thumb Code     2  stm32f0xx_hal_uart_ex.o(i.HAL_UARTEx_WakeupCallback)
    HAL_UART_ErrorCallback                   0x08002735   Thumb Code     2  stm32f0xx_hal_uart.o(i.HAL_UART_ErrorCallback)
    HAL_UART_IRQHandler                      0x08002739   Thumb Code   964  stm32f0xx_hal_uart.o(i.HAL_UART_IRQHandler)
    HAL_UART_Init                            0x08002b09   Thumb Code   126  stm32f0xx_hal_uart.o(i.HAL_UART_Init)
    HAL_UART_MspInit                         0x08002b89   Thumb Code   206  usart.o(i.HAL_UART_MspInit)
    HAL_UART_Transmit_DMA                    0x08002c6d   Thumb Code   186  stm32f0xx_hal_uart.o(i.HAL_UART_Transmit_DMA)
    HAL_UART_TxCpltCallback                  0x08002d35   Thumb Code     2  stm32f0xx_hal_uart.o(i.HAL_UART_TxCpltCallback)
    HAL_UART_TxHalfCpltCallback              0x08002d37   Thumb Code     2  stm32f0xx_hal_uart.o(i.HAL_UART_TxHalfCpltCallback)
    HardFault_Handler                        0x08002d39   Thumb Code     4  stm32f0xx_it.o(i.HardFault_Handler)
    MX_DMA_Init                              0x08002d3d   Thumb Code    64  dma.o(i.MX_DMA_Init)
    MX_GPIO_Init                             0x08002d81   Thumb Code   202  gpio.o(i.MX_GPIO_Init)
    MX_SPI1_Init                             0x08002e55   Thumb Code    74  spi.o(i.MX_SPI1_Init)
    MX_TIM2_Init                             0x08002ea9   Thumb Code   164  tim.o(i.MX_TIM2_Init)
    MX_TIM3_Init                             0x08002f55   Thumb Code   104  tim.o(i.MX_TIM3_Init)
    MX_USART1_UART_Init                      0x08002fc9   Thumb Code    58  usart.o(i.MX_USART1_UART_Init)
    NMI_Handler                              0x0800300d   Thumb Code     2  stm32f0xx_it.o(i.NMI_Handler)
    PID_Calc                                 0x0800300f   Thumb Code   490  tempcontrol.o(i.PID_Calc)
    PendSV_Handler                           0x080031f9   Thumb Code     2  stm32f0xx_it.o(i.PendSV_Handler)
    SVC_Handler                              0x080034cd   Thumb Code     2  stm32f0xx_it.o(i.SVC_Handler)
    SysTick_Handler                          0x080034cf   Thumb Code    12  stm32f0xx_it.o(i.SysTick_Handler)
    SystemClock_Config                       0x080034db   Thumb Code   112  main.o(i.SystemClock_Config)
    SystemInit                               0x0800354b   Thumb Code     2  system_stm32f0xx.o(i.SystemInit)
    TIM_Base_SetConfig                       0x0800354d   Thumb Code   138  stm32f0xx_hal_tim.o(i.TIM_Base_SetConfig)
    TIM_CCxChannelCmd                        0x080035ed   Thumb Code    34  stm32f0xx_hal_tim.o(i.TIM_CCxChannelCmd)
    TIM_ETR_SetConfig                        0x0800360f   Thumb Code    28  stm32f0xx_hal_tim.o(i.TIM_ETR_SetConfig)
    TIM_OC2_SetConfig                        0x080036e1   Thumb Code   162  stm32f0xx_hal_tim.o(i.TIM_OC2_SetConfig)
    TempControl                              0x08003919   Thumb Code    60  tempcontrol.o(i.TempControl)
    Temp_init                                0x08003961   Thumb Code    64  tempcontrol.o(i.Temp_init)
    UART_AdvFeatureConfig                    0x080039c5   Thumb Code   240  stm32f0xx_hal_uart.o(i.UART_AdvFeatureConfig)
    UART_CheckIdleState                      0x08003ab5   Thumb Code   252  stm32f0xx_hal_uart.o(i.UART_CheckIdleState)
    UART_SetConfig                           0x08003d75   Thumb Code   390  stm32f0xx_hal_uart.o(i.UART_SetConfig)
    UART_WaitOnFlagUntilTimeout              0x08003f15   Thumb Code   172  stm32f0xx_hal_uart.o(i.UART_WaitOnFlagUntilTimeout)
    USART1_IRQHandler                        0x08003fc1   Thumb Code    10  stm32f0xx_it.o(i.USART1_IRQHandler)
    __ARM_clz                                0x08003fd1   Thumb Code    46  depilogue.o(i.__ARM_clz)
    __ARM_common_ll_muluu                    0x08003fff   Thumb Code    48  stm32f0xx_hal_rcc.o(i.__ARM_common_ll_muluu)
    __scatterload_copy                       0x080040af   Thumb Code    14  handlers.o(i.__scatterload_copy)
    __scatterload_null                       0x080040bd   Thumb Code     2  handlers.o(i.__scatterload_null)
    __scatterload_zeroinit                   0x080040bf   Thumb Code    14  handlers.o(i.__scatterload_zeroinit)
    __set_errno                              0x080040d5   Thumb Code     6  errno.o(i.__set_errno)
    icm20602_get_accel_adc                   0x080040e1   Thumb Code    74  icm.o(i.icm20602_get_accel_adc)
    icm20602_get_gyro_adc                    0x0800412d   Thumb Code    88  icm.o(i.icm20602_get_gyro_adc)
    icm20602_get_temp                        0x08004189   Thumb Code    58  icm.o(i.icm20602_get_temp)
    icm20602_init                            0x080041cd   Thumb Code   178  icm.o(i.icm20602_init)
    icm20602_set_accel_fullscale             0x08004321   Thumb Code    98  icm.o(i.icm20602_set_accel_fullscale)
    icm20602_set_gyro_fullscale              0x08004391   Thumb Code    90  icm.o(i.icm20602_set_gyro_fullscale)
    icm_offset_call                          0x08004445   Thumb Code    72  icm.o(i.icm_offset_call)
    main                                     0x08004495   Thumb Code   124  main.o(i.main)
    sqrt                                     0x08004529   Thumb Code    66  sqrt.o(i.sqrt)
    usart_transmit_imu_data                  0x08004571   Thumb Code    62  tim.o(i.usart_transmit_imu_data)
    wCRC_Table                               0x080045c0   Data         512  algorithmofcrc.o(.constdata)
    CRC8_INIT                                0x080047c0   Data           1  algorithmofcrc.o(.constdata)
    CRC8_TAB                                 0x080047c1   Data         256  algorithmofcrc.o(.constdata)
    AHBPrescTable                            0x080048e1   Data          16  system_stm32f0xx.o(.constdata)
    APBPrescTable                            0x080048f1   Data           8  system_stm32f0xx.o(.constdata)
    Region$$Table$$Base                      0x080048fc   Number         0  anon$$obj.o(Region$$Table)
    Region$$Table$$Limit                     0x0800491c   Number         0  anon$$obj.o(Region$$Table)
    DeadZone                                 0x20000008   Data           2  icm.o(.data)
    id                                       0x2000000a   Data           1  icm.o(.data)
    test_gyro                                0x2000000c   Data           6  icm.o(.data)
    gyro_temp                                0x20000012   Data           6  icm.o(.data)
    SetPWM                                   0x20000024   Data           2  tempcontrol.o(.data)
    CRC_INIT                                 0x20000026   Data           2  algorithmofcrc.o(.data)
    sss                                      0x20000028   Data           2  algorithmofcrc.o(.data)
    gyro_bias                                0x20000034   Data           6  main.o(.data)
    acc_bias                                 0x2000003a   Data           6  main.o(.data)
    tempeature                               0x20000040   Data           4  main.o(.data)
    IMU_init_flag                            0x20000044   Data           1  main.o(.data)
    start_nums                               0x20000048   Data           4  main.o(.data)
    pure_gyro_yaw                            0x20000058   Data           4  tim.o(.data)
    pure_gyro_yaw_LP                         0x2000005c   Data           4  tim.o(.data)
    pure_gyro_roll                           0x20000060   Data           4  tim.o(.data)
    pure_acc_pitch                           0x20000064   Data           4  tim.o(.data)
    pure_acc_pitch_last                      0x20000068   Data           4  tim.o(.data)
    pure_acc_roll                            0x2000006c   Data           4  tim.o(.data)
    pure_acc_roll_last                       0x20000070   Data           4  tim.o(.data)
    acc_inti_norm                            0x20000074   Data           4  tim.o(.data)
    acc_norm                                 0x20000078   Data           4  tim.o(.data)
    pitch_w_acc                              0x2000007c   Data           4  tim.o(.data)
    last_w_pitch                             0x20000080   Data           4  tim.o(.data)
    k_com                                    0x20000084   Data           4  tim.o(.data)
    k_filter                                 0x20000088   Data           4  tim.o(.data)
    combYawAngle                             0x2000008c   Data           4  tim.o(.data)
    k_filter_pitch_roll                      0x20000090   Data           4  tim.o(.data)
    combAngle_pitch                          0x20000094   Data           4  tim.o(.data)
    comAngle_pitch_LP                        0x20000098   Data           4  tim.o(.data)
    combAngle_roll                           0x2000009c   Data           4  tim.o(.data)
    yaw_angle                                0x200000a0   Data           4  tim.o(.data)
    yaw_angle_dot                            0x200000a4   Data           4  tim.o(.data)
    pitch_angle                              0x200000a8   Data           4  tim.o(.data)
    pitch_angle_dot                          0x200000ac   Data           4  tim.o(.data)
    roll_angle                               0x200000b0   Data           4  tim.o(.data)
    roll_angle_dot                           0x200000b4   Data           4  tim.o(.data)
    spliceThrehold_pitch                     0x200000b8   Data           8  tim.o(.data)
    splicePitch                              0x200000c0   Data           4  tim.o(.data)
    spliceRoll                               0x200000c4   Data           4  tim.o(.data)
    last_pitch_angle                         0x200000c8   Data           8  tim.o(.data)
    last_pitch_angle2                        0x200000d0   Data           8  tim.o(.data)
    spliceFlag_pitch                         0x200000d8   Data           2  tim.o(.data)
    spliceCnt_pitch                          0x200000da   Data           2  tim.o(.data)
    spliceThrehold_yaw                       0x200000e0   Data           8  tim.o(.data)
    spliceYaw                                0x200000e8   Data           4  tim.o(.data)
    last_yaw_angle                           0x200000f0   Data           8  tim.o(.data)
    last_yaw_angle2                          0x200000f8   Data           8  tim.o(.data)
    spliceFlag                               0x20000100   Data           2  tim.o(.data)
    spliceCnt                                0x20000102   Data           2  tim.o(.data)
    breakCnt                                 0x20000104   Data           2  tim.o(.data)
    break_gyro_yaw                           0x20000106   Data           2  tim.o(.data)
    comb_time_yaw                            0x20000108   Data           2  tim.o(.data)
    kalman_time_yaw                          0x2000010c   Data           4  tim.o(.data)
    yaw_mag_bias                             0x20000110   Data           4  tim.o(.data)
    yaw_w_cal                                0x20000114   Data           4  tim.o(.data)
    pitch_w_cal                              0x20000118   Data           4  tim.o(.data)
    roll_w_cal                               0x2000011c   Data           4  tim.o(.data)
    yaw_w_cal_LP                             0x20000120   Data           4  tim.o(.data)
    gyro_raw                                 0x20000124   Data           6  tim.o(.data)
    acc_raw                                  0x2000012a   Data           6  tim.o(.data)
    inte_velocity_y                          0x20000130   Data           4  tim.o(.data)
    inte_velocity_x                          0x20000134   Data           4  tim.o(.data)
    angle_init_flag                          0x20000138   Data           1  tim.o(.data)
    ms4                                      0x2000013c   Data           4  tim.o(.data)
    symbol                                   0x20000140   Data           4  tim.o(.data)
    uwTick                                   0x20000148   Data           4  stm32f0xx_hal.o(.data)
    uwTickPrio                               0x2000014c   Data           4  stm32f0xx_hal.o(.data)
    uwTickFreq                               0x20000150   Data           1  stm32f0xx_hal.o(.data)
    SystemCoreClock                          0x20000154   Data           4  system_stm32f0xx.o(.data)
    Temp                                     0x2000015c   Data          80  tempcontrol.o(.bss)
    hspi1                                    0x200001ac   Data         100  spi.o(.bss)
    hdma_spi1_rx                             0x20000210   Data          68  spi.o(.bss)
    hdma_spi1_tx                             0x20000254   Data          68  spi.o(.bss)
    htim2                                    0x20000298   Data          72  tim.o(.bss)
    htim3                                    0x200002e0   Data          72  tim.o(.bss)
    icm_gyro                                 0x20000328   Data          12  tim.o(.bss)
    icm_gyro_LP                              0x20000334   Data          12  tim.o(.bss)
    icm_accel                                0x20000340   Data          12  tim.o(.bss)
    senddata                                 0x2000034c   Data          15  tim.o(.bss)
    huart1                                   0x2000035c   Data         136  usart.o(.bss)
    hdma_usart1_tx                           0x200003e4   Data          68  usart.o(.bss)
    __initial_sp                             0x20000828   Data           0  startup_stm32f042x6.o(STACK)



==============================================================================

Memory Map of the image

  Image Entry point : 0x080000c1

  Load Region LR_IROM1 (Base: 0x08000000, Size: 0x00004a78, Max: 0x00008000, ABSOLUTE, COMPRESSED[0x00004954])

    Execution Region ER_IROM1 (Exec base: 0x08000000, Load base: 0x08000000, Size: 0x0000491c, Max: 0x00008000, ABSOLUTE)

    Exec Addr    Load Addr    Size         Type   Attr      Idx    E Section Name        Object

    0x08000000   0x08000000   0x000000c0   Data   RO            3    RESET               startup_stm32f042x6.o
    0x080000c0   0x080000c0   0x00000000   Code   RO         4375  * .ARM.Collect$$$$00000000  mc_p.l(entry.o)
    0x080000c0   0x080000c0   0x00000004   Code   RO         4437    .ARM.Collect$$$$00000001  mc_p.l(entry2.o)
    0x080000c4   0x080000c4   0x00000004   Code   RO         4440    .ARM.Collect$$$$00000004  mc_p.l(entry5.o)
    0x080000c8   0x080000c8   0x00000000   Code   RO         4442    .ARM.Collect$$$$00000008  mc_p.l(entry7b.o)
    0x080000c8   0x080000c8   0x00000000   Code   RO         4444    .ARM.Collect$$$$0000000A  mc_p.l(entry8b.o)
    0x080000c8   0x080000c8   0x00000008   Code   RO         4445    .ARM.Collect$$$$0000000B  mc_p.l(entry9a.o)
    0x080000d0   0x080000d0   0x00000004   Code   RO         4452    .ARM.Collect$$$$0000000E  mc_p.l(entry12b.o)
    0x080000d4   0x080000d4   0x00000000   Code   RO         4447    .ARM.Collect$$$$0000000F  mc_p.l(entry10a.o)
    0x080000d4   0x080000d4   0x00000000   Code   RO         4449    .ARM.Collect$$$$00000011  mc_p.l(entry11a.o)
    0x080000d4   0x080000d4   0x00000004   Code   RO         4438    .ARM.Collect$$$$00002712  mc_p.l(entry2.o)
    0x080000d8   0x080000d8   0x00000058   Code   RO            4    .text               startup_stm32f042x6.o
    0x08000130   0x08000130   0x0000002c   Code   RO         4378    .text               mc_p.l(uidiv.o)
    0x0800015c   0x0800015c   0x00000060   Code   RO         4382    .text               mc_p.l(uldiv.o)
    0x080001bc   0x080001bc   0x00000022   Code   RO         4384    .text               mc_p.l(llushr.o)
    0x080001de   0x080001de   0x00000024   Code   RO         4386    .text               mc_p.l(memcpya.o)
    0x08000202   0x08000202   0x00000024   Code   RO         4388    .text               mc_p.l(memseta.o)
    0x08000226   0x08000226   0x000000b2   Code   RO         4392    .text               mf_p.l(fadd.o)
    0x080002d8   0x080002d8   0x0000007a   Code   RO         4394    .text               mf_p.l(fmul.o)
    0x08000352   0x08000352   0x0000007c   Code   RO         4396    .text               mf_p.l(fdiv.o)
    0x080003ce   0x080003ce   0x00000016   Code   RO         4400    .text               mf_p.l(fflti.o)
    0x080003e4   0x080003e4   0x00000032   Code   RO         4404    .text               mf_p.l(ffixi.o)
    0x08000416   0x08000416   0x00000028   Code   RO         4406    .text               mf_p.l(f2d.o)
    0x0800043e   0x0800043e   0x00000002   PAD
    0x08000440   0x08000440   0x00000028   Code   RO         4408    .text               mf_p.l(cdcmple.o)
    0x08000468   0x08000468   0x00000028   Code   RO         4410    .text               mf_p.l(cdrcmple.o)
    0x08000490   0x08000490   0x00000038   Code   RO         4412    .text               mf_p.l(d2f.o)
    0x080004c8   0x080004c8   0x00000014   Code   RO         4414    .text               mf_p.l(cfcmple.o)
    0x080004dc   0x080004dc   0x00000014   Code   RO         4416    .text               mf_p.l(cfrcmple.o)
    0x080004f0   0x080004f0   0x00000020   Code   RO         4453    .text               mc_p.l(llshl.o)
    0x08000510   0x08000510   0x00000000   Code   RO         4462    .text               mc_p.l(iusefp.o)
    0x08000510   0x08000510   0x00000082   Code   RO         4463    .text               mf_p.l(fepilogue.o)
    0x08000592   0x08000592   0x000000be   Code   RO         4469    .text               mf_p.l(depilogue.o)
    0x08000650   0x08000650   0x000000a2   Code   RO         4473    .text               mf_p.l(dsqrt.o)
    0x080006f2   0x080006f2   0x00000002   PAD
    0x080006f4   0x080006f4   0x00000024   Code   RO         4475    .text               mc_p.l(init.o)
    0x08000718   0x08000718   0x0000003a   Code   RO         4487    .text               mc_p.l(__dczerorl.o)
    0x08000752   0x08000752   0x00000002   PAD
    0x08000754   0x08000754   0x00000034   Code   RO          447    i.Append_CRC16_Check_Sum  algorithmofcrc.o
    0x08000788   0x08000788   0x00000018   Code   RO          733    i.DMA1_Channel2_3_IRQHandler  stm32f0xx_it.o
    0x080007a0   0x080007a0   0x00000010   Code   RO          734    i.DMA1_Channel4_5_IRQHandler  stm32f0xx_it.o
    0x080007b0   0x080007b0   0x00000020   Code   RO         2085    i.DMA_CalcBaseAndBitshift  stm32f0xx_hal_dma.o
    0x080007d0   0x080007d0   0x0000002a   Code   RO         2086    i.DMA_SetConfig     stm32f0xx_hal_dma.o
    0x080007fa   0x080007fa   0x00000002   Code   RO          505    i.Error_Handler     main.o
    0x080007fc   0x080007fc   0x00000038   Code   RO          449    i.Get_CRC16_Check_Sum  algorithmofcrc.o
    0x08000834   0x08000834   0x00000052   Code   RO         2087    i.HAL_DMA_Abort     stm32f0xx_hal_dma.o
    0x08000886   0x08000886   0x00000058   Code   RO         2088    i.HAL_DMA_Abort_IT  stm32f0xx_hal_dma.o
    0x080008de   0x080008de   0x000000f0   Code   RO         2092    i.HAL_DMA_IRQHandler  stm32f0xx_hal_dma.o
    0x080009ce   0x080009ce   0x00000002   PAD
    0x080009d0   0x080009d0   0x0000005c   Code   RO         2093    i.HAL_DMA_Init      stm32f0xx_hal_dma.o
    0x08000a2c   0x08000a2c   0x0000009a   Code   RO         2097    i.HAL_DMA_Start_IT  stm32f0xx_hal_dma.o
    0x08000ac6   0x08000ac6   0x00000002   PAD
    0x08000ac8   0x08000ac8   0x0000002c   Code   RO         1352    i.HAL_Delay         stm32f0xx_hal.o
    0x08000af4   0x08000af4   0x000001e0   Code   RO         2026    i.HAL_GPIO_Init     stm32f0xx_hal_gpio.o
    0x08000cd4   0x08000cd4   0x0000000c   Code   RO         2030    i.HAL_GPIO_WritePin  stm32f0xx_hal_gpio.o
    0x08000ce0   0x08000ce0   0x0000000c   Code   RO         1356    i.HAL_GetTick       stm32f0xx_hal.o
    0x08000cec   0x08000cec   0x00000018   Code   RO         1362    i.HAL_IncTick       stm32f0xx_hal.o
    0x08000d04   0x08000d04   0x00000020   Code   RO         1363    i.HAL_Init          stm32f0xx_hal.o
    0x08000d24   0x08000d24   0x00000054   Code   RO         1364    i.HAL_InitTick      stm32f0xx_hal.o
    0x08000d78   0x08000d78   0x00000040   Code   RO          801    i.HAL_MspInit       stm32f0xx_hal_msp.o
    0x08000db8   0x08000db8   0x0000001c   Code   RO         2185    i.HAL_NVIC_EnableIRQ  stm32f0xx_hal_cortex.o
    0x08000dd4   0x08000dd4   0x00000012   Code   RO         2189    i.HAL_NVIC_SetPriority  stm32f0xx_hal_cortex.o
    0x08000de6   0x08000de6   0x00000002   PAD
    0x08000de8   0x08000de8   0x00000188   Code   RO         1272    i.HAL_RCCEx_PeriphCLKConfig  stm32f0xx_hal_rcc_ex.o
    0x08000f70   0x08000f70   0x00000184   Code   RO         1167    i.HAL_RCC_ClockConfig  stm32f0xx_hal_rcc.o
    0x080010f4   0x080010f4   0x0000000c   Code   RO         1172    i.HAL_RCC_GetHCLKFreq  stm32f0xx_hal_rcc.o
    0x08001100   0x08001100   0x00000024   Code   RO         1174    i.HAL_RCC_GetPCLK1Freq  stm32f0xx_hal_rcc.o
    0x08001124   0x08001124   0x000000d0   Code   RO         1175    i.HAL_RCC_GetSysClockFreq  stm32f0xx_hal_rcc.o
    0x080011f4   0x080011f4   0x0000063c   Code   RO         1178    i.HAL_RCC_OscConfig  stm32f0xx_hal_rcc.o
    0x08001830   0x08001830   0x0000010c   Code   RO          834    i.HAL_SPI_Init      stm32f0xx_hal_spi.o
    0x0800193c   0x0800193c   0x000000f4   Code   RO          586    i.HAL_SPI_MspInit   spi.o
    0x08001a30   0x08001a30   0x000001d8   Code   RO          837    i.HAL_SPI_Receive   stm32f0xx_hal_spi.o
    0x08001c08   0x08001c08   0x000001da   Code   RO          842    i.HAL_SPI_Transmit  stm32f0xx_hal_spi.o
    0x08001de2   0x08001de2   0x00000282   Code   RO          843    i.HAL_SPI_TransmitReceive  stm32f0xx_hal_spi.o
    0x08002064   0x08002064   0x0000012c   Code   RO          624    i.HAL_SYSTICK_Callback  tim.o
    0x08002190   0x08002190   0x00000038   Code   RO         2193    i.HAL_SYSTICK_Config  stm32f0xx_hal_cortex.o
    0x080021c8   0x080021c8   0x00000080   Code   RO         3432    i.HAL_TIMEx_MasterConfigSynchronization  stm32f0xx_hal_tim_ex.o
    0x08002248   0x08002248   0x00000064   Code   RO         2702    i.HAL_TIM_Base_Init  stm32f0xx_hal_tim.o
    0x080022ac   0x080022ac   0x00000058   Code   RO          626    i.HAL_TIM_Base_MspInit  tim.o
    0x08002304   0x08002304   0x00000060   Code   RO         2705    i.HAL_TIM_Base_Start  stm32f0xx_hal_tim.o
    0x08002364   0x08002364   0x00000118   Code   RO         2711    i.HAL_TIM_ConfigClockSource  stm32f0xx_hal_tim.o
    0x0800247c   0x0800247c   0x0000005c   Code   RO          627    i.HAL_TIM_MspPostInit  tim.o
    0x080024d8   0x080024d8   0x0000010a   Code   RO         2774    i.HAL_TIM_PWM_ConfigChannel  stm32f0xx_hal_tim.o
    0x080025e2   0x080025e2   0x00000064   Code   RO         2777    i.HAL_TIM_PWM_Init  stm32f0xx_hal_tim.o
    0x08002646   0x08002646   0x00000002   Code   RO         2779    i.HAL_TIM_PWM_MspInit  stm32f0xx_hal_tim.o
    0x08002648   0x08002648   0x000000e8   Code   RO         2782    i.HAL_TIM_PWM_Start  stm32f0xx_hal_tim.o
    0x08002730   0x08002730   0x00000002   Code   RO         3685    i.HAL_UARTEx_RxEventCallback  stm32f0xx_hal_uart.o
    0x08002732   0x08002732   0x00000002   Code   RO         4091    i.HAL_UARTEx_WakeupCallback  stm32f0xx_hal_uart_ex.o
    0x08002734   0x08002734   0x00000002   Code   RO         3701    i.HAL_UART_ErrorCallback  stm32f0xx_hal_uart.o
    0x08002736   0x08002736   0x00000002   PAD
    0x08002738   0x08002738   0x000003d0   Code   RO         3704    i.HAL_UART_IRQHandler  stm32f0xx_hal_uart.o
    0x08002b08   0x08002b08   0x0000007e   Code   RO         3705    i.HAL_UART_Init     stm32f0xx_hal_uart.o
    0x08002b86   0x08002b86   0x00000002   PAD
    0x08002b88   0x08002b88   0x000000e4   Code   RO          695    i.HAL_UART_MspInit  usart.o
    0x08002c6c   0x08002c6c   0x000000c8   Code   RO         3715    i.HAL_UART_Transmit_DMA  stm32f0xx_hal_uart.o
    0x08002d34   0x08002d34   0x00000002   Code   RO         3717    i.HAL_UART_TxCpltCallback  stm32f0xx_hal_uart.o
    0x08002d36   0x08002d36   0x00000002   Code   RO         3718    i.HAL_UART_TxHalfCpltCallback  stm32f0xx_hal_uart.o
    0x08002d38   0x08002d38   0x00000004   Code   RO          735    i.HardFault_Handler  stm32f0xx_it.o
    0x08002d3c   0x08002d3c   0x00000044   Code   RO          563    i.MX_DMA_Init       dma.o
    0x08002d80   0x08002d80   0x000000d4   Code   RO          541    i.MX_GPIO_Init      gpio.o
    0x08002e54   0x08002e54   0x00000054   Code   RO          587    i.MX_SPI1_Init      spi.o
    0x08002ea8   0x08002ea8   0x000000ac   Code   RO          628    i.MX_TIM2_Init      tim.o
    0x08002f54   0x08002f54   0x00000074   Code   RO          629    i.MX_TIM3_Init      tim.o
    0x08002fc8   0x08002fc8   0x00000044   Code   RO          696    i.MX_USART1_UART_Init  usart.o
    0x0800300c   0x0800300c   0x00000002   Code   RO          736    i.NMI_Handler       stm32f0xx_it.o
    0x0800300e   0x0800300e   0x000001ea   Code   RO          254    i.PID_Calc          tempcontrol.o
    0x080031f8   0x080031f8   0x00000002   Code   RO          737    i.PendSV_Handler    stm32f0xx_it.o
    0x080031fa   0x080031fa   0x0000008e   Code   RO          871    i.SPI_EndRxTransaction  stm32f0xx_hal_spi.o
    0x08003288   0x08003288   0x0000006a   Code   RO          872    i.SPI_EndRxTxTransaction  stm32f0xx_hal_spi.o
    0x080032f2   0x080032f2   0x00000002   PAD
    0x080032f4   0x080032f4   0x000000fc   Code   RO          877    i.SPI_WaitFifoStateUntilTimeout  stm32f0xx_hal_spi.o
    0x080033f0   0x080033f0   0x000000dc   Code   RO          878    i.SPI_WaitFlagStateUntilTimeout  stm32f0xx_hal_spi.o
    0x080034cc   0x080034cc   0x00000002   Code   RO          738    i.SVC_Handler       stm32f0xx_it.o
    0x080034ce   0x080034ce   0x0000000c   Code   RO          739    i.SysTick_Handler   stm32f0xx_it.o
    0x080034da   0x080034da   0x00000070   Code   RO          506    i.SystemClock_Config  main.o
    0x0800354a   0x0800354a   0x00000002   Code   RO         4172    i.SystemInit        system_stm32f0xx.o
    0x0800354c   0x0800354c   0x000000a0   Code   RO         2795    i.TIM_Base_SetConfig  stm32f0xx_hal_tim.o
    0x080035ec   0x080035ec   0x00000022   Code   RO         2796    i.TIM_CCxChannelCmd  stm32f0xx_hal_tim.o
    0x0800360e   0x0800360e   0x0000001c   Code   RO         2806    i.TIM_ETR_SetConfig  stm32f0xx_hal_tim.o
    0x0800362a   0x0800362a   0x00000018   Code   RO         2807    i.TIM_ITRx_SetConfig  stm32f0xx_hal_tim.o
    0x08003642   0x08003642   0x00000002   PAD
    0x08003644   0x08003644   0x0000009c   Code   RO         2808    i.TIM_OC1_SetConfig  stm32f0xx_hal_tim.o
    0x080036e0   0x080036e0   0x000000b0   Code   RO         2809    i.TIM_OC2_SetConfig  stm32f0xx_hal_tim.o
    0x08003790   0x08003790   0x000000ac   Code   RO         2810    i.TIM_OC3_SetConfig  stm32f0xx_hal_tim.o
    0x0800383c   0x0800383c   0x00000078   Code   RO         2811    i.TIM_OC4_SetConfig  stm32f0xx_hal_tim.o
    0x080038b4   0x080038b4   0x00000032   Code   RO         2813    i.TIM_TI1_ConfigInputStage  stm32f0xx_hal_tim.o
    0x080038e6   0x080038e6   0x00000032   Code   RO         2815    i.TIM_TI2_ConfigInputStage  stm32f0xx_hal_tim.o
    0x08003918   0x08003918   0x00000048   Code   RO          255    i.TempControl       tempcontrol.o
    0x08003960   0x08003960   0x00000064   Code   RO          256    i.Temp_init         tempcontrol.o
    0x080039c4   0x080039c4   0x000000f0   Code   RO         3719    i.UART_AdvFeatureConfig  stm32f0xx_hal_uart.o
    0x08003ab4   0x08003ab4   0x00000100   Code   RO         3720    i.UART_CheckIdleState  stm32f0xx_hal_uart.o
    0x08003bb4   0x08003bb4   0x00000018   Code   RO         3721    i.UART_DMAAbortOnError  stm32f0xx_hal_uart.o
    0x08003bcc   0x08003bcc   0x00000058   Code   RO         3722    i.UART_DMAError     stm32f0xx_hal_uart.o
    0x08003c24   0x08003c24   0x0000005e   Code   RO         3727    i.UART_DMATransmitCplt  stm32f0xx_hal_uart.o
    0x08003c82   0x08003c82   0x0000000e   Code   RO         3729    i.UART_DMATxHalfCplt  stm32f0xx_hal_uart.o
    0x08003c90   0x08003c90   0x00000080   Code   RO         3731    i.UART_EndRxTransfer  stm32f0xx_hal_uart.o
    0x08003d10   0x08003d10   0x00000036   Code   RO         3732    i.UART_EndTransmit_IT  stm32f0xx_hal_uart.o
    0x08003d46   0x08003d46   0x0000002c   Code   RO         3733    i.UART_EndTxTransfer  stm32f0xx_hal_uart.o
    0x08003d72   0x08003d72   0x00000002   PAD
    0x08003d74   0x08003d74   0x000001a0   Code   RO         3736    i.UART_SetConfig    stm32f0xx_hal_uart.o
    0x08003f14   0x08003f14   0x000000ac   Code   RO         3741    i.UART_WaitOnFlagUntilTimeout  stm32f0xx_hal_uart.o
    0x08003fc0   0x08003fc0   0x00000010   Code   RO          740    i.USART1_IRQHandler  stm32f0xx_it.o
    0x08003fd0   0x08003fd0   0x0000002e   Code   RO         4471    i.__ARM_clz         mf_p.l(depilogue.o)
    0x08003ffe   0x08003ffe   0x00000030   Code   RO         1254    i.__ARM_common_ll_muluu  stm32f0xx_hal_rcc.o
    0x0800402e   0x0800402e   0x00000002   PAD
    0x08004030   0x08004030   0x00000078   Code   RO         2195    i.__NVIC_SetPriority  stm32f0xx_hal_cortex.o
    0x080040a8   0x080040a8   0x00000006   Code   RO         3742    i.__get_PRIMASK     stm32f0xx_hal_uart.o
    0x080040ae   0x080040ae   0x0000000e   Code   RO         4481    i.__scatterload_copy  mc_p.l(handlers.o)
    0x080040bc   0x080040bc   0x00000002   Code   RO         4482    i.__scatterload_null  mc_p.l(handlers.o)
    0x080040be   0x080040be   0x0000000e   Code   RO         4483    i.__scatterload_zeroinit  mc_p.l(handlers.o)
    0x080040cc   0x080040cc   0x00000006   Code   RO         3743    i.__set_PRIMASK     stm32f0xx_hal_uart.o
    0x080040d2   0x080040d2   0x00000002   PAD
    0x080040d4   0x080040d4   0x0000000c   Code   RO         4457    i.__set_errno       mc_p.l(errno.o)
    0x080040e0   0x080040e0   0x0000004a   Code   RO           13    i.icm20602_get_accel_adc  icm.o
    0x0800412a   0x0800412a   0x00000002   PAD
    0x0800412c   0x0800412c   0x0000005c   Code   RO           16    i.icm20602_get_gyro_adc  icm.o
    0x08004188   0x08004188   0x00000044   Code   RO           17    i.icm20602_get_temp  icm.o
    0x080041cc   0x080041cc   0x000000b8   Code   RO           18    i.icm20602_init     icm.o
    0x08004284   0x08004284   0x00000048   Code   RO           19    i.icm20602_read_buffer  icm.o
    0x080042cc   0x080042cc   0x00000054   Code   RO           20    i.icm20602_read_reg  icm.o
    0x08004320   0x08004320   0x00000070   Code   RO           21    i.icm20602_set_accel_fullscale  icm.o
    0x08004390   0x08004390   0x00000074   Code   RO           22    i.icm20602_set_gyro_fullscale  icm.o
    0x08004404   0x08004404   0x00000040   Code   RO           23    i.icm20602_write_reg  icm.o
    0x08004444   0x08004444   0x00000050   Code   RO           24    i.icm_offset_call   icm.o
    0x08004494   0x08004494   0x00000094   Code   RO          507    i.main              main.o
    0x08004528   0x08004528   0x00000048   Code   RO         4360    i.sqrt              m_ps.l(sqrt.o)
    0x08004570   0x08004570   0x00000050   Code   RO          631    i.usart_transmit_imu_data  tim.o
    0x080045c0   0x080045c0   0x00000301   Data   RO          453    .constdata          algorithmofcrc.o
    0x080048c1   0x080048c1   0x00000020   Data   RO         1179    .constdata          stm32f0xx_hal_rcc.o
    0x080048e1   0x080048e1   0x00000018   Data   RO         4173    .constdata          system_stm32f0xx.o
    0x080048f9   0x080048f9   0x00000003   PAD
    0x080048fc   0x080048fc   0x00000020   Data   RO         4479    Region$$Table       anon$$obj.o


    Execution Region RW_IRAM1 (Exec base: 0x20000000, Load base: 0x0800491c, Size: 0x00000828, Max: 0x00001800, ABSOLUTE, COMPRESSED[0x00000038])

    Exec Addr    Load Addr    Size         Type   Attr      Idx    E Section Name        Object

    0x20000000   COMPRESSED   0x0000001c   Data   RW           25    .data               icm.o
    0x2000001c   COMPRESSED   0x0000000a   Data   RW          258    .data               tempcontrol.o
    0x20000026   COMPRESSED   0x00000004   Data   RW          454    .data               algorithmofcrc.o
    0x2000002a   COMPRESSED   0x00000002   PAD
    0x2000002c   COMPRESSED   0x00000020   Data   RW          508    .data               main.o
    0x2000004c   COMPRESSED   0x00000004   PAD
    0x20000050   COMPRESSED   0x000000f8   Data   RW          633    .data               tim.o
    0x20000148   COMPRESSED   0x00000009   Data   RW         1370    .data               stm32f0xx_hal.o
    0x20000151   COMPRESSED   0x00000003   PAD
    0x20000154   COMPRESSED   0x00000004   Data   RW         4174    .data               system_stm32f0xx.o
    0x20000158   COMPRESSED   0x00000004   Data   RW         4458    .data               mc_p.l(errno.o)
    0x2000015c        -       0x00000050   Zero   RW          257    .bss                tempcontrol.o
    0x200001ac        -       0x000000ec   Zero   RW          588    .bss                spi.o
    0x20000298        -       0x000000c3   Zero   RW          632    .bss                tim.o
    0x2000035b   COMPRESSED   0x00000001   PAD
    0x2000035c        -       0x000000cc   Zero   RW          697    .bss                usart.o
    0x20000428        -       0x00000400   Zero   RW            1    STACK               startup_stm32f042x6.o


==============================================================================

Image component sizes


      Code (inc. data)   RO Data    RW Data    ZI Data      Debug   Object Name

       108         14        769          4          0       2104   algorithmofcrc.o
        68          4          0          0          0        734   dma.o
       212         10          0          0          0        927   gpio.o
       946         82          0         28          0      12239   icm.o
         0          0          0          0          0     470684   kalman_filter.o
       262         24          0         32          0       2495   main.o
       328         30          0          0        236       1835   spi.o
        88         38        192          0       1024        640   startup_stm32f042x6.o
       196         38          0          9          0       8609   stm32f0xx_hal.o
       222         26          0          0          0      10321   stm32f0xx_hal_cortex.o
       730         10          0          0          0       5166   stm32f0xx_hal_dma.o
       492         20          0          0          0       1968   stm32f0xx_hal_gpio.o
        64          4          0          0          0        814   stm32f0xx_hal_msp.o
      2288         76         32          0          0       5225   stm32f0xx_hal_rcc.o
       392         14          0          0          0       1508   stm32f0xx_hal_rcc_ex.o
      2576         12          0          0          0       8922   stm32f0xx_hal_spi.o
      2046        100          0          0          0      12499   stm32f0xx_hal_tim.o
       128          8          0          0          0       1316   stm32f0xx_hal_tim_ex.o
      2852         56          0          0          0      17801   stm32f0xx_hal_uart.o
         2          0          0          0          0        936   stm32f0xx_hal_uart_ex.o
        78         20          0          0          0       3509   stm32f0xx_it.o
         2          0         24          4          0       1099   system_stm32f0xx.o
       662         48          0         10         80       2203   tempcontrol.o
       848        100          0        248        195       7267   tim.o
       296         32          0          0        204       1773   usart.o

    ----------------------------------------------------------------------
     15908        766       1052        344       1740     582594   Object Totals
         0          0         32          0          0          0   (incl. Generated)
        22          0          3          9          1          0   (incl. Padding)

    ----------------------------------------------------------------------

      Code (inc. data)   RO Data    RW Data    ZI Data      Debug   Library Member Name

        72          6          0          0          0         76   sqrt.o
        58          0          0          0          0          0   __dczerorl.o
         0          0          0          0          0          0   entry.o
         0          0          0          0          0          0   entry10a.o
         0          0          0          0          0          0   entry11a.o
         4          0          0          0          0          0   entry12b.o
         8          4          0          0          0          0   entry2.o
         4          0          0          0          0          0   entry5.o
         0          0          0          0          0          0   entry7b.o
         0          0          0          0          0          0   entry8b.o
         8          4          0          0          0          0   entry9a.o
        12          6          0          4          0         60   errno.o
        30          0          0          0          0          0   handlers.o
        36          8          0          0          0         68   init.o
         0          0          0          0          0          0   iusefp.o
        32          0          0          0          0         68   llshl.o
        34          0          0          0          0         68   llushr.o
        36          0          0          0          0         60   memcpya.o
        36          0          0          0          0        100   memseta.o
        44          0          0          0          0         72   uidiv.o
        96          0          0          0          0         84   uldiv.o
        40          2          0          0          0         68   cdcmple.o
        40          2          0          0          0         68   cdrcmple.o
        20          0          0          0          0         68   cfcmple.o
        20          0          0          0          0         68   cfrcmple.o
        56          0          0          0          0         68   d2f.o
       236          0          0          0          0        216   depilogue.o
       162          0          0          0          0         80   dsqrt.o
        40          0          0          0          0         60   f2d.o
       178          0          0          0          0        108   fadd.o
       124          0          0          0          0         72   fdiv.o
       130          0          0          0          0        144   fepilogue.o
        50          0          0          0          0         60   ffixi.o
        22          0          0          0          0         68   fflti.o
       122          0          0          0          0         72   fmul.o

    ----------------------------------------------------------------------
      1756         32          0          4          0       1876   Library Totals
         6          0          0          0          0          0   (incl. Padding)

    ----------------------------------------------------------------------

      Code (inc. data)   RO Data    RW Data    ZI Data      Debug   Library Name

        72          6          0          0          0         76   m_ps.l
       438         22          0          4          0        580   mc_p.l
      1240          4          0          0          0       1220   mf_p.l

    ----------------------------------------------------------------------
      1756         32          0          4          0       1876   Library Totals

    ----------------------------------------------------------------------

==============================================================================


      Code (inc. data)   RO Data    RW Data    ZI Data      Debug   

     17664        798       1052        348       1740     578942   Grand Totals
     17664        798       1052         56       1740     578942   ELF Image Totals (compressed)
     17664        798       1052         56          0          0   ROM Totals

==============================================================================

    Total RO  Size (Code + RO Data)                18716 (  18.28kB)
    Total RW  Size (RW Data + ZI Data)              2088 (   2.04kB)
    Total ROM Size (Code + RO Data + RW Data)      18772 (  18.33kB)

==============================================================================

