<html>
<body>
<pre>
<h1>µVision Build Log</h1>
<h2>Tool Versions:</h2>
IDE-Version: ¦ÌVision V5.21.1.0
Copyright (C) 2016 ARM Ltd and ARM Germany GmbH. All rights reserved.
License Information: 1 1, 1, LIC=ATTQ1-CTNC6-2ZMW4-F9URX-GK9D5-QVBTP
 
Tool Versions:
Toolchain:       MDK-ARM Plus  Version: 5.21a
Toolchain Path:  D:\WORK\SOFTWARES\MDK5\ARM\ARMCC\Bin
C Compiler:      Armcc.exe V5.06 update 3 (build 300)
Assembler:       Armasm.exe V5.06 update 3 (build 300)
Linker/Locator:  ArmLink.exe V5.06 update 3 (build 300)
Library Manager: ArmAr.exe V5.06 update 3 (build 300)
Hex Converter:   FromElf.exe V5.06 update 3 (build 300)
CPU DLL:         SARMCM3.DLL V5.21a
Dialog DLL:      DCM.DLL V1.13.8.0
Target DLL:      CMSIS_AGDI.dll V1.26.5.0
Dialog DLL:      TCM.DLL V1.14.14.0
 
<h2>Project:</h2>
D:\WORK\RM\Balance_Infantry\Balance_Infatry\project\Chassis\project\balanced_infantry.uvprojx
Project File Date:  12/18/2023

<h2>Output:</h2>
*** Using Compiler 'V5.06 update 3 (build 300)', folder: 'D:\WORK\SOFTWARES\MDK5\ARM\ARMCC\Bin'
Rebuild target 'HUST_balance_infantry'
assembling startup_stm32f40_41xxx.s...
compiling stm32f4xx_it.c...
compiling ToggleBullet.c...
compiling robotObserver.c...
compiling pc_serial.c...
compiling ins.c...
compiling GimbalReceive.c...
compiling system_stm32f4xx.c...
compiling Gimbal.c...
compiling ChasisController.c...
compiling main.c...
compiling HeatControl.c...
compiling GimbalSend.c...
compiling RobotAbnormalDetector.c...
compiling stm32f4xx_crc.c...
compiling misc.c...
compiling stm32f4xx_dac.c...
compiling stm32f4xx_can.c...
compiling stm32f4xx_exti.c...
compiling stm32f4xx_adc.c...
compiling stm32f4xx_dma.c...
compiling stm32f4xx_flash.c...
compiling PowerLimit.c...
compiling stm32f4xx_flash_ramfunc.c...
compiling stm32f4xx_gpio.c...
compiling stm32f4xx_i2c.c...
compiling stm32f4xx_iwdg.c...
compiling stm32f4xx_rng.c...
compiling stm32f4xx_rcc.c...
compiling stm32f4xx_tim.c...
compiling stm32f4xx_rtc.c...
compiling stm32f4xx_usart.c...
compiling stm32f4xx_wwdg.c...
compiling stm32f4xx_dbgmcu.c...
compiling stm32f4xx_syscfg.c...
compiling SEGGER_RTT.c...
compiling arm_atan2_f32.c...
compiling SEGGER_RTT_printf.c...
compiling stm32f4xx_spi.c...
compiling counter.c...
compiling can2.c...
compiling os_tick.c...
compiling can2_receive.c...
compiling can1_receive.c...
compiling can1.c...
compiling pc_uart.c...
compiling motor1_rs485.c...
compiling motor2_rs485.c...
compiling can_send.c...
compiling wifi.c...
compiling user_lib.c...
compiling algorithmOfCRC.c...
compiling bluetooth.c...
compiling bsp_superpower.c...
compiling iwdg.c...
compiling i2c.c...
compiling led.c...
compiling bsp_referee.c...
compiling QuaternionEKF.c...
compiling crc32.c...
compiling kalman_filter.c...
compiling my_filter.c...
compiling pid.c...
compiling wheel_ins.c...
compiling Observer.c...
compiling SystemIdentification.c...
compiling SignalGenerator.c...
compiling RLS_Identification.c...
compiling TD.c...
compiling PC_Task.c...
compiling ChasisEstimateTask.c...
compiling Start_Task.c...
compiling Test_Task.c...
compiling CPU_Task.c...
compiling ChasisControlTask.c...
compiling WheelsAccelFusionTask.c...
compiling SDCardTask.c...
compiling Offline_Task.c...
compiling ActionTask.c...
compiling BlueToothTask.c...
compiling iwdgTask.c...
compiling MF9025_IdentifyTask.c...
compiling RefereeTask.c...
compiling PowerControlTask.c...
compiling GimbalTask.c...
compiling croutine.c...
compiling event_groups.c...
compiling list.c...
compiling queue.c...
compiling ff.c...
compiling tasks.c...
compiling diskio.c...
compiling port.c...
compiling timers.c...
compiling heap_4.c...
compiling M2006.c...
compiling GM6020.c...
compiling bsp_spi_sdcard.c...
compiling UniTreeA1.c...
compiling MF9025.c...
compiling icm20602.c...
compiling ina260.c...
compiling tools.c...
compiling ZeroCheck.c...
compiling remote_control.c...
compiling Referee.c...
compiling SuperPower.c...
compiling debug.c...
linking...
Program Size: Code=59640 RO-data=3716 RW-data=1304 ZI-data=27104  
".\Objects\balanced_infantry.axf" - 0 Error(s), 0 Warning(s).

<h2>Collection of Component include folders:</h2>
  D:\WORK\RM\Balance_Infantry\Balance_Infatry\project\Chassis\project\RTE
  D:\WORK\SOFTWARES\MDK5\ARM\PACK\Keil\STM32F4xx_DFP\2.17.1\Drivers\CMSIS\Device\ST\STM32F4xx\Include

<h2>Collection of Component Files used:</h2>
Build Time Elapsed:  00:00:20
</pre>
</body>
</html>
