Component: ARM Compiler 5.06 update 3 (build 300) Tool: armlink [4d35c9]

==============================================================================

Section Cross References

    stm32f4xx_it.o(i.SysTick_Handler) refers to port.o(i.xPortSysTickHandler) for xPortSysTickHandler
    system_stm32f4xx.o(i.SystemCoreClockUpdate) refers to system_stm32f4xx.o(.data) for SystemCoreClock
    system_stm32f4xx.o(i.SystemInit) refers to system_stm32f4xx.o(i.SetSysClock) for SetSysClock
    startup_stm32f40_41xxx.o(RESET) refers to startup_stm32f40_41xxx.o(STACK) for __initial_sp
    startup_stm32f40_41xxx.o(RESET) refers to startup_stm32f40_41xxx.o(.text) for Reset_Handler
    startup_stm32f40_41xxx.o(RESET) refers to stm32f4xx_it.o(i.NMI_Handler) for NMI_Handler
    startup_stm32f40_41xxx.o(RESET) refers to stm32f4xx_it.o(i.HardFault_Handler) for HardFault_Handler
    startup_stm32f40_41xxx.o(RESET) refers to stm32f4xx_it.o(i.MemManage_Handler) for MemManage_Handler
    startup_stm32f40_41xxx.o(RESET) refers to stm32f4xx_it.o(i.BusFault_Handler) for BusFault_Handler
    startup_stm32f40_41xxx.o(RESET) refers to stm32f4xx_it.o(i.UsageFault_Handler) for UsageFault_Handler
    startup_stm32f40_41xxx.o(RESET) refers to port.o(.emb_text) for SVC_Handler
    startup_stm32f40_41xxx.o(RESET) refers to stm32f4xx_it.o(i.DebugMon_Handler) for DebugMon_Handler
    startup_stm32f40_41xxx.o(RESET) refers to stm32f4xx_it.o(i.SysTick_Handler) for SysTick_Handler
    startup_stm32f40_41xxx.o(RESET) refers to wifi.o(i.DMA1_Stream2_IRQHandler) for DMA1_Stream2_IRQHandler
    startup_stm32f40_41xxx.o(RESET) refers to wifi.o(i.DMA1_Stream3_IRQHandler) for DMA1_Stream3_IRQHandler
    startup_stm32f40_41xxx.o(RESET) refers to pc_uart.o(i.DMA1_Stream6_IRQHandler) for DMA1_Stream6_IRQHandler
    startup_stm32f40_41xxx.o(RESET) refers to can1.o(i.CAN1_TX_IRQHandler) for CAN1_TX_IRQHandler
    startup_stm32f40_41xxx.o(RESET) refers to can1.o(i.CAN1_RX0_IRQHandler) for CAN1_RX0_IRQHandler
    startup_stm32f40_41xxx.o(RESET) refers to can1.o(i.CAN1_RX1_IRQHandler) for CAN1_RX1_IRQHandler
    startup_stm32f40_41xxx.o(RESET) refers to dji_remote.o(i.USART1_IRQHandler) for USART1_IRQHandler
    startup_stm32f40_41xxx.o(RESET) refers to pc_uart.o(i.USART2_IRQHandler) for USART2_IRQHandler
    startup_stm32f40_41xxx.o(RESET) refers to os_tick.o(i.TIM7_IRQHandler) for TIM7_IRQHandler
    startup_stm32f40_41xxx.o(RESET) refers to can2.o(i.CAN2_TX_IRQHandler) for CAN2_TX_IRQHandler
    startup_stm32f40_41xxx.o(RESET) refers to can2.o(i.CAN2_RX0_IRQHandler) for CAN2_RX0_IRQHandler
    startup_stm32f40_41xxx.o(RESET) refers to can2.o(i.CAN2_RX1_IRQHandler) for CAN2_RX1_IRQHandler
    startup_stm32f40_41xxx.o(.text) refers to system_stm32f4xx.o(i.SystemInit) for SystemInit
    startup_stm32f40_41xxx.o(.text) refers to entry.o(.ARM.Collect$$$$00000000) for __main
    main.o(i.BSP_Init) refers to counter.o(i.COUNTER_Configuration) for COUNTER_Configuration
    main.o(i.BSP_Init) refers to tools.o(i.delay_ms) for delay_ms
    main.o(i.BSP_Init) refers to can1.o(i.CAN1_Configuration) for CAN1_Configuration
    main.o(i.BSP_Init) refers to can2.o(i.CAN2_Configuration) for CAN2_Configuration
    main.o(i.BSP_Init) refers to dji_remote.o(i.DJI_REMOTE_Configuration) for DJI_REMOTE_Configuration
    main.o(i.BSP_Init) refers to pc_uart.o(i.PC_UART_Configuration) for PC_UART_Configuration
    main.o(i.BSP_Init) refers to bsp_servos.o(i.Servos_Configuration) for Servos_Configuration
    main.o(i.Robot_Init) refers to tools.o(i.delay_ms) for delay_ms
    main.o(i.Robot_Init) refers to debug.o(i.checkIMUOn) for checkIMUOn
    main.o(i.Robot_Init) refers to ins.o(i.INS_Init) for INS_Init
    main.o(i.Robot_Init) refers to icm20602.o(i.ICM20602_init) for ICM20602_init
    main.o(i.Robot_Init) refers to remote_control.o(i.initRemoteControl) for initRemoteControl
    main.o(i.Robot_Init) refers to gimbalestimatetask.o(.bss) for IMUData
    main.o(i.main) refers to stm32f4xx_rcc.o(i.RCC_GetClocksFreq) for RCC_GetClocksFreq
    main.o(i.main) refers to main.o(i.BSP_Init) for BSP_Init
    main.o(i.main) refers to main.o(i.Robot_Init) for Robot_Init
    main.o(i.main) refers to start_task.o(i.startTask) for startTask
    main.o(i.main) refers to tasks.o(i.vTaskStartScheduler) for vTaskStartScheduler
    main.o(i.main) refers to main.o(.bss) for get_rcc_clock
    togglebullet.o(i.ToggleAddGrid) refers to togglebullet.o(.bss) for toggle_controller
    togglebullet.o(i.TogglePidInit) refers to pid.o(i.PID_Init) for PID_Init
    togglebullet.o(i.TogglePidInit) refers to togglebullet.o(.bss) for toggle_controller
    togglebullet.o(i.Toggle_Calculate) refers to pid.o(i.PID_Clear) for PID_Clear
    togglebullet.o(i.Toggle_Calculate) refers to pid.o(i.PID_Calculate) for PID_Calculate
    togglebullet.o(i.Toggle_Calculate) refers to togglebullet.o(.bss) for toggle_controller
    togglebullet.o(i.selectShootFreq) refers to togglebullet.o(.data) for shoot_freq
[...]
    .bss                                     0x200035d4   Section       20  chassissolver.o(.bss)
    .bss                                     0x200035e8   Section      464  frictionwheel.o(.bss)
    .bss                                     0x200037b8   Section     1960  gimbal.o(.bss)
    .bss                                     0x20003f60   Section      156  ins.o(.bss)
    .bss                                     0x20003ffc   Section       44  pc_serial.o(.bss)
    sin_function                             0x20004014   Data          20  pc_serial.o(.bss)
    .bss                                     0x20004028   Section       48  remote_control.o(.bss)
    HEAP                                     0x20004058   Section     8192  startup_stm32f40_41xxx.o(HEAP)
    STACK                                    0x20006058   Section     4096  startup_stm32f40_41xxx.o(STACK)

    Global Symbols

    Symbol Name                              Value     Ov Type        Size  Object(Section)

    BuildAttributes$$THM_ISAv4$E$P$D$K$B$S$7EM$VFPi3$EXTD16$VFPS$VFMA$PE$A:L22UL41UL21$X:L11$S22US41US21$IEEE1$IW$USESV6$~STKCKD$USESV7$~SHL$OTIME$ROPI$IEEEX$EBA8$MICROLIB$REQ8$PRES8$EABIv2 0x00000000   Number         0  anon$$obj.o ABSOLUTE
    __ARM_use_no_argv                        0x00000000   Number         0  main.o ABSOLUTE
    _printf_a                                0x00000000   Number         0  stubs.o ABSOLUTE
    _printf_c                                0x00000000   Number         0  stubs.o ABSOLUTE
    _printf_charcount                        0x00000000   Number         0  stubs.o ABSOLUTE
    _printf_d                                0x00000000   Number         0  stubs.o ABSOLUTE
    _printf_e                                0x00000000   Number         0  stubs.o ABSOLUTE
    _printf_f                                0x00000000   Number         0  stubs.o ABSOLUTE
    _printf_flags                            0x00000000   Number         0  stubs.o ABSOLUTE
    _printf_fp_dec                           0x00000000   Number         0  stubs.o ABSOLUTE
    _printf_fp_hex                           0x00000000   Number         0  stubs.o ABSOLUTE
    _printf_g                                0x00000000   Number         0  stubs.o ABSOLUTE
    _printf_i                                0x00000000   Number         0  stubs.o ABSOLUTE
    _printf_int_dec                          0x00000000   Number         0  stubs.o ABSOLUTE
    _printf_l                                0x00000000   Number         0  stubs.o ABSOLUTE
    _printf_lc                               0x00000000   Number         0  stubs.o ABSOLUTE
    _printf_ll                               0x00000000   Number         0  stubs.o ABSOLUTE
    _printf_lld                              0x00000000   Number         0  stubs.o ABSOLUTE
    _printf_lli                              0x00000000   Number         0  stubs.o ABSOLUTE
    _printf_llo                              0x00000000   Number         0  stubs.o ABSOLUTE
    _printf_llu                              0x00000000   Number         0  stubs.o ABSOLUTE
    _printf_llx                              0x00000000   Number         0  stubs.o ABSOLUTE
    _printf_longlong_dec                     0x00000000   Number         0  stubs.o ABSOLUTE
    _printf_longlong_hex                     0x00000000   Number         0  stubs.o ABSOLUTE
    _printf_longlong_oct                     0x00000000   Number         0  stubs.o ABSOLUTE
    _printf_ls                               0x00000000   Number         0  stubs.o ABSOLUTE
    _printf_mbtowc                           0x00000000   Number         0  stubs.o ABSOLUTE
    _printf_n                                0x00000000   Number         0  stubs.o ABSOLUTE
    _printf_o                                0x00000000   Number         0  stubs.o ABSOLUTE
    _printf_p                                0x00000000   Number         0  stubs.o ABSOLUTE
    _printf_percent                          0x00000000   Number         0  stubs.o ABSOLUTE
    _printf_pre_padding                      0x00000000   Number         0  stubs.o ABSOLUTE
    _printf_return_value                     0x00000000   Number         0  stubs.o ABSOLUTE
    _printf_s                                0x00000000   Number         0  stubs.o ABSOLUTE
    _printf_sizespec                         0x00000000   Number         0  stubs.o ABSOLUTE
    _printf_str                              0x00000000   Number         0  stubs.o ABSOLUTE
    _printf_truncate_signed                  0x00000000   Number         0  stubs.o ABSOLUTE
    _printf_truncate_unsigned                0x00000000   Number         0  stubs.o ABSOLUTE
    _printf_u                                0x00000000   Number         0  stubs.o ABSOLUTE
    _printf_wc                               0x00000000   Number         0  stubs.o ABSOLUTE
    _printf_wctomb                           0x00000000   Number         0  stubs.o ABSOLUTE
    _printf_widthprec                        0x00000000   Number         0  stubs.o ABSOLUTE
    _printf_x                                0x00000000   Number         0  stubs.o ABSOLUTE
    __cpp_initialize__aeabi_                  - Undefined Weak Reference
    __cxa_finalize                            - Undefined Weak Reference
    _clock_init                               - Undefined Weak Reference
    _microlib_exit                            - Undefined Weak Reference
    __Vectors_Size                           0x00000188   Number         0  startup_stm32f40_41xxx.o ABSOLUTE
    __Vectors                                0x08000000   Data           4  startup_stm32f40_41xxx.o(RESET)
    __Vectors_End                            0x08000188   Data           0  startup_stm32f40_41xxx.o(RESET)
    __main                                   0x08000189   Thumb Code     0  entry.o(.ARM.Collect$$$$00000000)
    _main_stk                                0x08000189   Thumb Code     0  entry2.o(.ARM.Collect$$$$00000001)
    _main_scatterload                        0x0800018d   Thumb Code     0  entry5.o(.ARM.Collect$$$$00000004)
    __main_after_scatterload                 0x08000191   Thumb Code     0  entry5.o(.ARM.Collect$$$$00000004)
    _main_clock                              0x08000191   Thumb Code     0  entry7b.o(.ARM.Collect$$$$00000008)
    _main_cpp_init                           0x08000191   Thumb Code     0  entry8b.o(.ARM.Collect$$$$0000000A)
    _main_init                               0x08000191   Thumb Code     0  entry9a.o(.ARM.Collect$$$$0000000B)
    __rt_final_cpp                           0x08000199   Thumb Code     0  entry10a.o(.ARM.Collect$$$$0000000D)
    __rt_final_exit                          0x08000199   Thumb Code     0  entry11a.o(.ARM.Collect$$$$0000000F)
    SVC_Handler                              0x0800019d   Thumb Code    28  port.o(.emb_text)
    __asm___6_port_c_39a90d8d__prvStartFirstTask 0x080001bd   Thumb Code    28  port.o(.emb_text)
    __asm___6_port_c_39a90d8d__prvEnableVFP  0x080001dd   Thumb Code    16  port.o(.emb_text)
    PendSV_Handler                           0x080001f1   Thumb Code    88  port.o(.emb_text)
    vPortGetIPSR                             0x0800024d   Thumb Code     6  port.o(.emb_text)
    Reset_Handler                            0x08000255   Thumb Code     8  startup_stm32f40_41xxx.o(.text)
    ADC_IRQHandler                           0x0800026f   Thumb Code     0  startup_stm32f40_41xxx.o(.text)
    CAN1_SCE_IRQHandler                      0x0800026f   Thumb Code     0  startup_stm32f40_41xxx.o(.text)
    CAN2_SCE_IRQHandler                      0x0800026f   Thumb Code     0  startup_stm32f40_41xxx.o(.text)
    CRYP_IRQHandler                          0x0800026f   Thumb Code     0  startup_stm32f40_41xxx.o(.text)
    DCMI_IRQHandler                          0x0800026f   Thumb Code     0  startup_stm32f40_41xxx.o(.text)
    DMA1_Stream0_IRQHandler                  0x0800026f   Thumb Code     0  startup_stm32f40_41xxx.o(.text)
    DMA1_Stream1_IRQHandler                  0x0800026f   Thumb Code     0  startup_stm32f40_41xxx.o(.text)
    DMA1_Stream4_IRQHandler                  0x0800026f   Thumb Code     0  startup_stm32f40_41xxx.o(.text)
    DMA1_Stream5_IRQHandler                  0x0800026f   Thumb Code     0  startup_stm32f40_41xxx.o(.text)
    DMA1_Stream7_IRQHandler                  0x0800026f   Thumb Code     0  startup_stm32f40_41xxx.o(.text)
    DMA2_Stream0_IRQHandler                  0x0800026f   Thumb Code     0  startup_stm32f40_41xxx.o(.text)
    DMA2_Stream1_IRQHandler                  0x0800026f   Thumb Code     0  startup_stm32f40_41xxx.o(.text)
    DMA2_Stream2_IRQHandler                  0x0800026f   Thumb Code     0  startup_stm32f40_41xxx.o(.text)
    DMA2_Stream3_IRQHandler                  0x0800026f   Thumb Code     0  startup_stm32f40_41xxx.o(.text)
    DMA2_Stream4_IRQHandler                  0x0800026f   Thumb Code     0  startup_stm32f40_41xxx.o(.text)
    DMA2_Stream5_IRQHandler                  0x0800026f   Thumb Code     0  startup_stm32f40_41xxx.o(.text)
    DMA2_Stream6_IRQHandler                  0x0800026f   Thumb Code     0  startup_stm32f40_41xxx.o(.text)
    DMA2_Stream7_IRQHandler                  0x0800026f   Thumb Code     0  startup_stm32f40_41xxx.o(.text)
    ETH_IRQHandler                           0x0800026f   Thumb Code     0  startup_stm32f40_41xxx.o(.text)
    ETH_WKUP_IRQHandler                      0x0800026f   Thumb Code     0  startup_stm32f40_41xxx.o(.text)
    EXTI0_IRQHandler                         0x0800026f   Thumb Code     0  startup_stm32f40_41xxx.o(.text)
    EXTI15_10_IRQHandler                     0x0800026f   Thumb Code     0  startup_stm32f40_41xxx.o(.text)
    EXTI1_IRQHandler                         0x0800026f   Thumb Code     0  startup_stm32f40_41xxx.o(.text)
    EXTI2_IRQHandler                         0x0800026f   Thumb Code     0  startup_stm32f40_41xxx.o(.text)
    EXTI3_IRQHandler                         0x0800026f   Thumb Code     0  startup_stm32f40_41xxx.o(.text)
    EXTI4_IRQHandler                         0x0800026f   Thumb Code     0  startup_stm32f40_41xxx.o(.text)
    EXTI9_5_IRQHandler                       0x0800026f   Thumb Code     0  startup_stm32f40_41xxx.o(.text)
    FLASH_IRQHandler                         0x0800026f   Thumb Code     0  startup_stm32f40_41xxx.o(.text)
    FPU_IRQHandler                           0x0800026f   Thumb Code     0  startup_stm32f40_41xxx.o(.text)
    FSMC_IRQHandler                          0x0800026f   Thumb Code     0  startup_stm32f40_41xxx.o(.text)
    HASH_RNG_IRQHandler                      0x0800026f   Thumb Code     0  startup_stm32f40_41xxx.o(.text)
    I2C1_ER_IRQHandler                       0x0800026f   Thumb Code     0  startup_stm32f40_41xxx.o(.text)
    I2C1_EV_IRQHandler                       0x0800026f   Thumb Code     0  startup_stm32f40_41xxx.o(.text)
    I2C2_ER_IRQHandler                       0x0800026f   Thumb Code     0  startup_stm32f40_41xxx.o(.text)
    I2C2_EV_IRQHandler                       0x0800026f   Thumb Code     0  startup_stm32f40_41xxx.o(.text)
    I2C3_ER_IRQHandler                       0x0800026f   Thumb Code     0  startup_stm32f40_41xxx.o(.text)
    I2C3_EV_IRQHandler                       0x0800026f   Thumb Code     0  startup_stm32f40_41xxx.o(.text)
    OTG_FS_IRQHandler                        0x0800026f   Thumb Code     0  startup_stm32f40_41xxx.o(.text)
    OTG_FS_WKUP_IRQHandler                   0x0800026f   Thumb Code     0  startup_stm32f40_41xxx.o(.text)
    OTG_HS_EP1_IN_IRQHandler                 0x0800026f   Thumb Code     0  startup_stm32f40_41xxx.o(.text)
    OTG_HS_EP1_OUT_IRQHandler                0x0800026f   Thumb Code     0  startup_stm32f40_41xxx.o(.text)
    OTG_HS_IRQHandler                        0x0800026f   Thumb Code     0  startup_stm32f40_41xxx.o(.text)
    OTG_HS_WKUP_IRQHandler                   0x0800026f   Thumb Code     0  startup_stm32f40_41xxx.o(.text)
    PVD_IRQHandler                           0x0800026f   Thumb Code     0  startup_stm32f40_41xxx.o(.text)
    RCC_IRQHandler                           0x0800026f   Thumb Code     0  startup_stm32f40_41xxx.o(.text)
    RTC_Alarm_IRQHandler                     0x0800026f   Thumb Code     0  startup_stm32f40_41xxx.o(.text)
    RTC_WKUP_IRQHandler                      0x0800026f   Thumb Code     0  startup_stm32f40_41xxx.o(.text)
    SDIO_IRQHandler                          0x0800026f   Thumb Code     0  startup_stm32f40_41xxx.o(.text)
    SPI1_IRQHandler                          0x0800026f   Thumb Code     0  startup_stm32f40_41xxx.o(.text)
    SPI2_IRQHandler                          0x0800026f   Thumb Code     0  startup_stm32f40_41xxx.o(.text)
    SPI3_IRQHandler                          0x0800026f   Thumb Code     0  startup_stm32f40_41xxx.o(.text)
    TAMP_STAMP_IRQHandler                    0x0800026f   Thumb Code     0  startup_stm32f40_41xxx.o(.text)
    TIM1_BRK_TIM9_IRQHandler                 0x0800026f   Thumb Code     0  startup_stm32f40_41xxx.o(.text)
    TIM1_CC_IRQHandler                       0x0800026f   Thumb Code     0  startup_stm32f40_41xxx.o(.text)
    TIM1_TRG_COM_TIM11_IRQHandler            0x0800026f   Thumb Code     0  startup_stm32f40_41xxx.o(.text)
    TIM1_UP_TIM10_IRQHandler                 0x0800026f   Thumb Code     0  startup_stm32f40_41xxx.o(.text)
    TIM2_IRQHandler                          0x0800026f   Thumb Code     0  startup_stm32f40_41xxx.o(.text)
    TIM3_IRQHandler                          0x0800026f   Thumb Code     0  startup_stm32f40_41xxx.o(.text)
    TIM4_IRQHandler                          0x0800026f   Thumb Code     0  startup_stm32f40_41xxx.o(.text)
    TIM5_IRQHandler                          0x0800026f   Thumb Code     0  startup_stm32f40_41xxx.o(.text)
    TIM6_DAC_IRQHandler                      0x0800026f   Thumb Code     0  startup_stm32f40_41xxx.o(.text)
    TIM8_BRK_TIM12_IRQHandler                0x0800026f   Thumb Code     0  startup_stm32f40_41xxx.o(.text)
    TIM8_CC_IRQHandler                       0x0800026f   Thumb Code     0  startup_stm32f40_41xxx.o(.text)
    TIM8_TRG_COM_TIM14_IRQHandler            0x0800026f   Thumb Code     0  startup_stm32f40_41xxx.o(.text)
    TIM8_UP_TIM13_IRQHandler                 0x0800026f   Thumb Code     0  startup_stm32f40_41xxx.o(.text)
    UART4_IRQHandler                         0x0800026f   Thumb Code     0  startup_stm32f40_41xxx.o(.text)
    UART5_IRQHandler                         0x0800026f   Thumb Code     0  startup_stm32f40_41xxx.o(.text)
    USART3_IRQHandler                        0x0800026f   Thumb Code     0  startup_stm32f40_41xxx.o(.text)
    USART6_IRQHandler                        0x0800026f   Thumb Code     0  startup_stm32f40_41xxx.o(.text)
    WWDG_IRQHandler                          0x0800026f   Thumb Code     0  startup_stm32f40_41xxx.o(.text)
    arm_cos_f32                              0x08000279   Thumb Code   194  arm_cos_f32.o(.text)
    arm_sin_f32                              0x08000351   Thumb Code   194  arm_sin_f32.o(.text)
    arm_mat_add_f32                          0x08000429   Thumb Code   256  arm_mat_add_f32.o(.text)
    arm_mat_init_f32                         0x08000529   Thumb Code     8  arm_mat_init_f32.o(.text)
    arm_mat_inverse_f32                      0x08000531   Thumb Code  1280  arm_mat_inverse_f32.o(.text)
    arm_mat_mult_f32                         0x08000a31   Thumb Code   242  arm_mat_mult_f32.o(.text)
    arm_mat_sub_f32                          0x08000b29   Thumb Code   256  arm_mat_sub_f32.o(.text)
    arm_mat_trans_f32                        0x08000c29   Thumb Code   152  arm_mat_trans_f32.o(.text)
    __aeabi_memcpy                           0x08000cc1   Thumb Code    36  memcpya.o(.text)
    __aeabi_memcpy4                          0x08000cc1   Thumb Code     0  memcpya.o(.text)
    __aeabi_memcpy8                          0x08000cc1   Thumb Code     0  memcpya.o(.text)
    __aeabi_memset                           0x08000ce5   Thumb Code    14  memseta.o(.text)
    __aeabi_memset4                          0x08000ce5   Thumb Code     0  memseta.o(.text)
    __aeabi_memset8                          0x08000ce5   Thumb Code     0  memseta.o(.text)
    __aeabi_memclr                           0x08000cf3   Thumb Code     4  memseta.o(.text)
    __aeabi_memclr4                          0x08000cf3   Thumb Code     0  memseta.o(.text)
    __aeabi_memclr8                          0x08000cf3   Thumb Code     0  memseta.o(.text)
    _memset$wrapper                          0x08000cf7   Thumb Code    18  memseta.o(.text)
    __aeabi_f2d                              0x08000d09   Thumb Code    38  f2d.o(.text)
    __aeabi_cdrcmple                         0x08000d31   Thumb Code    48  cdrcmple.o(.text)
    __I$use$fp                               0x08000d61   Thumb Code     0  iusefp.o(.text)
    __scatterload                            0x08000d61   Thumb Code    28  init.o(.text)
    __scatterload_rt2                        0x08000d61   Thumb Code     0  init.o(.text)
    __decompress                             0x08000d85   Thumb Code     0  __dczerorl2.o(.text)
    __decompress1                            0x08000d85   Thumb Code    86  __dczerorl2.o(.text)
    ActionTask                               0x08000ddd   Thumb Code    60  actiontask.o(i.ActionTask)
    Append_CRC16_Check_Sum                   0x08000e1d   Thumb Code    44  algorithmofcrc.o(i.Append_CRC16_Check_Sum)
    BSP_Init                                 0x08000e4d   Thumb Code    64  main.o(i.BSP_Init)
    Blue_Tooth_Deal                          0x08000e8d   Thumb Code   144  remote_control.o(i.Blue_Tooth_Deal)
    BodyFrameToEarthFrame                    0x08000f21   Thumb Code   346  ins.o(i.BodyFrameToEarthFrame)
    BombBay_Set                              0x0800107d   Thumb Code    34  bombbay.o(i.BombBay_Set)
    BusFault_Handler                         0x080010a9   Thumb Code     4  stm32f4xx_it.o(i.BusFault_Handler)
    CAN1_Configuration                       0x080010ad   Thumb Code   396  can1.o(i.CAN1_Configuration)
    CAN1_RX0_IRQHandler                      0x08001241   Thumb Code    48  can1.o(i.CAN1_RX0_IRQHandler)
    CAN1_RX1_IRQHandler                      0x08001275   Thumb Code    48  can1.o(i.CAN1_RX1_IRQHandler)
    CAN1_TX_IRQHandler                       0x080012a9   Thumb Code    22  can1.o(i.CAN1_TX_IRQHandler)
    CAN2_Configuration                       0x080012c5   Thumb Code   406  can2.o(i.CAN2_Configuration)
    CAN2_RX0_IRQHandler                      0x08001465   Thumb Code    48  can2.o(i.CAN2_RX0_IRQHandler)
    CAN2_RX1_IRQHandler                      0x08001499   Thumb Code    48  can2.o(i.CAN2_RX1_IRQHandler)
    CAN2_TX_IRQHandler                       0x080014cd   Thumb Code    22  can2.o(i.CAN2_TX_IRQHandler)
    CAN_ClearITPendingBit                    0x080014e9   Thumb Code   162  stm32f4xx_can.o(i.CAN_ClearITPendingBit)
    CAN_DeInit                               0x08001591   Thumb Code    50  stm32f4xx_can.o(i.CAN_DeInit)
    CAN_FilterInit                           0x080015c9   Thumb Code   258  stm32f4xx_can.o(i.CAN_FilterInit)
    CAN_GetITStatus                          0x080016d1   Thumb Code   284  stm32f4xx_can.o(i.CAN_GetITStatus)
    CAN_ITConfig                             0x080017f1   Thumb Code    18  stm32f4xx_can.o(i.CAN_ITConfig)
    CAN_Init                                 0x08001803   Thumb Code   276  stm32f4xx_can.o(i.CAN_Init)
    CAN_Receive                              0x08001917   Thumb Code   240  stm32f4xx_can.o(i.CAN_Receive)
    CAN_StructInit                           0x08001a07   Thumb Code    32  stm32f4xx_can.o(i.CAN_StructInit)
    CAN_Transmit                             0x08001a27   Thumb Code   294  stm32f4xx_can.o(i.CAN_Transmit)
    COUNTER_Configuration                    0x08001b4d   Thumb Code    74  counter.o(i.COUNTER_Configuration)
    Can1Receive0                             0x08001ba1   Thumb Code    66  can1_receive.o(i.Can1Receive0)
    Can1Receive1                             0x08001be3   Thumb Code    66  can1_receive.o(i.Can1Receive1)
    Can1_FIFO0_Receive0                      0x08001c25   Thumb Code    18  can1_receive.o(i.Can1_FIFO0_Receive0)
    Can1_FIFO0_Receive1                      0x08001c39   Thumb Code    24  can1_receive.o(i.Can1_FIFO0_Receive1)
    Can1_FIFO0_Receive2                      0x08001c55   Thumb Code     2  can1_receive.o(i.Can1_FIFO0_Receive2)
    Can1_FIFO0_Receive3                      0x08001c59   Thumb Code    74  can1_receive.o(i.Can1_FIFO0_Receive3)
    Can1_FIFO1_Receive0                      0x08001cb1   Thumb Code     2  can1_receive.o(i.Can1_FIFO1_Receive0)
    Can1_FIFO1_Receive1                      0x08001cb5   Thumb Code    30  can1_receive.o(i.Can1_FIFO1_Receive1)
    Can1_FIFO1_Receive2                      0x08001ce1   Thumb Code     2  can1_receive.o(i.Can1_FIFO1_Receive2)
    Can1_FIFO1_Receive3                      0x08001ce3   Thumb Code     2  can1_receive.o(i.Can1_FIFO1_Receive3)
    Can2Receive0                             0x08001ce5   Thumb Code    70  can2_receive.o(i.Can2Receive0)
    Can2Receive1                             0x08001d2b   Thumb Code    66  can2_receive.o(i.Can2Receive1)
    Can2_FIFO0_Receive0                      0x08001d6d   Thumb Code    44  can2_receive.o(i.Can2_FIFO0_Receive0)
    Can2_FIFO0_Receive1                      0x08001da5   Thumb Code    36  can2_receive.o(i.Can2_FIFO0_Receive1)
    Can2_FIFO0_Receive2                      0x08001dd5   Thumb Code    64  can2_receive.o(i.Can2_FIFO0_Receive2)
    Can2_FIFO0_Receive3                      0x08001e21   Thumb Code     2  can2_receive.o(i.Can2_FIFO0_Receive3)
    Can2_FIFO1_Receive0                      0x08001e25   Thumb Code    74  can2_receive.o(i.Can2_FIFO1_Receive0)
    Can2_FIFO1_Receive1                      0x08001e7d   Thumb Code    74  can2_receive.o(i.Can2_FIFO1_Receive1)
    Can2_FIFO1_Receive2                      0x08001ed5   Thumb Code    74  can2_receive.o(i.Can2_FIFO1_Receive2)
    Can2_FIFO1_Receive3                      0x08001f2d   Thumb Code     2  can2_receive.o(i.Can2_FIFO1_Receive3)
    CanSend                                  0x08001f2f   Thumb Code    52  can_send.o(i.CanSend)
    ChassisTask                              0x08001f65   Thumb Code   118  chassistask.o(i.ChassisTask)
    DBGMCU_Config                            0x08002009   Thumb Code    26  stm32f4xx_dbgmcu.o(i.DBGMCU_Config)
    DJIKeyMouseUpdate                        0x08002029   Thumb Code  1152  chassissolver.o(i.DJIKeyMouseUpdate)
    DJIRemoteUpdate                          0x080024ad   Thumb Code   676  chassissolver.o(i.DJIRemoteUpdate)
    DJI_REMOTE_Configuration                 0x08002779   Thumb Code   276  dji_remote.o(i.DJI_REMOTE_Configuration)
    DMA1_Stream2_IRQHandler                  0x080028a1   Thumb Code    30  wifi.o(i.DMA1_Stream2_IRQHandler)
    DMA1_Stream3_IRQHandler                  0x080028cd   Thumb Code    30  wifi.o(i.DMA1_Stream3_IRQHandler)
    DMA1_Stream6_IRQHandler                  0x080028f9   Thumb Code    52  pc_uart.o(i.DMA1_Stream6_IRQHandler)
    DMA_ClearFlag                            0x0800293d   Thumb Code    38  stm32f4xx_dma.o(i.DMA_ClearFlag)
    DMA_ClearITPendingBit                    0x08002971   Thumb Code    38  stm32f4xx_dma.o(i.DMA_ClearITPendingBit)
    DMA_Cmd                                  0x080029a5   Thumb Code    22  stm32f4xx_dma.o(i.DMA_Cmd)
    DMA_DeInit                               0x080029bd   Thumb Code   324  stm32f4xx_dma.o(i.DMA_DeInit)
    DMA_GetCmdStatus                         0x08002b15   Thumb Code    20  stm32f4xx_dma.o(i.DMA_GetCmdStatus)
    DMA_GetITStatus                          0x08002b29   Thumb Code    82  stm32f4xx_dma.o(i.DMA_GetITStatus)
    DMA_ITConfig                             0x08002b8d   Thumb Code    58  stm32f4xx_dma.o(i.DMA_ITConfig)
    DMA_Init                                 0x08002bc9   Thumb Code    82  stm32f4xx_dma.o(i.DMA_Init)
    DMA_SetCurrDataCounter                   0x08002c21   Thumb Code     4  stm32f4xx_dma.o(i.DMA_SetCurrDataCounter)
    DebugMon_Handler                         0x08002c25   Thumb Code     2  stm32f4xx_it.o(i.DebugMon_Handler)
    EarthFrameToBodyFrame                    0x08002c27   Thumb Code   346  ins.o(i.EarthFrameToBodyFrame)
    Feedforward_Clear                        0x08002d81   Thumb Code    46  pid.o(i.Feedforward_Clear)
    FrictionWheel_Init                       0x08002db5   Thumb Code   106  frictionwheel.o(i.FrictionWheel_Init)
    FrictionWheel_Set                        0x08002e3d   Thumb Code    68  frictionwheel.o(i.FrictionWheel_Set)
    GM6020_Decode                            0x08002e85   Thumb Code   110  gm6020.o(i.GM6020_Decode)
    GM6020_SendPack                          0x08002f01   Thumb Code    94  gm6020.o(i.GM6020_SendPack)
    GPIO_Init                                0x08002f65   Thumb Code   144  stm32f4xx_gpio.o(i.GPIO_Init)
    GPIO_PinAFConfig                         0x08002ff5   Thumb Code    70  stm32f4xx_gpio.o(i.GPIO_PinAFConfig)
    GetDeltaT                                0x0800303d   Thumb Code    42  counter.o(i.GetDeltaT)
    Get_CRC16_Check_Sum                      0x0800306d   Thumb Code    46  algorithmofcrc.o(i.Get_CRC16_Check_Sum)
    GimbalClear                              0x080030a1   Thumb Code   188  gimbal.o(i.GimbalClear)
    GimbalEstimate_task                      0x08003175   Thumb Code    46  gimbalestimatetask.o(i.GimbalEstimate_task)
    GimbalFrictionModel                      0x080031b1   Thumb Code    80  gimbal.o(i.GimbalFrictionModel)
    GimbalPidInit                            0x0800320d   Thumb Code   338  gimbal.o(i.GimbalPidInit)
    GimbalTask                               0x080033b5   Thumb Code   252  gimbaltask.o(i.GimbalTask)
    Gimbal_Act_Cal                           0x080034cd   Thumb Code   132  gimbaltask.o(i.Gimbal_Act_Cal)
    Gimbal_Autoaim_Cal                       0x08003569   Thumb Code   276  gimbaltask.o(i.Gimbal_Autoaim_Cal)
    Gimbal_Big_Buff_Cal                      0x080036a5   Thumb Code   278  gimbaltask.o(i.Gimbal_Big_Buff_Cal)
    Gimbal_Pitch_Calculate                   0x080037e5   Thumb Code   114  gimbal.o(i.Gimbal_Pitch_Calculate)
    Gimbal_Powerdown_Cal                     0x0800385d   Thumb Code    64  gimbaltask.o(i.Gimbal_Powerdown_Cal)
    Gimbal_SI_Cal                            0x080038ad   Thumb Code    90  gimbaltask.o(i.Gimbal_SI_Cal)
    Gimbal_Small_Buff_Cal                    0x0800391d   Thumb Code   278  gimbaltask.o(i.Gimbal_Small_Buff_Cal)
    Gimbal_Speed_Calculate                   0x08003a5d   Thumb Code   144  gimbal.o(i.Gimbal_Speed_Calculate)
    Gimbal_Test_Cal                          0x08003af1   Thumb Code    90  gimbaltask.o(i.Gimbal_Test_Cal)
    Gimbal_Yaw_Calculate                     0x08003b61   Thumb Code   212  gimbal.o(i.Gimbal_Yaw_Calculate)
    HardFault_Handler                        0x08003d7d   Thumb Code     4  stm32f4xx_it.o(i.HardFault_Handler)
    ICM20602_init                            0x08003d81   Thumb Code    50  icm20602.o(i.ICM20602_init)
    ICM_20602_Decode                         0x08003dc9   Thumb Code   118  icm20602.o(i.ICM_20602_Decode)
    IMU_QuaternionEKF_Init                   0x08004401   Thumb Code   264  quaternionekf.o(i.IMU_QuaternionEKF_Init)
    IMU_QuaternionEKF_Update                 0x0800468d   Thumb Code  1566  quaternionekf.o(i.IMU_QuaternionEKF_Update)
    INS_Init                                 0x080051c9   Thumb Code    94  ins.o(i.INS_Init)
    INS_Task                                 0x08005241   Thumb Code   612  ins.o(i.INS_Task)
    Kalman_Filter_Init                       0x080054dd   Thumb Code  1800  kalman_filter.o(i.Kalman_Filter_Init)
    Kalman_Filter_Measure                    0x08005be9   Thumb Code    74  kalman_filter.o(i.Kalman_Filter_Measure)
    Kalman_Filter_P_Update                   0x08005c39   Thumb Code   104  kalman_filter.o(i.Kalman_Filter_P_Update)
    Kalman_Filter_PminusUpdate               0x08005ca1   Thumb Code   104  kalman_filter.o(i.Kalman_Filter_PminusUpdate)
    Kalman_Filter_SetK                       0x08005d09   Thumb Code   210  kalman_filter.o(i.Kalman_Filter_SetK)
    Kalman_Filter_Update                     0x08005ddd   Thumb Code   292  kalman_filter.o(i.Kalman_Filter_Update)
    Kalman_Filter_xhatMinusUpdate            0x08005f05   Thumb Code   124  kalman_filter.o(i.Kalman_Filter_xhatMinusUpdate)
    Kalman_Filter_xhatUpdate                 0x08005f81   Thumb Code   134  kalman_filter.o(i.Kalman_Filter_xhatUpdate)
    LossUpdate                               0x08006007   Thumb Code    54  debug.o(i.LossUpdate)
    M2006_Decode                             0x0800603d   Thumb Code   234  m2006.o(i.M2006_Decode)
    M2006_SendPack                           0x08006139   Thumb Code   138  m2006.o(i.M2006_SendPack)
    M3508_Decode                             0x080061c9   Thumb Code   360  m3508.o(i.M3508_Decode)
    M3508_SendPack                           0x0800633d   Thumb Code   204  m3508.o(i.M3508_SendPack)
    MemManage_Handler                        0x08006415   Thumb Code     4  stm32f4xx_it.o(i.MemManage_Handler)
    NMI_Handler                              0x08006419   Thumb Code     2  stm32f4xx_it.o(i.NMI_Handler)
    NVIC_Init                                0x0800641d   Thumb Code   106  misc.o(i.NVIC_Init)
    OLS_Derivative                           0x08006495   Thumb Code   452  user_lib.o(i.OLS_Derivative)
    OLS_Init                                 0x08006661   Thumb Code    72  user_lib.o(i.OLS_Init)
    Offline_task                             0x080066ad   Thumb Code   344  offline_task.o(i.Offline_task)
    PCReceive                                0x0800680d   Thumb Code    44  pc_serial.o(i.PCReceive)
    PCSolve                                  0x0800683d   Thumb Code    14  pc_serial.o(i.PCSolve)
    PC_UART_Configuration                    0x08006855   Thumb Code   464  pc_uart.o(i.PC_UART_Configuration)
    PID_Calculate                            0x08006a39   Thumb Code   630  pid.o(i.PID_Calculate)
    PID_Clear                                0x08006cb1   Thumb Code    78  pid.o(i.PID_Clear)
    PID_Init                                 0x08006d05   Thumb Code   160  pid.o(i.PID_Init)
    Pack_InfantryMode                        0x08006da9   Thumb Code   214  chassissend.o(i.Pack_InfantryMode)
    Pack_Yaw                                 0x08006e95   Thumb Code    70  chassissend.o(i.Pack_Yaw)
    RCC_AHB1PeriphClockCmd                   0x08006ef1   Thumb Code    26  stm32f4xx_rcc.o(i.RCC_AHB1PeriphClockCmd)
    RCC_APB1PeriphClockCmd                   0x08006f11   Thumb Code    26  stm32f4xx_rcc.o(i.RCC_APB1PeriphClockCmd)
    RCC_APB1PeriphResetCmd                   0x08006f31   Thumb Code    26  stm32f4xx_rcc.o(i.RCC_APB1PeriphResetCmd)
    RCC_APB2PeriphClockCmd                   0x08006f51   Thumb Code    26  stm32f4xx_rcc.o(i.RCC_APB2PeriphClockCmd)
    RCC_APB2PeriphResetCmd                   0x08006f71   Thumb Code    26  stm32f4xx_rcc.o(i.RCC_APB2PeriphResetCmd)
    RCC_GetClocksFreq                        0x08006f91   Thumb Code   214  stm32f4xx_rcc.o(i.RCC_GetClocksFreq)
    RC_Rst                                   0x08007079   Thumb Code    48  remote_control.o(i.RC_Rst)
    RemoteLimit                              0x080070ad   Thumb Code    30  remote_control.o(i.RemoteLimit)
    RemoteReceive                            0x080070cd   Thumb Code   204  remote_control.o(i.RemoteReceive)
    Robot_Init                               0x080071a1   Thumb Code    40  main.o(i.Robot_Init)
    SIInit                                   0x080071d1   Thumb Code   100  systemidentification.o(i.SIInit)
    SIRun                                    0x0800723d   Thumb Code   262  systemidentification.o(i.SIRun)
    SawWaveRun                               0x08007365   Thumb Code   140  signalgenerator.o(i.SawWaveRun)
    SendtoPC                                 0x080073f5   Thumb Code    18  pc_serial.o(i.SendtoPC)
    SendtoPCPack                             0x08007411   Thumb Code   170  pc_serial.o(i.SendtoPCPack)
    Servos_Configuration                     0x080074d9   Thumb Code   170  bsp_servos.o(i.Servos_Configuration)
    Shoot_Autoaim_Cal                        0x08007679   Thumb Code     2  gimbaltask.o(i.Shoot_Autoaim_Cal)
    Shoot_Check_Cal                          0x0800767b   Thumb Code     2  gimbaltask.o(i.Shoot_Check_Cal)
    Shoot_Fire_Cal                           0x0800767d   Thumb Code   354  gimbaltask.o(i.Shoot_Fire_Cal)
    Shoot_Powerdown_Cal                      0x08007809   Thumb Code   276  gimbaltask.o(i.Shoot_Powerdown_Cal)
    Shoot_Supply_Cal                         0x0800793d   Thumb Code   158  gimbaltask.o(i.Shoot_Supply_Cal)
    Shoot_Test_Cal                           0x080079f5   Thumb Code   184  gimbaltask.o(i.Shoot_Test_Cal)
    SinInit                                  0x08007acd   Thumb Code    44  signalgenerator.o(i.SinInit)
    SinRun                                   0x08007b01   Thumb Code   126  signalgenerator.o(i.SinRun)
    SmallLegAction                           0x08007b89   Thumb Code    24  chassissolver.o(i.SmallLegAction)
    Sqrt                                     0x08007ba5   Thumb Code    96  user_lib.o(i.Sqrt)
    SysTick_Handler                          0x08007c0d   Thumb Code     8  stm32f4xx_it.o(i.SysTick_Handler)
    SystemInit                               0x08007c15   Thumb Code    88  system_stm32f4xx.o(i.SystemInit)
    TD_Calculate                             0x08007c7d   Thumb Code   714  td.o(i.TD_Calculate)
    TD_Clear                                 0x08007f69   Thumb Code    38  td.o(i.TD_Clear)
    TD_Init                                  0x08007f95   Thumb Code    50  td.o(i.TD_Init)
    TIM7_IRQHandler                          0x08007fcd   Thumb Code    32  os_tick.o(i.TIM7_IRQHandler)
    TIM_ARRPreloadConfig                     0x08007ff5   Thumb Code    24  stm32f4xx_tim.o(i.TIM_ARRPreloadConfig)
    TIM_ClearITPendingBit                    0x0800800d   Thumb Code     6  stm32f4xx_tim.o(i.TIM_ClearITPendingBit)
    TIM_Cmd                                  0x08008013   Thumb Code    24  stm32f4xx_tim.o(i.TIM_Cmd)
    TIM_CtrlPWMOutputs                       0x0800802b   Thumb Code    30  stm32f4xx_tim.o(i.TIM_CtrlPWMOutputs)
    TIM_GetITStatus                          0x08008049   Thumb Code    34  stm32f4xx_tim.o(i.TIM_GetITStatus)
    TIM_OC4Init                              0x0800806d   Thumb Code   112  stm32f4xx_tim.o(i.TIM_OC4Init)
    TIM_OC4PreloadConfig                     0x080080e5   Thumb Code    26  stm32f4xx_tim.o(i.TIM_OC4PreloadConfig)
    TIM_SetCompare4                          0x080080ff   Thumb Code     4  stm32f4xx_tim.o(i.TIM_SetCompare4)
    TIM_TimeBaseInit                         0x08008105   Thumb Code   104  stm32f4xx_tim.o(i.TIM_TimeBaseInit)
    ToggleAddGrid                            0x08008189   Thumb Code    36  togglebullet.o(i.ToggleAddGrid)
    TogglePidInit                            0x080081b5   Thumb Code   106  togglebullet.o(i.TogglePidInit)
    Toggle_Calculate                         0x08008235   Thumb Code   148  togglebullet.o(i.Toggle_Calculate)
    USART1_IRQHandler                        0x080082d1   Thumb Code    72  dji_remote.o(i.USART1_IRQHandler)
    USART2_IRQHandler                        0x08008325   Thumb Code    72  pc_uart.o(i.USART2_IRQHandler)
    USART_ClearFlag                          0x08008381   Thumb Code    18  stm32f4xx_usart.o(i.USART_ClearFlag)
    USART_Cmd                                0x08008393   Thumb Code    24  stm32f4xx_usart.o(i.USART_Cmd)
    USART_DMACmd                             0x080083ab   Thumb Code    18  stm32f4xx_usart.o(i.USART_DMACmd)
    USART_DeInit                             0x080083bd   Thumb Code   206  stm32f4xx_usart.o(i.USART_DeInit)
    USART_GetFlagStatus                      0x080084ad   Thumb Code    26  stm32f4xx_usart.o(i.USART_GetFlagStatus)
    USART_GetITStatus                        0x080084c7   Thumb Code    84  stm32f4xx_usart.o(i.USART_GetITStatus)
    USART_ITConfig                           0x0800851b   Thumb Code    74  stm32f4xx_usart.o(i.USART_ITConfig)
    USART_Init                               0x08008565   Thumb Code   204  stm32f4xx_usart.o(i.USART_Init)
    UsageFault_Handler                       0x08008639   Thumb Code     4  stm32f4xx_it.o(i.UsageFault_Handler)
    Verify_CRC16_Check_Sum                   0x0800863d   Thumb Code    60  algorithmofcrc.o(i.Verify_CRC16_Check_Sum)
    ZeroCheck                                0x0800867d   Thumb Code   170  zerocheck.o(i.ZeroCheck)
    __ARM_fpclassifyf                        0x08008731   Thumb Code    38  fpclassifyf.o(i.__ARM_fpclassifyf)
    __hardfp_acosf                           0x08008759   Thumb Code   234  acosf.o(i.__hardfp_acosf)
    __hardfp_asinf                           0x08008871   Thumb Code   258  asinf.o(i.__hardfp_asinf)
    __hardfp_atan2f                          0x0800899d   Thumb Code   502  atan2f.o(i.__hardfp_atan2f)
    __mathlib_flt_infnan                     0x08008bed   Thumb Code     6  funder.o(i.__mathlib_flt_infnan)
    __mathlib_flt_infnan2                    0x08008bf3   Thumb Code     6  funder.o(i.__mathlib_flt_infnan2)
    __mathlib_flt_invalid                    0x08008bf9   Thumb Code    10  funder.o(i.__mathlib_flt_invalid)
    __mathlib_flt_underflow                  0x08008c09   Thumb Code    10  funder.o(i.__mathlib_flt_underflow)
    __scatterload_copy                       0x08008c19   Thumb Code    14  handlers.o(i.__scatterload_copy)
    __scatterload_null                       0x08008c27   Thumb Code     2  handlers.o(i.__scatterload_null)
    __scatterload_zeroinit                   0x08008c29   Thumb Code    14  handlers.o(i.__scatterload_zeroinit)
    __set_errno                              0x08008c39   Thumb Code     6  errno.o(i.__set_errno)
    blueToothStateUpdate                     0x08008c45   Thumb Code     2  chassissolver.o(i.blueToothStateUpdate)
    changeChassisAction                      0x08008c49   Thumb Code    26  chassissolver.o(i.changeChassisAction)
    changeFricAction                         0x08008c69   Thumb Code    24  chassissolver.o(i.changeFricAction)
    changeLegAction                          0x08008c85   Thumb Code    26  chassissolver.o(i.changeLegAction)
    changeSupplyMode                         0x08008ca5   Thumb Code    24  chassissolver.o(i.changeSupplyMode)
    checkIMUOn                               0x08008cc1   Thumb Code    32  debug.o(i.checkIMUOn)
    delay_ms                                 0x08008ce5   Thumb Code    28  tools.o(i.delay_ms)
    followSideChange                         0x08009171   Thumb Code    26  chassissolver.o(i.followSideChange)
    get_control_info                         0x08009191   Thumb Code    50  chassissolver.o(i.get_control_info)
    iir                                      0x080091c9   Thumb Code    26  my_filter.o(i.iir)
    initRemoteControl                        0x080091e3   Thumb Code    24  remote_control.o(i.initRemoteControl)
    limitPitchAngle                          0x08009239   Thumb Code   136  gimbal.o(i.limitPitchAngle)
    main                                     0x080092cd   Thumb Code    26  main.o(i.main)
    malloc                                   0x080092ed   Thumb Code    92  malloc.o(i.malloc)
    pvPortMalloc                             0x08009771   Thumb Code   188  heap_4.o(i.pvPortMalloc)
    pxPortInitialiseStack                    0x08009841   Thumb Code    38  port.o(i.pxPortInitialiseStack)
    selectShootFreq                          0x0800986d   Thumb Code    50  togglebullet.o(i.selectShootFreq)
    setAllModeOff                            0x080098a9   Thumb Code    34  chassissolver.o(i.setAllModeOff)
    setControlMode                           0x080098cd   Thumb Code     6  remote_control.o(i.setControlMode)
    setControlModeAction                     0x080098d9   Thumb Code    22  remote_control.o(i.setControlModeAction)
    setFrictionSpeed                         0x080098f5   Thumb Code    78  frictionwheel.o(i.setFrictionSpeed)
    setGimbalAction                          0x08009949   Thumb Code    14  remote_control.o(i.setGimbalAction)
    setLegAction                             0x0800995d   Thumb Code     6  remote_control.o(i.setLegAction)
    setRobotState                            0x08009969   Thumb Code    38  remote_control.o(i.setRobotState)
    setShootAction                           0x08009995   Thumb Code    14  remote_control.o(i.setShootAction)
    setSuperPower                            0x080099a9   Thumb Code     6  remote_control.o(i.setSuperPower)
    sign                                     0x080099b5   Thumb Code    26  user_lib.o(i.sign)
    sqrtf                                    0x080099cf   Thumb Code    62  sqrtf.o(i.sqrtf)
    startTask                                0x08009a0d   Thumb Code    24  start_task.o(i.startTask)
    start_task                               0x08009a39   Thumb Code   138  start_task.o(i.start_task)
    updateGyro                               0x08009b2d   Thumb Code   178  gimbal.o(i.updateGyro)
    uxListRemove                             0x08009bf5   Thumb Code    40  list.o(i.uxListRemove)
    vListInitialise                          0x08009c1d   Thumb Code    26  list.o(i.vListInitialise)
    vListInitialiseItem                      0x08009c37   Thumb Code     6  list.o(i.vListInitialiseItem)
    vListInsert                              0x08009c3d   Thumb Code    52  list.o(i.vListInsert)
    vListInsertEnd                           0x08009c71   Thumb Code    24  list.o(i.vListInsertEnd)
    vPortEnterCritical                       0x08009c89   Thumb Code    30  port.o(i.vPortEnterCritical)
    vPortExitCritical                        0x08009cad   Thumb Code    28  port.o(i.vPortExitCritical)
    vPortFree                                0x08009ccd   Thumb Code    64  heap_4.o(i.vPortFree)
    vPortSetupTimerInterrupt                 0x08009d15   Thumb Code    26  port.o(i.vPortSetupTimerInterrupt)
    vTaskDelay                               0x08009d35   Thumb Code    46  tasks.o(i.vTaskDelay)
    vTaskDelayUntil                          0x08009d69   Thumb Code   106  tasks.o(i.vTaskDelayUntil)
    vTaskDelete                              0x08009ddd   Thumb Code   166  tasks.o(i.vTaskDelete)
    vTaskStartScheduler                      0x08009ea9   Thumb Code    76  tasks.o(i.vTaskStartScheduler)
    vTaskSuspendAll                          0x08009f15   Thumb Code    12  tasks.o(i.vTaskSuspendAll)
    vTaskSwitchContext                       0x08009f25   Thumb Code   128  tasks.o(i.vTaskSwitchContext)
    xEventGroupCreate                        0x08009fc5   Thumb Code    26  event_groups.o(i.xEventGroupCreate)
    xEventGroupSetBits                       0x08009fdf   Thumb Code   146  event_groups.o(i.xEventGroupSetBits)
    xPortStartScheduler                      0x0800a071   Thumb Code    58  port.o(i.xPortStartScheduler)
    xPortSysTickHandler                      0x0800a0b9   Thumb Code    46  port.o(i.xPortSysTickHandler)
    xTaskCreate                              0x0800a0ed   Thumb Code    96  tasks.o(i.xTaskCreate)
    xTaskGetTickCount                        0x0800a14d   Thumb Code     6  tasks.o(i.xTaskGetTickCount)
    xTaskIncrementTick                       0x0800a159   Thumb Code   238  tasks.o(i.xTaskIncrementTick)
    xTaskRemoveFromUnorderedEventList        0x0800a275   Thumb Code    94  tasks.o(i.xTaskRemoveFromUnorderedEventList)
    xTaskResumeAll                           0x0800a2e5   Thumb Code   196  tasks.o(i.xTaskResumeAll)
    IMU_QuaternionEKF_F                      0x0800a3cc   Data         144  quaternionekf.o(.constdata)
    wCRC_Table                               0x0800a45c   Data         512  algorithmofcrc.o(.constdata)
    CRC8_INIT                                0x0800a65c   Data           1  algorithmofcrc.o(.constdata)
    CRC8_TAB                                 0x0800a65d   Data         256  algorithmofcrc.o(.constdata)
    xb                                       0x0800a760   Data          12  ins.o(.constdata)
    yb                                       0x0800a76c   Data          12  ins.o(.constdata)
    zb                                       0x0800a778   Data          12  ins.o(.constdata)
    Region$$Table$$Base                      0x0800afac   Number         0  anon$$obj.o(Region$$Table)
    Region$$Table$$Limit                     0x0800afcc   Number         0  anon$$obj.o(Region$$Table)
    SystemCoreClock                          0x20000000   Data           4  system_stm32f4xx.o(.data)
    AHBPrescTable                            0x20000004   Data          16  system_stm32f4xx.o(.data)
    CPU_RunTime                              0x2000003c   Data           4  os_tick.o(.data)
    LastCNT32                                0x20000048   Data           4  counter.o(.data)
    xCreatedEventGroup                       0x20000060   Data           4  iwdg.o(.data)
    IMU_QuaternionEKF_P                      0x20000064   Data         144  quaternionekf.o(.data)
    sizeof_float                             0x20000138   Data           2  kalman_filter.o(.data)
    sizeof_double                            0x2000013a   Data           2  kalman_filter.o(.data)
    CRC_INIT                                 0x2000013c   Data           2  algorithmofcrc.o(.data)
    sss                                      0x2000013e   Data           2  algorithmofcrc.o(.data)
    send_to_chassis_data_1                   0x200003fc   Data           8  chassistask.o(.data)
    send_to_chassis_data_2                   0x20000404   Data           8  chassistask.o(.data)
    dji_motors_send_data                     0x20000410   Data           8  gimbaltask.o(.data)
    dji_motors_send_data_2                   0x20000418   Data           8  gimbaltask.o(.data)
    testl                                    0x20000420   Data           4  gimbaltask.o(.data)
    auto_aim_init_flag                       0x20000424   Data           1  gimbaltask.o(.data)
    pxCurrentTCB                             0x20000428   Data           4  tasks.o(.data)
    NotifyValue                              0x2000046c   Data           4  tasks.o(.data)
    bomb_bay_state                           0x2000048c   Data           1  bombbay.o(.data)
    INS_Count                                0x20000490   Data           4  ins.o(.data)
    dt                                       0x20000494   Data           4  ins.o(.data)
    t                                        0x20000498   Data           4  ins.o(.data)
    ins_debug_mode                           0x2000049c   Data           1  ins.o(.data)
    RefTemp                                  0x200004a0   Data           4  ins.o(.data)
    chassis_send_pack1                       0x200004d9   Data           6  chassissend.o(.data)
    chassis_send_pack2                       0x200004df   Data           8  chassissend.o(.data)
    chassis_pack_get_1                       0x200004e7   Data           8  chassisget.o(.data)
    __microlib_freelist                      0x200004f0   Data           4  mvars.o(.data)
    __microlib_freelist_initialised          0x200004f4   Data           4  mvars.o(.data)
    get_rcc_clock                            0x200004fc   Data          16  main.o(.bss)
    toggle_controller                        0x20000510   Data         424  togglebullet.o(.bss)
    SysTime                                  0x200006b8   Data          12  counter.o(.bss)
    PCbuffer                                 0x200006c4   Data          11  pc_uart.o(.bss)
    SendToPC_Buff                            0x200006cf   Data          11  pc_uart.o(.bss)
    sbus_rx_buffer                           0x200006da   Data          20  dji_remote.o(.bss)
    QEKF_INS                                 0x200006f0   Data         480  quaternionekf.o(.bss)
    IMU_QuaternionEKF_K                      0x200008d0   Data          72  quaternionekf.o(.bss)
    IMU_QuaternionEKF_H                      0x20000918   Data          72  quaternionekf.o(.bss)
    User_Tasks                               0x20000960   Data          40  start_task.o(.bss)
    offline_detector                         0x20000988   Data          28  offline_task.o(.bss)
    IMUReceive                               0x200009a4   Data          14  gimbalestimatetask.o(.bss)
    IMUData                                  0x200009b4   Data          44  gimbalestimatetask.o(.bss)
    SI_obeject                               0x200009e0   Data          44  gimbaltask.o(.bss)
    saw_tooth_wave                           0x20000a0c   Data          32  gimbaltask.o(.bss)
    global_debugger                          0x20003510   Data         164  debug.o(.bss)
    Ozone                                    0x200035b4   Data          32  debug.o(.bss)
    chassis_solver                           0x200035d4   Data          20  chassissolver.o(.bss)
    friction_wheels                          0x200035e8   Data         464  frictionwheel.o(.bss)
    gimbal_controller                        0x200037b8   Data        1960  gimbal.o(.bss)
    INS                                      0x20003f60   Data         128  ins.o(.bss)
    IMU_Param                                0x20003fe0   Data          28  ins.o(.bss)
    pc_recv_data                             0x20003ffc   Data          11  pc_serial.o(.bss)
    pc_send_data                             0x20004007   Data          11  pc_serial.o(.bss)
    remote_controller                        0x20004028   Data          48  remote_control.o(.bss)
    __heap_base                              0x20004058   Data           0  startup_stm32f40_41xxx.o(HEAP)
    __heap_limit                             0x20006058   Data           0  startup_stm32f40_41xxx.o(HEAP)
    __initial_sp                             0x20007058   Data           0  startup_stm32f40_41xxx.o(STACK)



==============================================================================

Memory Map of the image

  Image Entry point : 0x08000189

  Load Region LR_IROM1 (Base: 0x08000000, Size: 0x0000b4c8, Max: 0x00100000, ABSOLUTE, COMPRESSED[0x0000b094])

    Execution Region ER_IROM1 (Base: 0x08000000, Size: 0x0000afcc, Max: 0x00100000, ABSOLUTE)

    Base Addr    Size         Type   Attr      Idx    E Section Name        Object

    0x08000000   0x00000188   Data   RO          164    RESET               startup_stm32f40_41xxx.o
    0x08000188   0x00000000   Code   RO         7904  * .ARM.Collect$$$$00000000  mc_w.l(entry.o)
    0x08000188   0x00000004   Code   RO         8234    .ARM.Collect$$$$00000001  mc_w.l(entry2.o)
    0x0800018c   0x00000004   Code   RO         8237    .ARM.Collect$$$$00000004  mc_w.l(entry5.o)
    0x08000190   0x00000000   Code   RO         8239    .ARM.Collect$$$$00000008  mc_w.l(entry7b.o)
    0x08000190   0x00000000   Code   RO         8241    .ARM.Collect$$$$0000000A  mc_w.l(entry8b.o)
    0x08000190   0x00000008   Code   RO         8242    .ARM.Collect$$$$0000000B  mc_w.l(entry9a.o)
    0x08000198   0x00000000   Code   RO         8244    .ARM.Collect$$$$0000000D  mc_w.l(entry10a.o)
    0x08000198   0x00000000   Code   RO         8246    .ARM.Collect$$$$0000000F  mc_w.l(entry11a.o)
    0x08000198   0x00000004   Code   RO         8235    .ARM.Collect$$$$00002712  mc_w.l(entry2.o)
    0x0800019c   0x000000b6   Code   RO         6455    .emb_text           port.o
    0x08000252   0x00000002   PAD
    0x08000254   0x00000024   Code   RO          165    .text               startup_stm32f40_41xxx.o
    0x08000278   0x000000d8   Code   RO         7663    .text               arm_cortexM4lf_math.lib(arm_cos_f32.o)
    0x08000350   0x000000d8   Code   RO         7710    .text               arm_cortexM4lf_math.lib(arm_sin_f32.o)
    0x08000428   0x00000100   Code   RO         7732    .text               arm_cortexM4lf_math.lib(arm_mat_add_f32.o)
    0x08000528   0x00000008   Code   RO         7752    .text               arm_cortexM4lf_math.lib(arm_mat_init_f32.o)
    0x08000530   0x00000500   Code   RO         7772    .text               arm_cortexM4lf_math.lib(arm_mat_inverse_f32.o)
    0x08000a30   0x000000f8   Code   RO         7792    .text               arm_cortexM4lf_math.lib(arm_mat_mult_f32.o)
    0x08000b28   0x00000100   Code   RO         7812    .text               arm_cortexM4lf_math.lib(arm_mat_sub_f32.o)
    0x08000c28   0x00000098   Code   RO         7832    .text               arm_cortexM4lf_math.lib(arm_mat_trans_f32.o)
    0x08000cc0   0x00000024   Code   RO         7909    .text               mc_w.l(memcpya.o)
    0x08000ce4   0x00000024   Code   RO         7911    .text               mc_w.l(memseta.o)
    0x08000d08   0x00000026   Code   RO         8212    .text               mf_w.l(f2d.o)
    0x08000d2e   0x00000002   PAD
    0x08000d30   0x00000030   Code   RO         8216    .text               mf_w.l(cdrcmple.o)
    0x08000d60   0x00000000   Code   RO         8266    .text               mc_w.l(iusefp.o)
    0x08000d60   0x00000024   Code   RO         8275    .text               mc_w.l(init.o)
    0x08000d84   0x00000056   Code   RO         8289    .text               mc_w.l(__dczerorl2.o)
    0x08000dda   0x00000002   PAD
    0x08000ddc   0x00000040   Code   RO         5568    i.ActionTask        actiontask.o
    0x08000e1c   0x00000030   Code   RO         4907    i.Append_CRC16_Check_Sum  algorithmofcrc.o
    0x08000e4c   0x00000040   Code   RO          171    i.BSP_Init          main.o
    0x08000e8c   0x00000094   Code   RO         7527    i.Blue_Tooth_Deal   remote_control.o
    0x08000f20   0x0000015a   Code   RO         7410    i.BodyFrameToEarthFrame  ins.o
    0x0800107a   0x00000002   PAD
    0x0800107c   0x0000002c   Code   RO         7153    i.BombBay_Set       bombbay.o
    0x080010a8   0x00000004   Code   RO            3    i.BusFault_Handler  stm32f4xx_it.o
    0x080010ac   0x00000194   Code   RO         4278    i.CAN1_Configuration  can1.o
    0x08001240   0x00000034   Code   RO         4279    i.CAN1_RX0_IRQHandler  can1.o
    0x08001274   0x00000034   Code   RO         4280    i.CAN1_RX1_IRQHandler  can1.o
    0x080012a8   0x0000001c   Code   RO         4281    i.CAN1_TX_IRQHandler  can1.o
    0x080012c4   0x000001a0   Code   RO         4150    i.CAN2_Configuration  can2.o
    0x08001464   0x00000034   Code   RO         4151    i.CAN2_RX0_IRQHandler  can2.o
    0x08001498   0x00000034   Code   RO         4152    i.CAN2_RX1_IRQHandler  can2.o
    0x080014cc   0x0000001c   Code   RO         4153    i.CAN2_TX_IRQHandler  can2.o
    0x080014e8   0x000000a8   Code   RO          792    i.CAN_ClearITPendingBit  stm32f4xx_can.o
    0x08001590   0x00000038   Code   RO          794    i.CAN_DeInit        stm32f4xx_can.o
    0x080015c8   0x00000108   Code   RO          796    i.CAN_FilterInit    stm32f4xx_can.o
    0x080016d0   0x00000120   Code   RO          798    i.CAN_GetITStatus   stm32f4xx_can.o
    0x080017f0   0x00000012   Code   RO          802    i.CAN_ITConfig      stm32f4xx_can.o
    0x08001802   0x00000114   Code   RO          803    i.CAN_Init          stm32f4xx_can.o
    0x08001916   0x000000f0   Code   RO          806    i.CAN_Receive       stm32f4xx_can.o
    0x08001a06   0x00000020   Code   RO          809    i.CAN_StructInit    stm32f4xx_can.o
    0x08001a26   0x00000126   Code   RO          811    i.CAN_Transmit      stm32f4xx_can.o
    0x08001b4c   0x00000054   Code   RO         4398    i.COUNTER_Configuration  counter.o
    0x08001ba0   0x00000042   Code   RO         4323    i.Can1Receive0      can1_receive.o
    0x08001be2   0x00000042   Code   RO         4324    i.Can1Receive1      can1_receive.o
    0x08001c24   0x00000012   Code   RO         4325    i.Can1_FIFO0_Receive0  can1_receive.o
    0x08001c36   0x00000002   PAD
    0x08001c38   0x0000001c   Code   RO         4326    i.Can1_FIFO0_Receive1  can1_receive.o
    0x08001c54   0x00000002   Code   RO         4327    i.Can1_FIFO0_Receive2  can1_receive.o
    0x08001c56   0x00000002   PAD
    0x08001c58   0x00000058   Code   RO         4328    i.Can1_FIFO0_Receive3  can1_receive.o
    0x08001cb0   0x00000002   Code   RO         4329    i.Can1_FIFO1_Receive0  can1_receive.o
    0x08001cb2   0x00000002   PAD
    0x08001cb4   0x0000002c   Code   RO         4330    i.Can1_FIFO1_Receive1  can1_receive.o
    0x08001ce0   0x00000002   Code   RO         4331    i.Can1_FIFO1_Receive2  can1_receive.o
    0x08001ce2   0x00000002   Code   RO         4332    i.Can1_FIFO1_Receive3  can1_receive.o
    0x08001ce4   0x00000046   Code   RO         4204    i.Can2Receive0      can2_receive.o
    0x08001d2a   0x00000042   Code   RO         4205    i.Can2Receive1      can2_receive.o
    0x08001d6c   0x00000038   Code   RO         4206    i.Can2_FIFO0_Receive0  can2_receive.o
    0x08001da4   0x00000030   Code   RO         4207    i.Can2_FIFO0_Receive1  can2_receive.o
    0x08001dd4   0x0000004c   Code   RO         4208    i.Can2_FIFO0_Receive2  can2_receive.o
    0x08001e20   0x00000002   Code   RO         4209    i.Can2_FIFO0_Receive3  can2_receive.o
    0x08001e22   0x00000002   PAD
    0x08001e24   0x00000058   Code   RO         4210    i.Can2_FIFO1_Receive0  can2_receive.o
    0x08001e7c   0x00000058   Code   RO         4211    i.Can2_FIFO1_Receive1  can2_receive.o
    0x08001ed4   0x00000058   Code   RO         4212    i.Can2_FIFO1_Receive2  can2_receive.o
    0x08001f2c   0x00000002   Code   RO         4213    i.Can2_FIFO1_Receive3  can2_receive.o
    0x08001f2e   0x00000034   Code   RO         4512    i.CanSend           can_send.o
    0x08001f62   0x00000002   PAD
    0x08001f64   0x00000090   Code   RO         5545    i.ChassisTask       chassistask.o
    0x08001ff4   0x00000012   Code   RO          814    i.CheckITStatus     stm32f4xx_can.o
    0x08002006   0x00000002   PAD
    0x08002008   0x00000020   Code   RO         3605    i.DBGMCU_Config     stm32f4xx_dbgmcu.o
    0x08002028   0x00000484   Code   RO         7179    i.DJIKeyMouseUpdate  chassissolver.o
    0x080024ac   0x000002cc   Code   RO         7180    i.DJIRemoteUpdate   chassissolver.o
    0x08002778   0x00000128   Code   RO         4738    i.DJI_REMOTE_Configuration  dji_remote.o
    0x080028a0   0x0000002c   Code   RO         4535    i.DMA1_Stream2_IRQHandler  wifi.o
    0x080028cc   0x0000002c   Code   RO         4536    i.DMA1_Stream3_IRQHandler  wifi.o
    0x080028f8   0x00000044   Code   RO         4470    i.DMA1_Stream6_IRQHandler  pc_uart.o
    0x0800293c   0x00000034   Code   RO         1125    i.DMA_ClearFlag     stm32f4xx_dma.o
    0x08002970   0x00000034   Code   RO         1126    i.DMA_ClearITPendingBit  stm32f4xx_dma.o
    0x080029a4   0x00000016   Code   RO         1127    i.DMA_Cmd           stm32f4xx_dma.o
    0x080029ba   0x00000002   PAD
    0x080029bc   0x00000158   Code   RO         1128    i.DMA_DeInit        stm32f4xx_dma.o
    0x08002b14   0x00000014   Code   RO         1132    i.DMA_GetCmdStatus  stm32f4xx_dma.o
    0x08002b28   0x00000064   Code   RO         1137    i.DMA_GetITStatus   stm32f4xx_dma.o
    0x08002b8c   0x0000003a   Code   RO         1138    i.DMA_ITConfig      stm32f4xx_dma.o
    0x08002bc6   0x00000002   PAD
    0x08002bc8   0x00000058   Code   RO         1139    i.DMA_Init          stm32f4xx_dma.o
    0x08002c20   0x00000004   Code   RO         1142    i.DMA_SetCurrDataCounter  stm32f4xx_dma.o
    0x08002c24   0x00000002   Code   RO            4    i.DebugMon_Handler  stm32f4xx_it.o
    0x08002c26   0x0000015a   Code   RO         7411    i.EarthFrameToBodyFrame  ins.o
    0x08002d80   0x00000034   Code   RO         5040    i.Feedforward_Clear  pid.o
    0x08002db4   0x00000088   Code   RO         7265    i.FrictionWheel_Init  frictionwheel.o
    0x08002e3c   0x00000048   Code   RO         7266    i.FrictionWheel_Set  frictionwheel.o
    0x08002e84   0x0000007c   Code   RO         7013    i.GM6020_Decode     gm6020.o
    0x08002f00   0x00000064   Code   RO         7014    i.GM6020_SendPack   gm6020.o
    0x08002f64   0x00000090   Code   RO         1602    i.GPIO_Init         stm32f4xx_gpio.o
    0x08002ff4   0x00000046   Code   RO         1603    i.GPIO_PinAFConfig  stm32f4xx_gpio.o
    0x0800303a   0x00000002   PAD
    0x0800303c   0x00000030   Code   RO         4400    i.GetDeltaT         counter.o
    0x0800306c   0x00000034   Code   RO         4909    i.Get_CRC16_Check_Sum  algorithmofcrc.o
    0x080030a0   0x000000d4   Code   RO         7303    i.GimbalClear       gimbal.o
    0x08003174   0x0000003c   Code   RO         5516    i.GimbalEstimate_task  gimbalestimatetask.o
    0x080031b0   0x0000005c   Code   RO         7304    i.GimbalFrictionModel  gimbal.o
    0x0800320c   0x000001a8   Code   RO         7305    i.GimbalPidInit     gimbal.o
    0x080033b4   0x00000118   Code   RO         5588    i.GimbalTask        gimbaltask.o
    0x080034cc   0x0000009c   Code   RO         5589    i.Gimbal_Act_Cal    gimbaltask.o
    0x08003568   0x0000013c   Code   RO         5590    i.Gimbal_Autoaim_Cal  gimbaltask.o
    0x080036a4   0x00000140   Code   RO         5591    i.Gimbal_Big_Buff_Cal  gimbaltask.o
    0x080037e4   0x00000078   Code   RO         7307    i.Gimbal_Pitch_Calculate  gimbal.o
    0x0800385c   0x00000050   Code   RO         5592    i.Gimbal_Powerdown_Cal  gimbaltask.o
    0x080038ac   0x00000070   Code   RO         5593    i.Gimbal_SI_Cal     gimbaltask.o
    0x0800391c   0x00000140   Code   RO         5594    i.Gimbal_Small_Buff_Cal  gimbaltask.o
    0x08003a5c   0x00000094   Code   RO         7308    i.Gimbal_Speed_Calculate  gimbal.o
    0x08003af0   0x00000070   Code   RO         5595    i.Gimbal_Test_Cal   gimbaltask.o
    0x08003b60   0x000000ec   Code   RO         7309    i.Gimbal_Yaw_Calculate  gimbal.o
    0x08003c4c   0x00000130   Code   RO         4836    i.H_K_R_Adjustment  kalman_filter.o
    0x08003d7c   0x00000004   Code   RO            5    i.HardFault_Handler  stm32f4xx_it.o
    0x08003d80   0x00000048   Code   RO         7378    i.ICM20602_init     icm20602.o
    0x08003dc8   0x0000008c   Code   RO         7379    i.ICM_20602_Decode  icm20602.o
    0x08003e54   0x00000374   Code   RO         7413    i.IMU_Param_Correction  ins.o
    0x080041c8   0x00000238   Code   RO         4770    i.IMU_QuaternionEKF_F_Linearization_P_Fading  quaternionekf.o
    0x08004400   0x00000130   Code   RO         4771    i.IMU_QuaternionEKF_Init  quaternionekf.o
    0x08004530   0x00000034   Code   RO         4772    i.IMU_QuaternionEKF_Observe  quaternionekf.o
    0x08004564   0x00000128   Code   RO         4773    i.IMU_QuaternionEKF_SetH  quaternionekf.o
    0x0800468c   0x00000634   Code   RO         4774    i.IMU_QuaternionEKF_Update  quaternionekf.o
    0x08004cc0   0x00000508   Code   RO         4775    i.IMU_QuaternionEKF_xhatUpdate  quaternionekf.o
    0x080051c8   0x00000078   Code   RO         7414    i.INS_Init          ins.o
    0x08005240   0x0000029c   Code   RO         7415    i.INS_Task          ins.o
    0x080054dc   0x0000070c   Code   RO         4837    i.Kalman_Filter_Init  kalman_filter.o
    0x08005be8   0x00000050   Code   RO         4838    i.Kalman_Filter_Measure  kalman_filter.o
    0x08005c38   0x00000068   Code   RO         4839    i.Kalman_Filter_P_Update  kalman_filter.o
    0x08005ca0   0x00000068   Code   RO         4840    i.Kalman_Filter_PminusUpdate  kalman_filter.o
    0x08005d08   0x000000d2   Code   RO         4841    i.Kalman_Filter_SetK  kalman_filter.o
    0x08005dda   0x00000002   PAD
    0x08005ddc   0x00000128   Code   RO         4842    i.Kalman_Filter_Update  kalman_filter.o
    0x08005f04   0x0000007c   Code   RO         4843    i.Kalman_Filter_xhatMinusUpdate  kalman_filter.o
    0x08005f80   0x00000086   Code   RO         4844    i.Kalman_Filter_xhatUpdate  kalman_filter.o
    0x08006006   0x00000036   Code   RO         7091    i.LossUpdate        debug.o
    0x0800603c   0x000000fc   Code   RO         7039    i.M2006_Decode      m2006.o
    0x08006138   0x00000090   Code   RO         7040    i.M2006_SendPack    m2006.o
    0x080061c8   0x00000174   Code   RO         7065    i.M3508_Decode      m3508.o
    0x0800633c   0x000000d8   Code   RO         7066    i.M3508_SendPack    m3508.o
    0x08006414   0x00000004   Code   RO            6    i.MemManage_Handler  stm32f4xx_it.o
    0x08006418   0x00000002   Code   RO            7    i.NMI_Handler       stm32f4xx_it.o
    0x0800641a   0x00000002   PAD
    0x0800641c   0x00000078   Code   RO          504    i.NVIC_Init         misc.o
    0x08006494   0x000001cc   Code   RO         4979    i.OLS_Derivative    user_lib.o
    0x08006660   0x0000004c   Code   RO         4980    i.OLS_Init          user_lib.o
    0x080066ac   0x00000160   Code   RO         5420    i.Offline_task      offline_task.o
    0x0800680c   0x00000030   Code   RO         7479    i.PCReceive         pc_serial.o
    0x0800683c   0x00000018   Code   RO         7480    i.PCSolve           pc_serial.o
    0x08006854   0x000001e4   Code   RO         4471    i.PC_UART_Configuration  pc_uart.o
    0x08006a38   0x00000276   Code   RO         5044    i.PID_Calculate     pid.o
    0x08006cae   0x00000002   PAD
    0x08006cb0   0x00000054   Code   RO         5045    i.PID_Clear         pid.o
    0x08006d04   0x000000a4   Code   RO         5046    i.PID_Init          pid.o
    0x08006da8   0x000000ec   Code   RO         7619    i.Pack_InfantryMode  chassissend.o
    0x08006e94   0x0000005c   Code   RO         7620    i.Pack_Yaw          chassissend.o
    0x08006ef0   0x00000020   Code   RO         1976    i.RCC_AHB1PeriphClockCmd  stm32f4xx_rcc.o
    0x08006f10   0x00000020   Code   RO         1985    i.RCC_APB1PeriphClockCmd  stm32f4xx_rcc.o
    0x08006f30   0x00000020   Code   RO         1987    i.RCC_APB1PeriphResetCmd  stm32f4xx_rcc.o
    0x08006f50   0x00000020   Code   RO         1988    i.RCC_APB2PeriphClockCmd  stm32f4xx_rcc.o
    0x08006f70   0x00000020   Code   RO         1990    i.RCC_APB2PeriphResetCmd  stm32f4xx_rcc.o
    0x08006f90   0x000000e8   Code   RO         1997    i.RCC_GetClocksFreq  stm32f4xx_rcc.o
    0x08007078   0x00000034   Code   RO         7528    i.RC_Rst            remote_control.o
    0x080070ac   0x0000001e   Code   RO         7529    i.RemoteLimit       remote_control.o
    0x080070ca   0x00000002   PAD
    0x080070cc   0x000000d4   Code   RO         7530    i.RemoteReceive     remote_control.o
    0x080071a0   0x00000030   Code   RO          172    i.Robot_Init        main.o
    0x080071d0   0x0000006c   Code   RO         5253    i.SIInit            systemidentification.o
    0x0800723c   0x00000128   Code   RO         5254    i.SIRun             systemidentification.o
    0x08007364   0x00000090   Code   RO         5294    i.SawWaveRun        signalgenerator.o
    0x080073f4   0x0000001c   Code   RO         7481    i.SendtoPC          pc_serial.o
    0x08007410   0x000000c8   Code   RO         7482    i.SendtoPCPack      pc_serial.o
    0x080074d8   0x000000b4   Code   RO         4718    i.Servos_Configuration  bsp_servos.o
    0x0800758c   0x000000ec   Code   RO          127    i.SetSysClock       system_stm32f4xx.o
    0x08007678   0x00000002   Code   RO         5596    i.Shoot_Autoaim_Cal  gimbaltask.o
    0x0800767a   0x00000002   Code   RO         5597    i.Shoot_Check_Cal   gimbaltask.o
    0x0800767c   0x0000018c   Code   RO         5598    i.Shoot_Fire_Cal    gimbaltask.o
    0x08007808   0x00000134   Code   RO         5599    i.Shoot_Powerdown_Cal  gimbaltask.o
    0x0800793c   0x000000b8   Code   RO         5600    i.Shoot_Supply_Cal  gimbaltask.o
    0x080079f4   0x000000d8   Code   RO         5601    i.Shoot_Test_Cal    gimbaltask.o
    0x08007acc   0x00000034   Code   RO         5295    i.SinInit           signalgenerator.o
    0x08007b00   0x00000088   Code   RO         5296    i.SinRun            signalgenerator.o
    0x08007b88   0x0000001c   Code   RO         7181    i.SmallLegAction    chassissolver.o
    0x08007ba4   0x00000068   Code   RO         4983    i.Sqrt              user_lib.o
    0x08007c0c   0x00000008   Code   RO            8    i.SysTick_Handler   stm32f4xx_it.o
    0x08007c14   0x00000068   Code   RO          129    i.SystemInit        system_stm32f4xx.o
    0x08007c7c   0x000002ec   Code   RO         5218    i.TD_Calculate      td.o
    0x08007f68   0x0000002c   Code   RO         5219    i.TD_Clear          td.o
    0x08007f94   0x00000038   Code   RO         5220    i.TD_Init           td.o
    0x08007fcc   0x00000028   Code   RO         4122    i.TIM7_IRQHandler   os_tick.o
    0x08007ff4   0x00000018   Code   RO         2792    i.TIM_ARRPreloadConfig  stm32f4xx_tim.o
    0x0800800c   0x00000006   Code   RO         2799    i.TIM_ClearITPendingBit  stm32f4xx_tim.o
    0x08008012   0x00000018   Code   RO         2804    i.TIM_Cmd           stm32f4xx_tim.o
    0x0800802a   0x0000001e   Code   RO         2806    i.TIM_CtrlPWMOutputs  stm32f4xx_tim.o
    0x08008048   0x00000022   Code   RO         2825    i.TIM_GetITStatus   stm32f4xx_tim.o
    0x0800806a   0x00000002   PAD
    0x0800806c   0x00000078   Code   RO         2848    i.TIM_OC4Init       stm32f4xx_tim.o
    0x080080e4   0x0000001a   Code   RO         2850    i.TIM_OC4PreloadConfig  stm32f4xx_tim.o
    0x080080fe   0x00000004   Code   RO         2869    i.TIM_SetCompare4   stm32f4xx_tim.o
    0x08008102   0x00000002   PAD
    0x08008104   0x00000084   Code   RO         2876    i.TIM_TimeBaseInit  stm32f4xx_tim.o
    0x08008188   0x0000002c   Code   RO          447    i.ToggleAddGrid     togglebullet.o
    0x080081b4   0x00000080   Code   RO          448    i.TogglePidInit     togglebullet.o
    0x08008234   0x0000009c   Code   RO          449    i.Toggle_Calculate  togglebullet.o
    0x080082d0   0x00000054   Code   RO         4739    i.USART1_IRQHandler  dji_remote.o
    0x08008324   0x0000005c   Code   RO         4472    i.USART2_IRQHandler  pc_uart.o
    0x08008380   0x00000012   Code   RO         3350    i.USART_ClearFlag   stm32f4xx_usart.o
    0x08008392   0x00000018   Code   RO         3354    i.USART_Cmd         stm32f4xx_usart.o
    0x080083aa   0x00000012   Code   RO         3355    i.USART_DMACmd      stm32f4xx_usart.o
    0x080083bc   0x000000f0   Code   RO         3356    i.USART_DeInit      stm32f4xx_usart.o
    0x080084ac   0x0000001a   Code   RO         3357    i.USART_GetFlagStatus  stm32f4xx_usart.o
    0x080084c6   0x00000054   Code   RO         3358    i.USART_GetITStatus  stm32f4xx_usart.o
    0x0800851a   0x0000004a   Code   RO         3360    i.USART_ITConfig    stm32f4xx_usart.o
    0x08008564   0x000000d4   Code   RO         3361    i.USART_Init        stm32f4xx_usart.o
    0x08008638   0x00000004   Code   RO            9    i.UsageFault_Handler  stm32f4xx_it.o
    0x0800863c   0x00000040   Code   RO         4911    i.Verify_CRC16_Check_Sum  algorithmofcrc.o
    0x0800867c   0x000000b4   Code   RO         7139    i.ZeroCheck         zerocheck.o
    0x08008730   0x00000026   Code   RO         8218    i.__ARM_fpclassifyf  m_wm.l(fpclassifyf.o)
    0x08008756   0x00000002   PAD
    0x08008758   0x00000118   Code   RO         7850    i.__hardfp_acosf    m_wm.l(acosf.o)
    0x08008870   0x0000012c   Code   RO         7862    i.__hardfp_asinf    m_wm.l(asinf.o)
    0x0800899c   0x00000250   Code   RO         7874    i.__hardfp_atan2f   m_wm.l(atan2f.o)
    0x08008bec   0x00000006   Code   RO         8221    i.__mathlib_flt_infnan  m_wm.l(funder.o)
    0x08008bf2   0x00000006   Code   RO         8222    i.__mathlib_flt_infnan2  m_wm.l(funder.o)
    0x08008bf8   0x00000010   Code   RO         8223    i.__mathlib_flt_invalid  m_wm.l(funder.o)
    0x08008c08   0x00000010   Code   RO         8226    i.__mathlib_flt_underflow  m_wm.l(funder.o)
    0x08008c18   0x0000000e   Code   RO         8283    i.__scatterload_copy  mc_w.l(handlers.o)
    0x08008c26   0x00000002   Code   RO         8284    i.__scatterload_null  mc_w.l(handlers.o)
    0x08008c28   0x0000000e   Code   RO         8285    i.__scatterload_zeroinit  mc_w.l(handlers.o)
    0x08008c36   0x00000002   PAD
    0x08008c38   0x0000000c   Code   RO         8261    i.__set_errno       mc_w.l(errno.o)
    0x08008c44   0x00000002   Code   RO         7182    i.blueToothStateUpdate  chassissolver.o
    0x08008c46   0x00000002   PAD
    0x08008c48   0x00000020   Code   RO         7183    i.changeChassisAction  chassissolver.o
    0x08008c68   0x0000001c   Code   RO         7184    i.changeFricAction  chassissolver.o
    0x08008c84   0x00000020   Code   RO         7185    i.changeLegAction   chassissolver.o
    0x08008ca4   0x0000001c   Code   RO         7186    i.changeSupplyMode  chassissolver.o
    0x08008cc0   0x00000024   Code   RO         7092    i.checkIMUOn        debug.o
    0x08008ce4   0x0000001c   Code   RO         7121    i.delay_ms          tools.o
    0x08008d00   0x000000c8   Code   RO         5047    i.f_Changing_Integration_Rate  pid.o
    0x08008dc8   0x00000042   Code   RO         5048    i.f_Derivative_Filter  pid.o
    0x08008e0a   0x000000ca   Code   RO         5049    i.f_Derivative_On_Measurement  pid.o
    0x08008ed4   0x000000d4   Code   RO         5050    i.f_Integral_Limit  pid.o
    0x08008fa8   0x00000042   Code   RO         5051    i.f_Output_Filter   pid.o
    0x08008fea   0x0000003e   Code   RO         5052    i.f_Output_Limit    pid.o
    0x08009028   0x000000a4   Code   RO         5053    i.f_PID_ErrorHandle  pid.o
    0x080090cc   0x0000003e   Code   RO         5054    i.f_Proportion_Limit  pid.o
    0x0800910a   0x00000066   Code   RO         5055    i.f_Trapezoid_Intergral  pid.o
    0x08009170   0x00000020   Code   RO         7187    i.followSideChange  chassissolver.o
    0x08009190   0x00000038   Code   RO         7188    i.get_control_info  chassissolver.o
    0x080091c8   0x0000001a   Code   RO         5204    i.iir               my_filter.o
    0x080091e2   0x00000018   Code   RO         7531    i.initRemoteControl  remote_control.o
    0x080091fa   0x00000002   PAD
    0x080091fc   0x0000003c   Code   RO         4776    i.invSqrt           quaternionekf.o
    0x08009238   0x00000094   Code   RO         7310    i.limitPitchAngle   gimbal.o
    0x080092cc   0x00000020   Code   RO          173    i.main              main.o
    0x080092ec   0x0000006c   Code   RO         8181    i.malloc            mc_w.l(malloc.o)
    0x08009358   0x00000098   Code   RO         6031    i.prvAddCurrentTaskToDelayedList  tasks.o
    0x080093f0   0x000000b8   Code   RO         6032    i.prvAddNewTaskToReadyList  tasks.o
    0x080094a8   0x00000064   Code   RO         6033    i.prvCheckTasksWaitingTermination  tasks.o
    0x0800950c   0x00000012   Code   RO         6034    i.prvDeleteTCB      tasks.o
    0x0800951e   0x00000002   PAD
    0x08009520   0x0000007c   Code   RO         6398    i.prvHeapInit       heap_4.o
    0x0800959c   0x00000028   Code   RO         6035    i.prvIdleTask       tasks.o
    0x080095c4   0x00000090   Code   RO         6036    i.prvInitialiseNewTask  tasks.o
    0x08009654   0x00000068   Code   RO         6037    i.prvInitialiseTaskLists  tasks.o
    0x080096bc   0x00000068   Code   RO         6399    i.prvInsertBlockIntoFreeList  heap_4.o
    0x08009724   0x00000034   Code   RO         6039    i.prvResetNextTaskUnblockTime  tasks.o
    0x08009758   0x00000016   Code   RO         6456    i.prvTaskExitError  port.o
    0x0800976e   0x00000002   PAD
    0x08009770   0x000000d0   Code   RO         6400    i.pvPortMalloc      heap_4.o
    0x08009840   0x0000002c   Code   RO         6457    i.pxPortInitialiseStack  port.o
    0x0800986c   0x0000003c   Code   RO          450    i.selectShootFreq   togglebullet.o
    0x080098a8   0x00000022   Code   RO         7189    i.setAllModeOff     chassissolver.o
    0x080098ca   0x00000002   PAD
    0x080098cc   0x0000000c   Code   RO         7532    i.setControlMode    remote_control.o
    0x080098d8   0x0000001c   Code   RO         7533    i.setControlModeAction  remote_control.o
    0x080098f4   0x00000054   Code   RO         7267    i.setFrictionSpeed  frictionwheel.o
    0x08009948   0x00000014   Code   RO         7534    i.setGimbalAction   remote_control.o
    0x0800995c   0x0000000c   Code   RO         7535    i.setLegAction      remote_control.o
    0x08009968   0x0000002c   Code   RO         7536    i.setRobotState     remote_control.o
    0x08009994   0x00000014   Code   RO         7537    i.setShootAction    remote_control.o
    0x080099a8   0x0000000c   Code   RO         7538    i.setSuperPower     remote_control.o
    0x080099b4   0x0000001a   Code   RO         4984    i.sign              user_lib.o
    0x080099ce   0x0000003e   Code   RO         7894    i.sqrtf             m_wm.l(sqrtf.o)
    0x08009a0c   0x0000002c   Code   RO         5343    i.startTask         start_task.o
    0x08009a38   0x000000f4   Code   RO         5344    i.start_task        start_task.o
    0x08009b2c   0x000000c8   Code   RO         7311    i.updateGyro        gimbal.o
    0x08009bf4   0x00000028   Code   RO         5815    i.uxListRemove      list.o
    0x08009c1c   0x0000001a   Code   RO         5816    i.vListInitialise   list.o
    0x08009c36   0x00000006   Code   RO         5817    i.vListInitialiseItem  list.o
    0x08009c3c   0x00000034   Code   RO         5818    i.vListInsert       list.o
    0x08009c70   0x00000018   Code   RO         5819    i.vListInsertEnd    list.o
    0x08009c88   0x00000024   Code   RO         6459    i.vPortEnterCritical  port.o
    0x08009cac   0x00000020   Code   RO         6460    i.vPortExitCritical  port.o
    0x08009ccc   0x00000048   Code   RO         6401    i.vPortFree         heap_4.o
    0x08009d14   0x00000020   Code   RO         6461    i.vPortSetupTimerInterrupt  port.o
    0x08009d34   0x00000034   Code   RO         6051    i.vTaskDelay        tasks.o
    0x08009d68   0x00000074   Code   RO         6052    i.vTaskDelayUntil   tasks.o
    0x08009ddc   0x000000cc   Code   RO         6053    i.vTaskDelete       tasks.o
    0x08009ea8   0x0000006c   Code   RO         6066    i.vTaskStartScheduler  tasks.o
    0x08009f14   0x00000010   Code   RO         6068    i.vTaskSuspendAll   tasks.o
    0x08009f24   0x000000a0   Code   RO         6069    i.vTaskSwitchContext  tasks.o
    0x08009fc4   0x0000001a   Code   RO         5721    i.xEventGroupCreate  event_groups.o
    0x08009fde   0x00000092   Code   RO         5723    i.xEventGroupSetBits  event_groups.o
    0x0800a070   0x00000048   Code   RO         6462    i.xPortStartScheduler  port.o
    0x0800a0b8   0x00000034   Code   RO         6463    i.xPortSysTickHandler  port.o
    0x0800a0ec   0x00000060   Code   RO         6071    i.xTaskCreate       tasks.o
    0x0800a14c   0x0000000c   Code   RO         6075    i.xTaskGetTickCount  tasks.o
    0x0800a158   0x0000011c   Code   RO         6077    i.xTaskIncrementTick  tasks.o
    0x0800a274   0x00000070   Code   RO         6081    i.xTaskRemoveFromUnorderedEventList  tasks.o
    0x0800a2e4   0x000000e8   Code   RO         6082    i.xTaskResumeAll    tasks.o
    0x0800a3cc   0x00000090   Data   RO         4778    .constdata          quaternionekf.o
    0x0800a45c   0x00000301   Data   RO         4913    .constdata          algorithmofcrc.o
    0x0800a75d   0x00000003   PAD
    0x0800a760   0x00000030   Data   RO         7419    .constdata          ins.o
    0x0800a790   0x00000410   Data   RO         7664    .constdata          arm_cortexM4lf_math.lib(arm_cos_f32.o)
    0x0800aba0   0x0000040c   Data   RO         7711    .constdata          arm_cortexM4lf_math.lib(arm_sin_f32.o)
    0x0800afac   0x00000020   Data   RO         8281    Region$$Table       anon$$obj.o


    Execution Region RW_IRAM1 (Base: 0x20000000, Size: 0x00007058, Max: 0x00020000, ABSOLUTE, COMPRESSED[0x000000c8])

    Base Addr    Size         Type   Attr      Idx    E Section Name        Object

    0x20000000   0x00000014   Data   RW          130    .data               system_stm32f4xx.o
    0x20000014   0x00000018   Data   RW          452    .data               togglebullet.o
    0x2000002c   0x00000010   Data   RW         2029    .data               stm32f4xx_rcc.o
    0x2000003c   0x00000004   Data   RW         4123    .data               os_tick.o
    0x20000040   0x00000006   Data   RW         4333    .data               can1_receive.o
    0x20000046   0x00000002   PAD
    0x20000048   0x00000018   Data   RW         4408    .data               counter.o
    0x20000060   0x00000004   Data   RW         4659    .data               iwdg.o
    0x20000064   0x000000d4   Data   RW         4779    .data               quaternionekf.o
    0x20000138   0x00000004   Data   RW         4845    .data               kalman_filter.o
    0x2000013c   0x00000004   Data   RW         4914    .data               algorithmofcrc.o
    0x20000140   0x0000000c   Data   RW         4985    .data               user_lib.o
    0x2000014c   0x00000254   Data   RW         5056    .data               pid.o
    0x200003a0   0x0000001c   Data   RW         5221    .data               td.o
    0x200003bc   0x0000003c   Data   RW         5255    .data               systemidentification.o
    0x200003f8   0x00000004   Data   RW         5346    .data               start_task.o
    0x200003fc   0x00000014   Data   RW         5546    .data               chassistask.o
    0x20000410   0x00000015   Data   RW         5603    .data               gimbaltask.o
    0x20000425   0x00000003   PAD
    0x20000428   0x00000048   Data   RW         6085    .data               tasks.o
    0x20000470   0x00000018   Data   RW         6406    .data               heap_4.o
    0x20000488   0x00000004   Data   RW         6464    .data               port.o
    0x2000048c   0x00000001   Data   RW         7154    .data               bombbay.o
    0x2000048d   0x00000003   PAD
    0x20000490   0x00000048   Data   RW         7420    .data               ins.o
    0x200004d8   0x00000001   Data   RW         7484    .data               pc_serial.o
    0x200004d9   0x0000000e   Data   RW         7621    .data               chassissend.o
    0x200004e7   0x00000008   Data   RW         7649    .data               chassisget.o
    0x200004ef   0x00000001   PAD
    0x200004f0   0x00000004   Data   RW         8257    .data               mc_w.l(mvars.o)
    0x200004f4   0x00000004   Data   RW         8258    .data               mc_w.l(mvars.o)
    0x200004f8   0x00000004   Data   RW         8262    .data               mc_w.l(errno.o)
    0x200004fc   0x00000010   Zero   RW          174    .bss                main.o
    0x2000050c   0x00000004   PAD
    0x20000510   0x000001a8   Zero   RW          451    .bss                togglebullet.o
    0x200006b8   0x0000000c   Zero   RW         4407    .bss                counter.o
    0x200006c4   0x00000016   Zero   RW         4473    .bss                pc_uart.o
    0x200006da   0x00000014   Zero   RW         4740    .bss                dji_remote.o
    0x200006ee   0x00000002   PAD
    0x200006f0   0x00000270   Zero   RW         4777    .bss                quaternionekf.o
    0x20000960   0x00000028   Zero   RW         5345    .bss                start_task.o
    0x20000988   0x0000001c   Zero   RW         5421    .bss                offline_task.o
    0x200009a4   0x0000003c   Zero   RW         5517    .bss                gimbalestimatetask.o
    0x200009e0   0x0000004c   Zero   RW         5602    .bss                gimbaltask.o
    0x20000a2c   0x000002e4   Zero   RW         6084    .bss                tasks.o
    0x20000d10   0x00002800   Zero   RW         6405    .bss                heap_4.o
    0x20003510   0x000000c4   Zero   RW         7093    .bss                debug.o
    0x200035d4   0x00000014   Zero   RW         7190    .bss                chassissolver.o
    0x200035e8   0x000001d0   Zero   RW         7268    .bss                frictionwheel.o
    0x200037b8   0x000007a8   Zero   RW         7312    .bss                gimbal.o
    0x20003f60   0x0000009c   Zero   RW         7418    .bss                ins.o
    0x20003ffc   0x0000002c   Zero   RW         7483    .bss                pc_serial.o
    0x20004028   0x00000030   Zero   RW         7539    .bss                remote_control.o
    0x20004058   0x00002000   Zero   RW          163    HEAP                startup_stm32f40_41xxx.o
    0x20006058   0x00001000   Zero   RW          162    STACK               startup_stm32f40_41xxx.o


==============================================================================

Image component sizes


      Code (inc. data)   RO Data    RW Data    ZI Data      Debug   Object Name

        64          4          0          0          0        929   actiontask.o
       164         14        769          4          0       3053   algorithmofcrc.o
        44         10          0          1          0       1387   bombbay.o
       180         10          0          0          0        723   bsp_servos.o
       536         22          0          0          0       2502   can1.o
       318         32          0          6          0       6086   can1_receive.o
       548         24          0          0          0       3563   can2.o
       584         78          0          0          0       6126   can2_receive.o
        52          0          0          0          0       1054   can_send.o
         0          0          0          8          0        885   chassisget.o
       328         44          0         14          0       2347   chassissend.o
      2144        120          0          0         20       8683   chassissolver.o
       144         26          0         20          0       1330   chassistask.o
       132         16          0         24         12       2280   counter.o
        90          4          0          0        196       2906   debug.o
       380         32          0          0         20       1976   dji_remote.o
       172          0          0          0          0       7921   event_groups.o
       292         40          0          0        464       3054   frictionwheel.o
      1580        190          0          0       1960       7120   gimbal.o
        60         14          0          0         60       2267   gimbalestimatetask.o
      2804        382          0         21         76       9416   gimbaltask.o
       224         20          0          0          0       1886   gm6020.o
       508         62          0         24      10240       3971   heap_4.o
       212         44          0          0          0       1699   icm20602.o
      2364        140         48         72        156       6025   ins.o
         0          0          0          4          0        249   iwdg.o
      3160         26          0          4          0       9139   kalman_filter.o
       148          0          0          0          0       3346   list.o
       396         24          0          0          0       2252   m2006.o
       588         24          0          0          0       2556   m3508.o
       144         14          0          0         16      38334   main.o
       120         14          0          0          0       1036   misc.o
        26          0          0          0          0        602   my_filter.o
       352          8          0          0         28       2174   offline_task.o
        40          8          0          4          0       1044   os_tick.o
       300         54          0          1         44       2628   pc_serial.o
       644         56          0          0         22       2663   pc_uart.o
      2066         48          0        596          0       8759   pid.o
       472         58          0          4          0       9716   port.o
      4156        234        144        212        624       8211   quaternionekf.o
       614         74          0          0         48      10675   remote_control.o
         0          0          0          0          0       1496   segger_rtt.o
       332         22          0          0          0       2528   signalgenerator.o
       288        126          0          4         40       2278   start_task.o
        36          8        392          0      12288        864   startup_stm32f40_41xxx.o
      1654         22          0          0          0       7696   stm32f4xx_can.o
        32          6          0          0          0        592   stm32f4xx_dbgmcu.o
       740         72          0          0          0       7107   stm32f4xx_dma.o
       214          0          0          0          0       1811   stm32f4xx_gpio.o
        28          0          0          0          0     306127   stm32f4xx_it.o
       392         48          0         16          0       5909   stm32f4xx_rcc.o
       400         36          0          0          0       6238   stm32f4xx_tim.o
       696         42          0          0          0       6340   stm32f4xx_usart.o
       340         32          0         20          0       1925   system_stm32f4xx.o
       404         42          0         60          0       2069   systemidentification.o
      2186        350          0         72        740      25277   tasks.o
       848         46          0         28          0       2328   td.o
       388         48          0         24        424       6317   togglebullet.o
        28          0          0          0          0        631   tools.o
       666         20          0         12          0       4924   user_lib.o
        88         28          0          0          0       1052   wifi.o
       180         10          0          0          0       1024   zerocheck.o

    ----------------------------------------------------------------------
     37134       2928       1388       1264      27484     587106   Object Totals
         0          0         32          0          0          0   (incl. Generated)
        44          0          3          9          6          0   (incl. Padding)

    ----------------------------------------------------------------------

      Code (inc. data)   RO Data    RW Data    ZI Data      Debug   Library Member Name

       216         22       1040          0          0      16570   arm_cos_f32.o
       256          0          0          0          0       1426   arm_mat_add_f32.o
         8          0          0          0          0        779   arm_mat_init_f32.o
      1280         10          0          0          0       2726   arm_mat_inverse_f32.o
       248          6          0          0          0       1371   arm_mat_mult_f32.o
       256          0          0          0          0       1426   arm_mat_sub_f32.o
       152          0          0          0          0       1172   arm_mat_trans_f32.o
       216         22       1036          0          0       1382   arm_sin_f32.o
       280         46          0          0          0        176   acosf.o
       300         42          0          0          0        176   asinf.o
       592         90          0          0          0        184   atan2f.o
        38          0          0          0          0        116   fpclassifyf.o
        44         12          0          0          0        464   funder.o
        62          0          0          0          0        136   sqrtf.o
        86          0          0          0          0          0   __dczerorl2.o
         0          0          0          0          0          0   entry.o
         0          0          0          0          0          0   entry10a.o
         0          0          0          0          0          0   entry11a.o
         8          4          0          0          0          0   entry2.o
         4          0          0          0          0          0   entry5.o
         0          0          0          0          0          0   entry7b.o
         0          0          0          0          0          0   entry8b.o
         8          4          0          0          0          0   entry9a.o
        12          6          0          4          0         68   errno.o
        30          0          0          0          0          0   handlers.o
        36          8          0          0          0         68   init.o
         0          0          0          0          0          0   iusefp.o
       108         16          0          0          0         84   malloc.o
        36          0          0          0          0         68   memcpya.o
        36          0          0          0          0        108   memseta.o
         0          0          0          8          0          0   mvars.o
        48          0          0          0          0         68   cdrcmple.o
        38          0          0          0          0         68   f2d.o

    ----------------------------------------------------------------------
      4406        288       2076         12          0      28636   Library Totals
         8          0          0          0          0          0   (incl. Padding)

    ----------------------------------------------------------------------

      Code (inc. data)   RO Data    RW Data    ZI Data      Debug   Library Name

      2632         60       2076          0          0      26852   arm_cortexM4lf_math.lib
      1316        190          0          0          0       1252   m_wm.l
       364         38          0         12          0        396   mc_w.l
        86          0          0          0          0        136   mf_w.l

    ----------------------------------------------------------------------
      4406        288       2076         12          0      28636   Library Totals

    ----------------------------------------------------------------------

==============================================================================


      Code (inc. data)   RO Data    RW Data    ZI Data      Debug   

     41540       3216       3464       1276      27484     589870   Grand Totals
     41540       3216       3464        200      27484     589870   ELF Image Totals (compressed)
     41540       3216       3464        200          0          0   ROM Totals

==============================================================================

    Total RO  Size (Code + RO Data)                45004 (  43.95kB)
    Total RW  Size (RW Data + ZI Data)             28760 (  28.09kB)
    Total ROM Size (Code + RO Data + RW Data)      45204 (  44.14kB)

==============================================================================

